Renesas Optimizing Linker (W3.06.00 )             18-Jan-2025 17:37:39

*** Options ***

-subcommand=LinkerBDF_BCDF_USB_HHID_CK_RX65N_V_2.tmp
-MAKEUD="D:\CAREER_VINH\Git\SovietUnion1970\C_embedded\MICROCONTROLERS\RX65N\USB_HHID\BDF_BCDF_USB_HHID_CK_RX65N_V_2\HardwareDebug/BDF_BCDF_USB_HHID_CK_RX65N_V_2_l.ud" 
-noprelink 
-input=".\src/demo_src\main.obj"
-input=".\src/demo_src\r_usb_hhid_apl.obj"
-input=".\src/smc_gen/general\r_cg_hardware_setup.obj"
-input=".\src/smc_gen/general\r_smc_cgc.obj"
-input=".\src/smc_gen/general\r_smc_cgc_user.obj"
-input=".\src/smc_gen/general\r_smc_interrupt.obj"
-input=".\src/smc_gen/r_bsp/board/generic_rx65n\hwsetup.obj"
-input=".\src/smc_gen/r_bsp/mcu/all\dbsct.obj"
-input=".\src/smc_gen/r_bsp/mcu/all\lowlvl.obj"
-input=".\src/smc_gen/r_bsp/mcu/all\lowsrc.obj"
-input=".\src/smc_gen/r_bsp/mcu/all\mcu_locks.obj"
-input=".\src/smc_gen/r_bsp/mcu/all\r_bsp_common.obj"
-input=".\src/smc_gen/r_bsp/mcu/all\r_bsp_cpu.obj"
-input=".\src/smc_gen/r_bsp/mcu/all\r_bsp_interrupts.obj"
-input=".\src/smc_gen/r_bsp/mcu/all\r_bsp_locking.obj"
-input=".\src/smc_gen/r_bsp/mcu/all\r_bsp_mcu_startup.obj"
-input=".\src/smc_gen/r_bsp/mcu/all\r_bsp_software_interrupt.obj"
-input=".\src/smc_gen/r_bsp/mcu/all\r_rx_intrinsic_functions.obj"
-input=".\src/smc_gen/r_bsp/mcu/all\resetprg.obj"
-input=".\src/smc_gen/r_bsp/mcu/all\sbrk.obj"
-input=".\src/smc_gen/r_bsp/mcu/rx65n\mcu_clocks.obj"
-input=".\src/smc_gen/r_bsp/mcu/rx65n\mcu_init.obj"
-input=".\src/smc_gen/r_bsp/mcu/rx65n\mcu_interrupts.obj"
-input=".\src/smc_gen/r_bsp/mcu/rx65n\mcu_mapped_interrupts.obj"
-input=".\src/smc_gen/r_bsp/mcu/rx65n\vecttbl.obj"
-input=".\src/smc_gen/r_pincfg\Pin.obj"
-input=".\src/smc_gen/r_pincfg\r_usb_basic_pinset.obj"
-input=".\src/smc_gen/r_usb_basic/src/driver\r_rtos_abstract.obj"
-input=".\src/smc_gen/r_usb_basic/src/driver\r_usb_cdataio.obj"
-input=".\src/smc_gen/r_usb_basic/src/driver\r_usb_clibusbip.obj"
-input=".\src/smc_gen/r_usb_basic/src/driver\r_usb_cstd_rtos.obj"
-input=".\src/smc_gen/r_usb_basic/src/driver\r_usb_hbc.obj"
-input=".\src/smc_gen/r_usb_basic/src/driver\r_usb_hcontrolrw.obj"
-input=".\src/smc_gen/r_usb_basic/src/driver\r_usb_hdriver.obj"
-input=".\src/smc_gen/r_usb_basic/src/driver\r_usb_hhubsys.obj"
-input=".\src/smc_gen/r_usb_basic/src/driver\r_usb_hintfifo.obj"
-input=".\src/smc_gen/r_usb_basic/src/driver\r_usb_hinthandler_usbip0.obj"
-input=".\src/smc_gen/r_usb_basic/src/driver\r_usb_hinthandler_usbip1.obj"
-input=".\src/smc_gen/r_usb_basic/src/driver\r_usb_hlibusbip.obj"
-input=".\src/smc_gen/r_usb_basic/src/driver\r_usb_hmanager.obj"
-input=".\src/smc_gen/r_usb_basic/src/driver\r_usb_hscheduler.obj"
-input=".\src/smc_gen/r_usb_basic/src/driver\r_usb_hsignal.obj"
-input=".\src/smc_gen/r_usb_basic/src/driver\r_usb_hstdfunction.obj"
-input=".\src/smc_gen/r_usb_basic/src/driver\r_usb_pbc.obj"
-input=".\src/smc_gen/r_usb_basic/src/driver\r_usb_pcontrolrw.obj"
-input=".\src/smc_gen/r_usb_basic/src/driver\r_usb_pdriver.obj"
-input=".\src/smc_gen/r_usb_basic/src/driver\r_usb_pintfifo.obj"
-input=".\src/smc_gen/r_usb_basic/src/driver\r_usb_pinthandler_usbip0.obj"
-input=".\src/smc_gen/r_usb_basic/src/driver\r_usb_plibusbip.obj"
-input=".\src/smc_gen/r_usb_basic/src/driver\r_usb_psignal.obj"
-input=".\src/smc_gen/r_usb_basic/src/driver\r_usb_pstdfunction.obj"
-input=".\src/smc_gen/r_usb_basic/src/driver\r_usb_pstdrequest.obj"
-input=".\src/smc_gen/r_usb_basic/src/driver\r_usb_usbif_api.obj"
-input=".\src/smc_gen/r_usb_basic/src/driver\r_usb_usbx_port.obj"
-input=".\src/smc_gen/r_usb_basic/src/hw\r_usb_creg_abs.obj"
-input=".\src/smc_gen/r_usb_basic/src/hw\r_usb_creg_access.obj"
-input=".\src/smc_gen/r_usb_basic/src/hw\r_usb_dma.obj"
-input=".\src/smc_gen/r_usb_basic/src/hw\r_usb_hostelectrical.obj"
-input=".\src/smc_gen/r_usb_basic/src/hw\r_usb_hreg_abs.obj"
-input=".\src/smc_gen/r_usb_basic/src/hw\r_usb_hreg_access.obj"
-input=".\src/smc_gen/r_usb_basic/src/hw\r_usb_preg_abs.obj"
-input=".\src/smc_gen/r_usb_basic/src/hw\r_usb_preg_access.obj"
-input=".\src/smc_gen/r_usb_basic/src/hw\r_usb_rx_mcu.obj"
-input=".\src/smc_gen/r_usb_hhid/src\r_usb_hhid_api.obj"
-input=".\src/smc_gen/r_usb_hhid/src\r_usb_hhid_driver.obj"
-library=".\BDF_BCDF_USB_HHID_CK_RX65N_V_2.lib"
-start=SU,SI,B_1,R_1,B_2,R_2,B,R/04,PResetPRG,C_1,C_2,C,C$*,D*,W*,L,P/0FFE00000,EXCEPTVECT/0FFFFFF80,RESETVECT/0FFFFFFFC,BEXRAM_1,REXRAM_1,BEXRAM_2,REXRAM_2,BEXRAM,REXRAM/00800000
-output="BDF_BCDF_USB_HHID_CK_RX65N_V_2.abs" 
-form=absolute 
-nomessage 
-vect=_undefined_interrupt_source_isr 
-list 
-show=symbol 
-nooptimize 
-rom=D=R,D_1=R_1,D_2=R_2,DEXRAM=REXRAM,DEXRAM_1=REXRAM_1,DEXRAM_2=REXRAM_2 
-cpu=RAM=00000000-0003ffff,FIX=00080000-00083fff,FIX=00086000-00087fff,FIX=00088000-0009ffff,FIX=000a0000-000a3fff,RAM=000a4000-000a5fff,FIX=000a6000-000bffff,FIX=000c0000-000dffff,FIX=000e0000-000fffff,ROM=00100000-00107fff,FIX=007fc000-007fcfff,FIX=007fe000-007fffff,RAM=00800000-0085ffff,RAM=fe7f5d00-fe7f5d7f,RAM=fe7f7d70-fe7f7d9f,ROM=ffe00000-ffffffff 
-nologo

*** Error information ***

*** Mapping List ***

SECTION                            START      END         SIZE   ALIGN
SU
                                  00000004  00001003      1000   4
SI
                                  00001004  00001403       400   4
B_1
                                  00001404  0000190e       50b   1
R_1
                                  0000190f  00001965        57   1
B_2
                                  00001966  00001ca9       344   2
R_2
                                  00001caa  00001cab         2   2
B
                                  00001cac  00003347      169c   4
R
                                  00003348  0000363f       2f8   4
BEXRAM_1
                                  00800000  00800000         0   1
REXRAM_1
                                  00800000  00800000         0   1
BEXRAM_2
                                  00800000  00800000         0   1
REXRAM_2
                                  00800000  00800000         0   1
BEXRAM
                                  00800000  00800000         0   1
REXRAM
                                  00800000  00800000         0   1
$ADDR_C_FE7F5D00
                                  fe7f5d00  fe7f5d0b         c   1
$ADDR_C_FE7F5D10
                                  fe7f5d10  fe7f5d13         4   1
$ADDR_C_FE7F5D20
                                  fe7f5d20  fe7f5d23         4   1
$ADDR_C_FE7F5D40
                                  fe7f5d40  fe7f5d43         4   1
$ADDR_C_FE7F5D48
                                  fe7f5d48  fe7f5d4b         4   1
$ADDR_C_FE7F5D50
                                  fe7f5d50  fe7f5d5f        10   1
$ADDR_C_FE7F5D64
                                  fe7f5d64  fe7f5d67         4   1
$ADDR_C_FE7F5D70
                                  fe7f5d70  fe7f5d73         4   1
PResetPRG
                                  ffe00000  ffe00055        56   1
C_1
                                  ffe00056  ffe0013f        ea   1
C_2
                                  ffe00140  ffe0034f       210   2
C
                                  ffe00350  ffe003f7        a8   4
C$DSEC
                                  ffe003f8  ffe0043f        48   4
C$BSEC
                                  ffe00440  ffe0046f        30   4
C$VECT
                                  ffe00470  ffe0086f       400   4
D_1
                                  ffe00870  ffe008c6        57   1
D
                                  ffe008c8  ffe00bbf       2f8   4
DEXRAM
                                  ffe00bc0  ffe00bc0         0   1
DEXRAM_1
                                  ffe00bc0  ffe00bc0         0   1
DEXRAM_2
                                  ffe00bc0  ffe00bc0         0   1
D_2
                                  ffe00bc0  ffe00bc1         2   2
W
                                  ffe00bc4  ffe00bc4         0   4
W_1
                                  ffe00bc4  ffe00bd3        10   1
W_2
                                  ffe00bd4  ffe00c01        2e   2
L
                                  ffe00c04  ffe0123c       639   4
P
                                  ffe0123d  ffe0e928      d6ec   1
EXCEPTVECT
                                  ffffff80  fffffffb        7c   4
RESETVECT
                                  fffffffc  ffffffff         4   4

*** Symbol List ***

SECTION=
FILE=                               START        END    SIZE
  SYMBOL                            ADDR        SIZE    INFO      COUNTS  OPT

SECTION=SU
FILE=.\src\smc_gen\r_bsp\mcu\all\resetprg.obj
                                  00000004  00001003      1000

SECTION=SI
FILE=.\src\smc_gen\r_bsp\mcu\all\resetprg.obj
                                  00001004  00001403       400

SECTION=B_1
FILE=.\src\demo_src\r_usb_hhid_apl.obj
                                  00001404  00001415        12
  _g_data
                                  00001404         8   data ,l         * 
  _g_size
                                  0000140c         1   data ,l         * 
  _g_hid_disp_data
                                  0000140d         9   data ,l         * 
FILE=.\src\smc_gen\r_bsp\mcu\all\lowsrc.obj
                                  00001416  0000143d        28
  _flmod
                                  00001416        14   data ,g         * 
  _sml_buf
                                  0000142a        14   data ,g         * 
FILE=.\src\smc_gen\r_usb_basic\src\driver\r_usb_hmanager.obj
                                  0000143e  0000163d       200
  _g_usb_hstd_class_data
                                  0000143e       200   data ,g         * 
FILE=.\src\smc_gen\r_usb_basic\src\driver\r_usb_hscheduler.obj
                                  0000163e  0000170e        d1
  _usb_scheduler_table_id
                                  0000163e        a0   data ,l         * 
  _usb_scheduler_pri_r
                                  000016de         8   data ,l         * 
  _usb_scheduler_pri_w
                                  000016e6         8   data ,l         * 
  _usb_scheduler_pri
                                  000016ee         b   data ,l         * 
  _usb_scheduler_schedule_flag
                                  000016f9         1   data ,l         * 
  _usb_scheduler_blk_flg
                                  000016fa        14   data ,l         * 
  _usb_scheduler_id_use
                                  0000170e         1   data ,l         * 
FILE=.\src\smc_gen\r_usb_hhid\src\r_usb_hhid_driver.obj
                                  0000170f  0000190e       200
  _g_usb_hhid_string_data
                                  0000170f       200   data ,g         * 

SECTION=R_1
FILE=.\src\demo_src\r_usb_hhid_apl.obj
                                  0000190f  0000190f         1
  _track_id
                                  0000190f         1   data ,g         * 
FILE=.\src\smc_gen\r_usb_basic\src\driver\r_usb_hdriver.obj
                                  00001910  00001910         1
  _is_init$1
                                  00001910         1   data ,l         * 
FILE=.\src\smc_gen\r_usb_basic\src\driver\r_usb_hmanager.obj
                                  00001911  00001911         1
  _is_init$1
                                  00001911         1   data ,l         * 
FILE=.\src\smc_gen\r_usb_basic\src\driver\r_usb_usbif_api.obj
                                  00001912  00001912         1
  _is_init
                                  00001912         1   data ,l         * 
FILE=.\src\smc_gen\r_usb_hhid\src\r_usb_hhid_driver.obj
                                  00001913  00001914         2
  _init$1
                                  00001913         1   data ,l         * 
  _init$2
                                  00001914         1   data ,l         * 
FILE=xfiles
                                  00001915  00001964        50
  _ebuf
                                  00001915        50   data ,l         * 
FILE=xstate
                                  00001965  00001965         1
  __Mbcurmax
                                  00001965         1   data ,g         * 

SECTION=B_2
FILE=.\src\smc_gen\r_bsp\mcu\all\r_bsp_cpu.obj
                                  00001966  0000196d         8
  _s_protect_counters
                                  00001966         8   data ,l         * 
FILE=.\src\smc_gen\r_usb_basic\src\driver\r_usb_cdataio.obj
                                  0000196e  000019d1        64
  _g_usb_pipe_table
                                  0000196e        50   data ,g         * 
  _g_usb_cstd_bemp_skip
                                  000019be        14   data ,g         * 
FILE=.\src\smc_gen\r_usb_basic\src\driver\r_usb_hdriver.obj
                                  000019d2  00001abb        ea
  _usb_shstd_clr_stall_pipe
                                  000019d2         2   data ,l         * 
  _usb_shstd_clr_stall_request
                                  000019d4         a   data ,l         * 
  _g_usb_hstd_device_info
                                  000019de        60   data ,g         * 
  _g_usb_hstd_remort_port
                                  00001a3e         2   data ,g         * 
  _g_usb_hstd_ctsq
                                  00001a40         2   data ,g         * 
  _g_usb_hstd_mgr_mode
                                  00001a42         2   data ,g         * 
  _g_usb_hstd_dcp_register
                                  00001a44         c   data ,g         * 
  _g_usb_hstd_device_addr
                                  00001a50         2   data ,g         * 
  _g_usb_hstd_device_speed
                                  00001a52         2   data ,g         * 
  _g_usb_hstd_device_num
                                  00001a54         2   data ,g         * 
  _g_usb_hstd_ignore_cnt
                                  00001a56        14   data ,g         * 
  _g_usb_hstd_hs_enable
                                  00001a6a         2   data ,g         * 
  _g_usb_ctrl_request
                                  00001a6c        3c   data ,g         * 
  _g_usb_hstd_pipe_request
                                  00001aa8        14   data ,g         * 
FILE=.\src\smc_gen\r_usb_basic\src\driver\r_usb_hinthandler_usbip0.obj
                                  00001abc  00001abd         2
  _g_usb_cstd_int_msg_cnt
                                  00001abc         2   data ,g         * 
FILE=.\src\smc_gen\r_usb_basic\src\driver\r_usb_hmanager.obj
                                  00001abe  00001c05       148
  _usb_shstd_std_request
                                  00001abe         a   data ,l         * 
  _usb_shstd_reg_pointer
                                  00001ac8         2   data ,l         * 
  _usb_shstd_mgr_msginfo
                                  00001aca         2   data ,l         * 
  _usb_shstd_suspend_seq
                                  00001acc         2   data ,l         * 
  _usb_shstd_resume_seq
                                  00001ace         2   data ,l         * 
  _g_usb_hstd_enum_seq
                                  00001ad0         2   data ,g         * 
  _g_usb_hstd_device_descriptor
                                  00001ad2        14   data ,g         * 
  _g_usb_hstd_config_descriptor
                                  00001ae6       100   data ,g         * 
  _g_usb_hstd_suspend_pipe
                                  00001be6        14   data ,g         * 
  _g_usb_hstd_check_enu_result
                                  00001bfa         2   data ,g         * 
  _g_usb_hstd_class_request
                                  00001bfc         a   data ,g         * 
FILE=.\src\smc_gen\r_usb_basic\src\driver\r_usb_hscheduler.obj
                                  00001c06  00001c73        6e
  _usb_scheduler_wait_counter
                                  00001c06        6e   data ,l         * 
FILE=.\src\smc_gen\r_usb_basic\src\driver\r_usb_usbif_api.obj
                                  00001c74  00001c79         6
  _g_usb_change_device_state
                                  00001c74         2   data ,g         * 
  _g_usb_usbmode
                                  00001c76         2   data ,g         * 
  _g_usb_open_class
                                  00001c78         2   data ,g         * 
FILE=.\src\smc_gen\r_usb_basic\src\hw\r_usb_creg_abs.obj
                                  00001c7a  00001c7b         2
  _g_usb_hstd_use_pipe
                                  00001c7a         2   data ,g         * 
FILE=.\src\smc_gen\r_usb_hhid\src\r_usb_hhid_driver.obj
                                  00001c7c  00001ca9        2e
  _g_usb_hhid_request_setup
                                  00001c7c         a   data ,l         * 
  _g_usb_hhid_protocol
                                  00001c86         a   data ,g         * 
  _g_usb_hhid_num_endpoint
                                  00001c90         a   data ,g         * 
  _g_usb_hhid_outpipe_support
                                  00001c9a         a   data ,g         * 
  _g_usb_hhid_devaddr
                                  00001ca4         2   data ,g         * 
  _g_usb_hhid_enum_seq
                                  00001ca6         2   data ,g         * 
  _g_usb_hhid_speed
                                  00001ca8         2   data ,g         * 

SECTION=R_2
FILE=.\src\smc_gen\r_usb_basic\src\driver\r_usb_hstdfunction.obj
                                  00001caa  00001cab         2
  _g_usb_cstd_driver_open
                                  00001caa         2   data ,l         * 

SECTION=B
FILE=.\src\smc_gen\r_bsp\mcu\all\lowsrc.obj
                                  00001cac  00001cfb        50
  __Files
                                  00001cac        50   data ,g         * 
FILE=.\src\smc_gen\r_bsp\mcu\all\mcu_locks.obj
                                  00001cfc  00001ecb       1d0
  _g_bsp_Locks
                                  00001cfc       1d0   data ,g         * 
FILE=.\src\smc_gen\r_bsp\mcu\all\r_bsp_interrupts.obj
                                  00001ecc  0000204f       184
  _g_bsp_vectors
                                  00001ecc       184   data ,l         * 
FILE=.\src\smc_gen\r_bsp\mcu\all\sbrk.obj
                                  00002050  00002453       404
  __s1ptr
                                  00002050         4   data ,g         * 
  _s_heap_area
                                  00002054       400   data ,l         * 
FILE=.\src\smc_gen\r_usb_basic\src\driver\r_usb_hdriver.obj
                                  00002454  000025db       188
  _usb_shstd_clr_stall_ctrl
                                  00002454        30   data ,l         * 
  _usb_shstd_clr_stall_call
                                  00002484         4   data ,l         * 
  _g_usb_hstd_device_drv
                                  00002488        d8   data ,g         * 
  _g_usb_hstd_data_cnt
                                  00002560        28   data ,g         * 
  _g_usb_hstd_data_cnt_pipe0
                                  00002588         4   data ,g         * 
  _gp_usb_hstd_data_ptr
                                  0000258c        28   data ,g         * 
  _g_p_usb_hstd_pipe
                                  000025b4        28   data ,g         * 
FILE=.\src\smc_gen\r_usb_basic\src\driver\r_usb_hinthandler_usbip0.obj
                                  000025dc  000028ab       2d0
  _g_usb_cstd_int_msg
                                  000025dc       2d0   data ,g         * 
FILE=.\src\smc_gen\r_usb_basic\src\driver\r_usb_hmanager.obj
                                  000028ac  00002913        68
  _usb_shstd_std_req_msg
                                  000028ac        30   data ,l         * 
  _p_usb_shstd_mgr_msg
                                  000028dc         4   data ,l         * 
  _usb_shstd_mgr_callback
                                  000028e0         4   data ,l         * 
  _g_usb_hstd_class_ctrl
                                  000028e4        30   data ,g         * 
FILE=.\src\smc_gen\r_usb_basic\src\driver\r_usb_hscheduler.obj
                                  00002914  00003033       720
  _p_usb_scheduler_table_add
                                  00002914       280   data ,l         * 
  _usb_scheduler_block
                                  00002b94       3c0   data ,l         * 
  _p_usb_scheduler_add_use
                                  00002f54         4   data ,l         * 
  _p_usb_scheduler_wait_add
                                  00002f58        dc   data ,l         * 
FILE=.\src\smc_gen\r_usb_basic\src\driver\r_usb_usbif_api.obj
                                  00003034  00003307       2d4
  _g_usb_cstd_event
                                  00003034        f4   data ,g         * 
  _g_usb_hdata
                                  00003128       1e0   data ,g         * 
FILE=.\src\smc_gen\r_usb_hhid\src\r_usb_hhid_driver.obj
                                  00003308  00003343        3c
  _usb_shhid_string_req
                                  00003308        30   data ,l         * 
  _g_p_usb_hhid_config_table
                                  00003338         4   data ,g         * 
  _g_p_usb_hhid_device_table
                                  0000333c         4   data ,g         * 
  _g_p_usb_hhid_interface_table
                                  00003340         4   data ,g         * 
FILE=_errno
                                  00003344  00003347         4
  __errno
                                  00003344         4   data ,g         * 

SECTION=R
FILE=.\src\smc_gen\r_bsp\mcu\all\lowsrc.obj
                                  00003348  0000335b        14
  _env_list
                                  00003348        10   data ,g         * 
  _environ
                                  00003358         4   data ,g         * 
FILE=.\src\smc_gen\r_bsp\mcu\all\sbrk.obj
                                  0000335c  0000335f         4
  _sp_brk
                                  0000335c         4   data ,l         * 
FILE=.\src\smc_gen\r_usb_basic\src\driver\r_usb_cdataio.obj
                                  00003360  000033d7        78
  _g_usb_callback
                                  00003360        78   data ,g         * 
FILE=.\src\smc_gen\r_usb_basic\src\driver\r_usb_clibusbip.obj
                                  000033d8  000033db         4
  _v
                                  000033d8         4   data ,g         * 
FILE=.\src\smc_gen\r_usb_basic\src\driver\r_usb_hmanager.obj
                                  000033dc  000033fb        20
  _g_usb_hstd_enumaration_process
                                  000033dc        20   data ,g         * 
FILE=xfiles
                                  000033fc  000034d3        d8
  __Stdin
                                  000033fc        48   data ,g         * 
  __Stdout
                                  00003444        48   data ,g         * 
  __Stderr
                                  0000348c        48   data ,g         * 
FILE=xprintf
                                  000034d4  000034d7         4
  _stderr
                                  000034d4         4   data ,g         * 
FILE=xctype
                                  000034d8  000034df         8
  __Ctype
                                  000034d8         4   data ,g         * 
  __Tls_setup__Ctype
                                  000034dc         4   data ,g         * 
FILE=malloc
                                  000034e0  000034e7         8
  __Aldata
                                  000034e0         8   data ,g         * 
FILE=xstate
                                  000034e8  0000352f        48
  __Tls_setup__Mbcurmax
                                  000034e8         4   data ,g         * 
  __Mbstate
                                  000034ec        40   data ,g         * 
  __Tls_setup__Mbstate
                                  0000352c         4   data ,g         * 
FILE=localeco
                                  00003530  00003583        54
  __Locale
                                  00003530        50   data ,g         * 
  __Tls_setup__Locale
                                  00003580         4   data ,g         * 
FILE=xwcstate
                                  00003584  000035c7        44
  __Wcstate
                                  00003584        40   data ,g         * 
  __Tls_setup__Wcstate
                                  000035c4         4   data ,g         * 
FILE=xfvalues
                                  000035c8  0000363f        78
  __FDenorm
                                  000035c8        10   data ,g         * 
  __FEps
                                  000035d8        10   data ,g         * 
  __FHugeval
                                  000035e8        10   data ,g         * 
  __FInf
                                  000035f8        10   data ,g         * 
  __FNan
                                  00003608        10   data ,g         * 
  __FSnan
                                  00003618        10   data ,g         * 
  __FRteps
                                  00003628        10   data ,g         * 
  __FXbig
                                  00003638         4   data ,g         * 
  __FZero
                                  0000363c         4   data ,g         * 

SECTION=$ADDR_C_FE7F5D00
FILE=.\src\smc_gen\r_bsp\mcu\rx65n\vecttbl.obj
                                  fe7f5d00  fe7f5d0b         c
  ___MDEreg
                                  fe7f5d00         4   data ,g         * 
  ___OFS0reg
                                  fe7f5d04         4   data ,g         * 
  ___OFS1reg
                                  fe7f5d08         4   data ,g         * 

SECTION=$ADDR_C_FE7F5D10
FILE=.\src\smc_gen\r_bsp\mcu\rx65n\vecttbl.obj
                                  fe7f5d10  fe7f5d13         4
  ___TMINFreg
                                  fe7f5d10         4   data ,g         * 

SECTION=$ADDR_C_FE7F5D20
FILE=.\src\smc_gen\r_bsp\mcu\rx65n\vecttbl.obj
                                  fe7f5d20  fe7f5d23         4
  ___BANKSELreg
                                  fe7f5d20         4   data ,g         * 

SECTION=$ADDR_C_FE7F5D40
FILE=.\src\smc_gen\r_bsp\mcu\rx65n\vecttbl.obj
                                  fe7f5d40  fe7f5d43         4
  ___SPCCreg
                                  fe7f5d40         4   data ,g         * 

SECTION=$ADDR_C_FE7F5D48
FILE=.\src\smc_gen\r_bsp\mcu\rx65n\vecttbl.obj
                                  fe7f5d48  fe7f5d4b         4
  ___TMEFreg
                                  fe7f5d48         4   data ,g         * 

SECTION=$ADDR_C_FE7F5D50
FILE=.\src\smc_gen\r_bsp\mcu\rx65n\vecttbl.obj
                                  fe7f5d50  fe7f5d5f        10
  ___OSIS1reg
                                  fe7f5d50         4   data ,g         * 
  ___OSIS2reg
                                  fe7f5d54         4   data ,g         * 
  ___OSIS3reg
                                  fe7f5d58         4   data ,g         * 
  ___OSIS4reg
                                  fe7f5d5c         4   data ,g         * 

SECTION=$ADDR_C_FE7F5D64
FILE=.\src\smc_gen\r_bsp\mcu\rx65n\vecttbl.obj
                                  fe7f5d64  fe7f5d67         4
  ___FAWreg
                                  fe7f5d64         4   data ,g         * 

SECTION=$ADDR_C_FE7F5D70
FILE=.\src\smc_gen\r_bsp\mcu\rx65n\vecttbl.obj
                                  fe7f5d70  fe7f5d73         4
  ___ROMCODEreg
                                  fe7f5d70         4   data ,g         * 

SECTION=PResetPRG
FILE=.\src\smc_gen\r_bsp\mcu\all\resetprg.obj
                                  ffe00000  ffe00055        56
  _PowerON_Reset_PC
                                  ffe00000        56   entry,g         * 

SECTION=C_1
FILE=.\src\smc_gen\r_usb_basic\src\driver\r_usb_cdataio.obj
                                  ffe00056  ffe0006d        18
  _g_usb_pipe_host
                                  ffe00056        18   data ,l         * 
FILE=xprintf
                                  ffe0006e  ffe00077         a
  _fchar$1
                                  ffe0006e         a   data ,l         * 
FILE=xputtxt
                                  ffe00078  ffe0011c        a5
  _spaces
                                  ffe00078        21   data ,l         * 
  _zeroes
                                  ffe00099        21   data ,l         * 
  _asterisk
                                  ffe000ba        21   data ,l         * 
  _plus
                                  ffe000db        21   data ,l         * 
  _minus
                                  ffe000fc        21   data ,l         * 
FILE=xlitob
                                  ffe0011d  ffe0013e        22
  _ldigs
                                  ffe0011d        11   data ,l         * 
  _udigs
                                  ffe0012e        11   data ,l         * 
FILE=localeco
                                  ffe0013f  ffe0013f         1
  _null
                                  ffe0013f         1   data ,l         * 

SECTION=C_2
FILE=.\src\smc_gen\r_bsp\mcu\all\r_bsp_cpu.obj
                                  ffe00140  ffe00145         6
  _s_prcr_masks
                                  ffe00140         6   data ,l         * 
FILE=.\src\smc_gen\r_usb_hhid\src\r_usb_hhid_driver.obj
                                  ffe00146  ffe0014d         8
  _g_usb_hhid_devicetpl
                                  ffe00146         8   data ,g         * 
FILE=xctype
                                  ffe0014e  ffe0034f       202
  _ctyp_tab
                                  ffe0014e       202   data ,l         * 

SECTION=C
FILE=.\src\smc_gen\r_bsp\mcu\all\dbsct.obj
                                  ffe00350  ffe00367        18
  __CTBL
                                  ffe00350        18   data ,g         * 
FILE=_nfiles
                                  ffe00368  ffe0036b         4
  __nfiles
                                  ffe00368         4   data ,g         * 
FILE=xfoprep
                                  ffe0036c  ffe003b3        48
  _init$1
                                  ffe0036c        48   data ,l         * 
FILE=xprintf
                                  ffe003b4  ffe003cb        18
  _fbit$2
                                  ffe003b4        18   data ,l         * 
FILE=xfopen
                                  ffe003cc  ffe003db        10
  _rwacc$1
                                  ffe003cc        10   data ,l         * 
FILE=xldtob
                                  ffe003dc  ffe003f3        18
  _pows
                                  ffe003dc        18   data ,l         * 
FILE=_sbrk_si
                                  ffe003f4  ffe003f7         4
  __sbrk_size
                                  ffe003f4         4   data ,g         * 

SECTION=C$DSEC
FILE=.\src\smc_gen\r_bsp\mcu\all\dbsct.obj
                                  ffe003f8  ffe0043f        48
  __DTBL
                                  ffe003f8        48   data ,g         * 

SECTION=C$BSEC
FILE=.\src\smc_gen\r_bsp\mcu\all\dbsct.obj
                                  ffe00440  ffe0046f        30
  __BTBL
                                  ffe00440        30   data ,g         * 

SECTION=C$VECT
FILE=.\src\smc_gen\r_bsp\mcu\all\resetprg.obj
                                  ffe00470  ffe0086f       400

SECTION=D_1
FILE=.\src\demo_src\r_usb_hhid_apl.obj
                                  ffe00870  ffe00870         1
FILE=.\src\smc_gen\r_usb_basic\src\driver\r_usb_hdriver.obj
                                  ffe00871  ffe00871         1
FILE=.\src\smc_gen\r_usb_basic\src\driver\r_usb_hmanager.obj
                                  ffe00872  ffe00872         1
FILE=.\src\smc_gen\r_usb_basic\src\driver\r_usb_usbif_api.obj
                                  ffe00873  ffe00873         1
FILE=.\src\smc_gen\r_usb_hhid\src\r_usb_hhid_driver.obj
                                  ffe00874  ffe00875         2
FILE=xfiles
                                  ffe00876  ffe008c5        50
FILE=xstate
                                  ffe008c6  ffe008c6         1

SECTION=D
FILE=.\src\smc_gen\r_bsp\mcu\all\lowsrc.obj
                                  ffe008c8  ffe008db        14
FILE=.\src\smc_gen\r_bsp\mcu\all\sbrk.obj
                                  ffe008dc  ffe008df         4
FILE=.\src\smc_gen\r_usb_basic\src\driver\r_usb_cdataio.obj
                                  ffe008e0  ffe00957        78
FILE=.\src\smc_gen\r_usb_basic\src\driver\r_usb_clibusbip.obj
                                  ffe00958  ffe0095b         4
FILE=.\src\smc_gen\r_usb_basic\src\driver\r_usb_hmanager.obj
                                  ffe0095c  ffe0097b        20
FILE=xfiles
                                  ffe0097c  ffe00a53        d8
FILE=xprintf
                                  ffe00a54  ffe00a57         4
FILE=xctype
                                  ffe00a58  ffe00a5f         8
FILE=malloc
                                  ffe00a60  ffe00a67         8
FILE=xstate
                                  ffe00a68  ffe00aaf        48
FILE=localeco
                                  ffe00ab0  ffe00b03        54
FILE=xwcstate
                                  ffe00b04  ffe00b47        44
FILE=xfvalues
                                  ffe00b48  ffe00bbf        78

SECTION=D_2
FILE=.\src\smc_gen\r_usb_basic\src\driver\r_usb_hstdfunction.obj
                                  ffe00bc0  ffe00bc1         2

SECTION=W_1
FILE=.\src\smc_gen\r_bsp\mcu\all\r_bsp_cpu.obj
                                  ffe00bc4  ffe00bd3        10

SECTION=W_2
FILE=.\src\smc_gen\r_usb_basic\src\driver\r_usb_hdriver.obj
                                  ffe00bd4  ffe00c01        2e

SECTION=L
FILE=.\src\demo_src\r_usb_hhid_apl.obj
                                  ffe00c04  ffe00d0d       10a
FILE=.\src\smc_gen\r_bsp\mcu\all\dbsct.obj
                                  ffe00d10  ffe00d13         4
  _deadSpace
                                  ffe00d10         4   data ,g         * 
FILE=.\src\smc_gen\r_bsp\mcu\all\lowsrc.obj
                                  ffe00d14  ffe00d55        42
FILE=.\src\smc_gen\r_bsp\mcu\rx65n\mcu_clocks.obj
                                  ffe00d58  ffe00d63         c
FILE=.\src\smc_gen\r_usb_basic\src\driver\r_usb_cdataio.obj
                                  ffe00d64  ffe00d79        16
FILE=.\src\smc_gen\r_usb_basic\src\driver\r_usb_clibusbip.obj
                                  ffe00d7c  ffe00e35        ba
FILE=.\src\smc_gen\r_usb_basic\src\driver\r_usb_hcontrolrw.obj
                                  ffe00e38  ffe00e69        32
FILE=.\src\smc_gen\r_usb_basic\src\driver\r_usb_hdriver.obj
                                  ffe00e6c  ffe00fe2       177
FILE=.\src\smc_gen\r_usb_basic\src\driver\r_usb_hintfifo.obj
                                  ffe00fe4  ffe01016        33
FILE=.\src\smc_gen\r_usb_basic\src\driver\r_usb_hlibusbip.obj
                                  ffe01018  ffe01053        3c
FILE=.\src\smc_gen\r_usb_basic\src\driver\r_usb_hmanager.obj
                                  ffe01054  ffe0119f       14c
FILE=.\src\smc_gen\r_usb_basic\src\hw\r_usb_creg_access.obj
                                  ffe011a0  ffe011af        10
FILE=.\src\smc_gen\r_usb_basic\src\hw\r_usb_hreg_abs.obj
                                  ffe011b0  ffe011ec        3d
FILE=.\src\smc_gen\r_usb_basic\src\hw\r_usb_hreg_access.obj
                                  ffe011f0  ffe011fe         f
FILE=xprintf
                                  ffe01200  ffe01206         7
FILE=xldtob
                                  ffe01208  ffe01229        22
FILE=xgenld
                                  ffe0122c  ffe0122d         2
FILE=localeco
                                  ffe01230  ffe0123c         d

SECTION=P
FILE=.\src\demo_src\main.obj
                                  ffe0123d  ffe01241         5
  _main
                                  ffe0123d         5   func ,g         * 
FILE=.\src\demo_src\r_usb_hhid_apl.obj
                                  ffe01242  ffe01665       424
  _hid_val_to_str
                                  ffe01242        94   func ,l         * 
  _hid_receive_data
                                  ffe012d6        33   func ,g         * 
  _hid_kbd_data
                                  ffe01309       16f   func ,l         * 
  _hid_mse_data
                                  ffe01478        af   func ,l         * 
  _usb_main
                                  ffe01527        c9   func ,g         * 
  _set_size
                                  ffe015f0        18   func ,l         * 
  _get_size
                                  ffe01608         e   func ,l         * 
  _usb_pin_setting
                                  ffe01616         5   func ,l         * 
  _set_protocol
                                  ffe0161b        4a   func ,l         * 
  _apl_init
                                  ffe01665         1   func ,l         * 
FILE=.\src\smc_gen\general\r_cg_hardware_setup.obj
                                  ffe01666  ffe016ad        48
  _r_undefined_exception
                                  ffe01666         1   func ,g         * 
  _R_Systeminit
                                  ffe01667        47   func ,g         * 
FILE=.\src\smc_gen\general\r_smc_cgc.obj
                                  ffe016ae  ffe016b2         5
  _R_CGC_Create
                                  ffe016ae         5   func ,g         * 
FILE=.\src\smc_gen\general\r_smc_cgc_user.obj
                                  ffe016b3  ffe016b3         1
  _R_CGC_Create_UserInit
                                  ffe016b3         1   func ,g         * 
FILE=.\src\smc_gen\general\r_smc_interrupt.obj
                                  ffe016b4  ffe016b4         1
  _R_Interrupt_Create
                                  ffe016b4         1   func ,g         * 
FILE=.\src\smc_gen\r_bsp\board\generic_rx65n\hwsetup.obj
                                  ffe016b5  ffe01783        cf
  _hardware_setup
                                  ffe016b5        14   func ,g         * 
  _output_ports_configure
                                  ffe016c9         2   func ,l         * 
  _interrupts_configure
                                  ffe016cb         2   func ,l         * 
  _peripheral_modules_enable
                                  ffe016cd         5   func ,l         * 
  _bsp_adc_initial_configure
                                  ffe016d2        70   func ,l         * 
  _bsp_bsc_initial_configure
                                  ffe01742        42   func ,l         * 
FILE=.\src\smc_gen\r_bsp\mcu\all\lowlvl.obj
                                  ffe01784  ffe017bd        3a
  _charput
                                  ffe01784        1d   func ,g         * 
  _charget
                                  ffe017a1        1d   func ,g         * 
FILE=.\src\smc_gen\r_bsp\mcu\all\lowsrc.obj
                                  ffe017be  ffe01aa3       2e6
  _init_iolib
                                  ffe017be        e8   func ,g         * 
  _close_all
                                  ffe018a6        3e   func ,g         * 
  _open
                                  ffe018e4        a7   func ,g         * 
  _close
                                  ffe0198b         b   func ,g         * 
  _write
                                  ffe01996        8c   func ,g         * 
  _read
                                  ffe01a22        71   func ,g         * 
  _lseek
                                  ffe01a93        11   func ,g         * 
FILE=.\src\smc_gen\r_bsp\mcu\all\r_bsp_common.obj
                                  ffe01aa4  ffe01bd1       12e
  _R_BSP_GetVersion
                                  ffe01aa4         e   func ,g         * 
  _R_BSP_GetIClkFreqHz
                                  ffe01ab2         a   func ,g         * 
  _R_BSP_SoftwareDelay
                                  ffe01abc       116   func ,g         * 
FILE=.\src\smc_gen\r_bsp\mcu\all\r_bsp_cpu.obj
                                  ffe01bd2  ffe01de6       215
  _R_BSP_InterruptsDisable
                                  ffe01bd2        17   func ,g         * 
  _R_BSP_InterruptsEnable
                                  ffe01be9        17   func ,g         * 
  _R_BSP_CpuInterruptLevelRead
                                  ffe01c00        1d   func ,g         * 
  _R_BSP_CpuInterruptLevelWrite
                                  ffe01c1d        84   func ,g         * 
  _R_BSP_RegisterProtectEnable
                                  ffe01ca1        84   func ,g         * 
  _R_BSP_RegisterProtectDisable
                                  ffe01d25        6c   func ,g         * 
  _R_BSP_SoftwareReset
                                  ffe01d91        11   func ,g         * 
  _bsp_register_protect_open
                                  ffe01da2        22   func ,g         * 
  _bsp_ram_initialize
                                  ffe01dc4        23   func ,g         * 
FILE=.\src\smc_gen\r_bsp\mcu\all\r_bsp_interrupts.obj
                                  ffe01de7  ffe026bd       8d7
  _R_BSP_InterruptRequestEnable
                                  ffe01de7        21   func ,g         * 
  _R_BSP_InterruptRequestDisable
                                  ffe01e08        21   func ,g         * 
  _bsp_interrupt_open
                                  ffe01e29        2b   func ,g         * 
  _R_BSP_InterruptWrite
                                  ffe01e54        77   func ,g         * 
  _R_BSP_InterruptRead
                                  ffe01ecb        51   func ,g         * 
  _R_BSP_InterruptControl
                                  ffe01f1c        ea   func ,g         * 
  _bsp_fit_interrupts_control
                                  ffe02006        77   func ,l         * 
  _bsp_gr_int_enable_disable
                                  ffe0207d       3b7   func ,l         * 
  _excep_supervisor_inst_isr
                                  ffe02434        17   func ,g         * 
  _excep_access_isr
                                  ffe0244b        17   func ,g         * 
  _excep_undefined_inst_isr
                                  ffe02462        17   func ,g         * 
  _excep_floating_point_isr
                                  ffe02479        29   func ,g         * 
  _non_maskable_isr
                                  ffe024a2       1e7   func ,g         * 
  _undefined_interrupt_source_isr
                                  ffe02689        17   func ,g         * 
  _bus_error_isr
                                  ffe026a0        1e   func ,g         * 
FILE=.\src\smc_gen\r_bsp\mcu\all\r_bsp_locking.obj
                                  ffe026be  ffe02722        65
  _R_BSP_SoftwareLock
                                  ffe026be        27   func ,g         * 
  _R_BSP_SoftwareUnlock
                                  ffe026e5         e   func ,g         * 
  _R_BSP_HardwareLock
                                  ffe026f3        18   func ,g         * 
  _R_BSP_HardwareUnlock
                                  ffe0270b        18   func ,g         * 
FILE=.\src\smc_gen\r_bsp\mcu\all\r_rx_intrinsic_functions.obj
                                  ffe02723  ffe027c1        9f
  _R_BSP_ChangeToUserMode
                                  ffe02723        20   func ,g         * 
  _R_BSP_SetBPSW
                                  ffe02743         4   func ,g         * 
  _R_BSP_GetBPSW
                                  ffe02747        13   func ,g         * 
  _R_BSP_SetBPC
                                  ffe0275a         4   func ,g         * 
  _R_BSP_GetBPC
                                  ffe0275e        13   func ,g         * 
  _R_BSP_SetEXTB
                                  ffe02771         4   func ,g         * 
  _R_BSP_GetEXTB
                                  ffe02775        13   func ,g         * 
  _R_BSP_MoveToAccHiLong
                                  ffe02788         4   func ,g         * 
  _R_BSP_MoveToAccLoLong
                                  ffe0278c         4   func ,g         * 
  _R_BSP_MoveFromAccHiLong
                                  ffe02790        13   func ,g         * 
  _R_BSP_MoveFromAccMiLong
                                  ffe027a3        13   func ,g         * 
  _R_BSP_BitSet
                                  ffe027b6         4   func ,g         * 
  _R_BSP_BitClear
                                  ffe027ba         4   func ,g         * 
  _R_BSP_BitReverse
                                  ffe027be         4   func ,g         * 
FILE=.\src\smc_gen\r_bsp\mcu\all\sbrk.obj
                                  ffe027c2  ffe027fd        3c
  _sbrk
                                  ffe027c2        3c   func ,g         * 
FILE=.\src\smc_gen\r_bsp\mcu\rx65n\mcu_clocks.obj
                                  ffe027fe  ffe02b02       305
  _get_iclk_freq_hz
                                  ffe027fe        d4   func ,g         * 
  _mcu_clock_setup
                                  ffe028d2         4   func ,g         * 
  _operating_frequency_set
                                  ffe028d6        ba   func ,l         * 
  _clock_source_select
                                  ffe02990       173   func ,l         * 
FILE=.\src\smc_gen\r_bsp\mcu\rx65n\mcu_init.obj
                                  ffe02b03  ffe02ba6        a4
  _bsp_non_existent_port_init
                                  ffe02b03        a4   func ,g         * 
FILE=.\src\smc_gen\r_bsp\mcu\rx65n\mcu_interrupts.obj
                                  ffe02ba7  ffe035b3       a0d
  _bsp_interrupt_enable_disable
                                  ffe02ba7       143   func ,g         * 
  _group_bl0_handler_isr
                                  ffe02cea       374   func ,l         * 
  _group_bl1_handler_isr
                                  ffe0305e       2e0   func ,l         * 
  _group_bl2_handler_isr
                                  ffe0333e        2e   func ,l         * 
  _group_al0_handler_isr
                                  ffe0336c       13c   func ,l         * 
  _group_al1_handler_isr
                                  ffe034a8        a6   func ,l         * 
  _group_be0_handler_isr
                                  ffe0354e        66   func ,l         * 
FILE=.\src\smc_gen\r_bsp\mcu\rx65n\mcu_mapped_interrupts.obj
                                  ffe035b4  ffe03a32       47f
  _bsp_mapped_interrupt_open
                                  ffe035b4       47f   func ,g         * 
FILE=.\src\smc_gen\r_pincfg\Pin.obj
                                  ffe03a33  ffe03a65        33
  _R_Pins_Create
                                  ffe03a33        33   func ,g         * 
FILE=.\src\smc_gen\r_pincfg\r_usb_basic_pinset.obj
                                  ffe03a66  ffe03a90        2b
  _R_USB_PinSet_USB0_HOST
                                  ffe03a66        2b   func ,g         * 
FILE=.\src\smc_gen\r_usb_basic\src\driver\r_usb_cdataio.obj
                                  ffe03a91  ffe03e30       3a0
  _usb_cstd_debug_hook
                                  ffe03a91         6   func ,g         * 
  _usb_ctrl_read
                                  ffe03a97        ed   func ,g         * 
  _usb_ctrl_write
                                  ffe03b84        d1   func ,g         * 
  _usb_ctrl_stop
                                  ffe03c55        2b   func ,g         * 
  _usb_data_read
                                  ffe03c80        a5   func ,g         * 
  _usb_data_write
                                  ffe03d25        84   func ,g         * 
  _usb_data_stop
                                  ffe03da9        4e   func ,g         * 
  _usb_get_usepipe
                                  ffe03df7        3a   func ,g         * 
FILE=.\src\smc_gen\r_usb_basic\src\driver\r_usb_clibusbip.obj
                                  ffe03e31  ffe0416f       33f
  _usb_cstd_nrdy_enable
                                  ffe03e31        18   func ,g         * 
  _usb_cstd_get_pid
                                  ffe03e49        28   func ,g         * 
  _usb_cstd_get_maxpacket_size
                                  ffe03e71        43   func ,g         * 
  _usb_cstd_get_pipe_dir
                                  ffe03eb4        2f   func ,g         * 
  _usb_cstd_get_pipe_type
                                  ffe03ee3        31   func ,g         * 
  _usb_cstd_do_aclrm
                                  ffe03f14        20   func ,g         * 
  _usb_cstd_set_buf
                                  ffe03f34        81   func ,g         * 
  _usb_cstd_clr_stall
                                  ffe03fb5        22   func ,g         * 
  _usb_cstd_port_speed
                                  ffe03fd7        3f   func ,g         * 
  _usb_set_event
                                  ffe04016        52   func ,g         * 
  _usb_cstd_usb_task
                                  ffe04068       101   func ,g         * 
  _usb_class_task
                                  ffe04169         7   func ,g         * 
FILE=.\src\smc_gen\r_usb_basic\src\driver\r_usb_hcontrolrw.obj
                                  ffe04170  ffe047ae       63f
  _usb_hstd_ctrl_write_start
                                  ffe04170       11f   func ,g         * 
  _usb_hstd_ctrl_read_start
                                  ffe0428f        ce   func ,g         * 
  _usb_hstd_status_start
                                  ffe0435d        ee   func ,g         * 
  _usb_hstd_ctrl_end
                                  ffe0444b       186   func ,g         * 
  _usb_hstd_setup_start
                                  ffe045d1       1de   func ,g         * 
FILE=.\src\smc_gen\r_usb_basic\src\driver\r_usb_hdriver.obj
                                  ffe047af  ffe05d22      1574
  _usb_hstd_dev_descriptor
                                  ffe047af        15   func ,g         * 
  _usb_hstd_con_descriptor
                                  ffe047c4        14   func ,g         * 
  _usb_hstd_transfer_start_req
                                  ffe047d8        e0   func ,g         * 
  _usb_hstd_device_resume
                                  ffe048b8        15   func ,g         * 
  _usb_hstd_hcd_snd_mbx
                                  ffe048cd        73   func ,g         * 
  _usb_hstd_mgr_snd_mbx
                                  ffe04940        66   func ,g         * 
  _usb_hstd_hcd_rel_mpl
                                  ffe049a6        12   func ,g         * 
  _usb_hstd_suspend
                                  ffe049b8        50   func ,g         * 
  _usb_hstd_set_submitutr
                                  ffe04a08       193   func ,l         * 
  _usb_hstd_set_retransfer
                                  ffe04b9b        28   func ,l         * 
  _usb_hstd_bus_int_disable
                                  ffe04bc3        16   func ,g         * 
  _usb_hstd_interrupt
                                  ffe04bd9       29b   func ,l         * 
  _usb_hstd_clr_feature
                                  ffe04e74       14f   func ,g         * 
  _usb_hstd_clr_stall
                                  ffe04fc3        40   func ,g         * 
  _usb_hstd_clr_stall_result
                                  ffe05003        61   func ,l         * 
  _usb_hstd_hcd_task
                                  ffe05064       464   func ,g         * 
  _usb_hstd_send_start
                                  ffe054c8        ca   func ,g         * 
  _usb_hstd_fifo_to_buf
                                  ffe05592        88   func ,g         * 
  _usb_hstd_buf_to_fifo
                                  ffe0561a        85   func ,g         * 
  _usb_class_request_complete
                                  ffe0569f        72   func ,g         * 
  _usb_hstd_transfer_end
                                  ffe05711        7e   func ,g         * 
  _usb_hstd_driver_registration
                                  ffe0578f        ae   func ,g         * 
  _usb_hstd_driver_release
                                  ffe0583d        52   func ,g         * 
  _usb_hstd_set_pipe_info
                                  ffe0588f        6a   func ,g         * 
  _usb_hstd_return_enu_mgr
                                  ffe058f9        22   func ,g         * 
  _usb_hstd_change_device_state
                                  ffe0591b        c9   func ,g         * 
  _usb_hstd_hcd_open
                                  ffe059e4       1b2   func ,g         * 
  _usb_hstd_dummy_function
                                  ffe05b96         a   func ,g         * 
  _usb_hstd_suspend_complete
                                  ffe05ba0        30   func ,g         * 
  _usb_hstd_resume_complete
                                  ffe05bd0        30   func ,g         * 
  _usb_hstd_device_information
                                  ffe05c00        be   func ,g         * 
  _usb_host_registration
                                  ffe05cbe        13   func ,g         * 
  _usb_hstd_transfer_start
                                  ffe05cd1        31   func ,g         * 
  _usb_hstd_connect_err_event_set
                                  ffe05d02        21   func ,g         * 
FILE=.\src\smc_gen\r_usb_basic\src\driver\r_usb_hintfifo.obj
                                  ffe05d23  ffe06023       301
  _usb_hstd_brdy_pipe
                                  ffe05d23       16c   func ,g         * 
  _usb_hstd_nrdy_pipe
                                  ffe05e8f        74   func ,g         * 
  _usb_hstd_bemp_pipe
                                  ffe05f03       121   func ,g         * 
FILE=.\src\smc_gen\r_usb_basic\src\driver\r_usb_hinthandler_usbip0.obj
                                  ffe06024  ffe060c5        a2
  _usb_hstd_usb_handler
                                  ffe06024        62   func ,g         * 
  _usb_hstd_init_usb_message
                                  ffe06086        40   func ,g         * 
FILE=.\src\smc_gen\r_usb_basic\src\driver\r_usb_hlibusbip.obj
                                  ffe060c6  ffe06e3c       d77
  _usb_hstd_set_dev_addr
                                  ffe060c6        22   func ,g         * 
  _usb_hstd_bchg_enable
                                  ffe060e8        10   func ,g         * 
  _usb_hstd_bchg_disable
                                  ffe060f8        10   func ,g         * 
  _usb_hstd_set_uact
                                  ffe06108        10   func ,g         * 
  _usb_hstd_ovrcr_enable
                                  ffe06118        10   func ,g         * 
  _usb_hstd_ovrcr_disable
                                  ffe06128        10   func ,g         * 
  _usb_hstd_attch_enable
                                  ffe06138        10   func ,g         * 
  _usb_hstd_attch_disable
                                  ffe06148        10   func ,g         * 
  _usb_hstd_dtch_enable
                                  ffe06158        10   func ,g         * 
  _usb_hstd_dtch_disable
                                  ffe06168        10   func ,g         * 
  _usb_hstd_chk_dev_addr
                                  ffe06178        29   func ,g         * 
  _usb_hstd_get_dev_speed
                                  ffe061a1        29   func ,g         * 
  _usb_hstd_pipe_to_epadr
                                  ffe061ca        40   func ,g         * 
  _usb_hstd_pipe2fport
                                  ffe0620a        1d   func ,g         * 
  _usb_hstd_berne_enable
                                  ffe06227         e   func ,g         * 
  _usb_hstd_sw_reset
                                  ffe06235        16   func ,g         * 
  _usb_hstd_do_sqtgl
                                  ffe0624b        29   func ,g         * 
  _usb_hstd_get_devsel
                                  ffe06274        44   func ,g         * 
  _usb_hstd_get_device_address
                                  ffe062b8        6c   func ,g         * 
  _usb_hstd_write_data
                                  ffe06324       165   func ,g         * 
  _usb_hstd_receive_start
                                  ffe06489        fe   func ,g         * 
  _usb_hstd_read_data
                                  ffe06587       150   func ,g         * 
  _usb_hstd_data_end
                                  ffe066d7       143   func ,g         * 
  _usb_hstd_brdy_pipe_process
                                  ffe0681a        a6   func ,g         * 
  _usb_hstd_nrdy_pipe_process
                                  ffe068c0        9b   func ,g         * 
  _usb_hstd_bemp_pipe_process
                                  ffe0695b       136   func ,g         * 
  _usb_hstd_make_pipe_reg_info
                                  ffe06a91       10e   func ,g         * 
  _usb_hstd_clr_pipe_table
                                  ffe06b9f        b0   func ,g         * 
  _usb_hstd_clr_pipe_table_ip
                                  ffe06c4f        88   func ,g         * 
  _usb_hstd_set_pipe_reg
                                  ffe06cd7        8d   func ,g         * 
  _usb_hstd_get_pipe_no
                                  ffe06d64        80   func ,g         * 
  _usb_hstd_get_pipe_peri_value
                                  ffe06de4        59   func ,g         * 
FILE=.\src\smc_gen\r_usb_basic\src\driver\r_usb_hmanager.obj
                                  ffe06e3d  ffe08ef6      20ba
  _usb_hstd_mgr_rel_mpl
                                  ffe06e3d        1d   func ,l         * 
  _usb_hstd_mgr_chgdevst_cb
                                  ffe06e5a        40   func ,l         * 
  _usb_hstd_enumeration
                                  ffe06e9a       3a8   func ,l         * 
  _usb_hstd_enumeration_err
                                  ffe07242         6   func ,l         * 
  _usb_hstd_chk_device_class
                                  ffe07248       2c9   func ,l         * 
  _usb_hstd_notif_ator_detach
                                  ffe07511        16   func ,g         * 
  _usb_hstd_ovcr_notifiation
                                  ffe07527        12   func ,g         * 
  _usb_hstd_status_result
                                  ffe07539        18   func ,g         * 
  _usb_hstd_submit_result
                                  ffe07551        18   func ,g         * 
  _usb_hstd_enum_get_descriptor
                                  ffe07569       3a8   func ,g         * 
  _usb_hstd_enum_set_address
                                  ffe07911       14d   func ,g         * 
  _usb_hstd_enum_set_configuration
                                  ffe07a5e       14d   func ,g         * 
  _usb_hstd_enum_dummy_request
                                  ffe07bab         a   func ,g         * 
  _usb_hstd_mgr_suspend
                                  ffe07bb5        a0   func ,g         * 
  _usb_hstd_device_state_ctrl
                                  ffe07c55        2e   func ,g         * 
  _usb_hstd_device_state_ctrl2
                                  ffe07c83        38   func ,g         * 
  _usb_hstd_mgr_reset
                                  ffe07cbb        2b   func ,g         * 
  _usb_hstd_mgr_resume
                                  ffe07ce6        65   func ,g         * 
  _usb_hstd_susp_cont
                                  ffe07d4b        ca   func ,l         * 
  _usb_hstd_resu_cont
                                  ffe07e15       1a5   func ,l         * 
  _usb_hstd_chk_remote
                                  ffe07fba        22   func ,l         * 
  _usb_hstd_cmd_submit
                                  ffe07fdc        d7   func ,l         * 
  _usb_hstd_set_feature
                                  ffe080b3        a3   func ,g         * 
  _usb_hstd_get_config_desc
                                  ffe08156        ce   func ,g         * 
  _usb_hstd_std_req_check
                                  ffe08224        2c   func ,g         * 
  _usb_hstd_get_string_desc
                                  ffe08250        f8   func ,g         * 
  _usb_hstd_mgr_task
                                  ffe08348       93a   func ,g         * 
  _usb_hstd_mgr_open
                                  ffe08c82       275   func ,g         * 
FILE=.\src\smc_gen\r_usb_basic\src\driver\r_usb_hscheduler.obj
                                  ffe08ef7  ffe09417       521
  _usb_cstd_rec_msg
                                  ffe08ef7        4b   func ,g         * 
  _usb_cstd_snd_msg
                                  ffe08f42        1e   func ,g         * 
  _usb_cstd_isnd_msg
                                  ffe08f60        97   func ,g         * 
  _usb_cstd_pget_blk
                                  ffe08ff7        5a   func ,g         * 
  _usb_cstd_rel_blk
                                  ffe09051        4b   func ,g         * 
  _usb_cstd_wai_msg
                                  ffe0909c        6a   func ,g         * 
  _usb_cstd_wait_scheduler
                                  ffe09106        9d   func ,g         * 
  _usb_cstd_sche_init
                                  ffe091a3       173   func ,g         * 
  _usb_cstd_scheduler
                                  ffe09316        ac   func ,g         * 
  _usb_cstd_set_task_pri
                                  ffe093c2        3a   func ,g         * 
  _usb_cstd_check_schedule
                                  ffe093fc        1c   func ,g         * 
FILE=.\src\smc_gen\r_usb_basic\src\driver\r_usb_hsignal.obj
                                  ffe09418  ffe094ac        95
  _usb_hstd_vbus_control
                                  ffe09418        19   func ,g         * 
  _usb_hstd_suspend_process
                                  ffe09431        44   func ,g         * 
  _usb_hstd_attach
                                  ffe09475        1c   func ,g         * 
  _usb_hstd_detach
                                  ffe09491        1c   func ,g         * 
FILE=.\src\smc_gen\r_usb_basic\src\driver\r_usb_hstdfunction.obj
                                  ffe094ad  ffe09602       156
  _usb_hstd_bchg0function
                                  ffe094ad        78   func ,g         * 
  _usb_hstd_ls_connect_function
                                  ffe09525        14   func ,g         * 
  _usb_hstd_attach_function
                                  ffe09539         8   func ,g         * 
  _usb_hstd_ovrcr0function
                                  ffe09541         a   func ,g         * 
  _usb_hdriver_init
                                  ffe0954b        a5   func ,g         * 
  _usb_class_driver_start
                                  ffe095f0        13   func ,g         * 
FILE=.\src\smc_gen\r_usb_basic\src\driver\r_usb_usbif_api.obj
                                  ffe09603  ffe0a4b0       eae
  _R_USB_GetVersion
                                  ffe09603        10   func ,g         * 
  _R_USB_GetEvent
                                  ffe09613        65   func ,g         * 
  _R_USB_Open
                                  ffe09678       2d4   func ,g         * 
  _R_USB_Close
                                  ffe0994c        c9   func ,g         * 
  _R_USB_Read
                                  ffe09a15       14c   func ,g         * 
  _R_USB_Write
                                  ffe09b61       14d   func ,g         * 
  _R_USB_Stop
                                  ffe09cae       174   func ,g         * 
  _R_USB_Suspend
                                  ffe09e22        da   func ,g         * 
  _R_USB_Resume
                                  ffe09efc       10b   func ,g         * 
  _R_USB_VbusSetting
                                  ffe0a007        99   func ,g         * 
  _R_USB_GetInformation
                                  ffe0a0a0       1ad   func ,g         * 
  _R_USB_PipeRead
                                  ffe0a24d        10   func ,g         * 
  _R_USB_PipeWrite
                                  ffe0a25d        10   func ,g         * 
  _R_USB_PipeStop
                                  ffe0a26d         b   func ,g         * 
  _R_USB_GetUsePipe
                                  ffe0a278        f9   func ,g         * 
  _R_USB_GetPipeInfo
                                  ffe0a371       135   func ,g         * 
  _R_USB_PullUp
                                  ffe0a4a6         b   func ,g         * 
FILE=.\src\smc_gen\r_usb_basic\src\hw\r_usb_creg_abs.obj
                                  ffe0a4b1  ffe0a825       375
  _usb_cstd_get_buf_size
                                  ffe0a4b1        55   func ,g         * 
  _usb_cstd_pipe_init
                                  ffe0a506       15b   func ,g         * 
  _usb_cstd_clr_pipe_cnfg
                                  ffe0a661        ae   func ,g         * 
  _usb_cstd_set_nak
                                  ffe0a70f        3a   func ,g         * 
  _usb_cstd_is_set_frdy
                                  ffe0a749        5f   func ,g         * 
  _usb_cstd_chg_curpipe
                                  ffe0a7a8        42   func ,g         * 
  _usb_cstd_set_transaction_counter
                                  ffe0a7ea        24   func ,g         * 
  _usb_cstd_clr_transaction_counter
                                  ffe0a80e        18   func ,g         * 
FILE=.\src\smc_gen\r_usb_basic\src\hw\r_usb_creg_access.obj
                                  ffe0a826  ffe0b22c       a07
  _hw_usb_read_syscfg
                                  ffe0a826        18   func ,g         * 
  _hw_usb_write_syscfg
                                  ffe0a83e         e   func ,g         * 
  _hw_usb_clear_dcfm
                                  ffe0a84c        19   func ,g         * 
  _hw_usb_clear_drpd
                                  ffe0a865        11   func ,g         * 
  _hw_usb_set_usbe
                                  ffe0a876        16   func ,g         * 
  _hw_usb_clear_usbe
                                  ffe0a88c        19   func ,g         * 
  _hw_usb_read_syssts
                                  ffe0a8a5        19   func ,g         * 
  _hw_usb_read_dvstctr
                                  ffe0a8be        19   func ,g         * 
  _hw_usb_write_dvstctr
                                  ffe0a8d7         e   func ,g         * 
  _hw_usb_rmw_dvstctr
                                  ffe0a8e5        30   func ,g         * 
  _hw_usb_clear_dvstctr
                                  ffe0a915        16   func ,g         * 
  _hw_usb_set_vbout
                                  ffe0a92b         e   func ,g         * 
  _hw_usb_clear_vbout
                                  ffe0a939        11   func ,g         * 
  _hw_usb_read_fifo16
                                  ffe0a94a        45   func ,g         * 
  _hw_usb_write_fifo16
                                  ffe0a98f        49   func ,g         * 
  _hw_usb_write_fifo8
                                  ffe0a9d8        49   func ,g         * 
  _hw_usb_get_fifosel_adr
                                  ffe0aa21        3f   func ,l         * 
  _hw_usb_read_fifosel
                                  ffe0aa60        18   func ,g         * 
  _hw_usb_rmw_fifosel
                                  ffe0aa78        37   func ,g         * 
  _hw_usb_set_dclrm
                                  ffe0aaaf        19   func ,g         * 
  _hw_usb_clear_dclrm
                                  ffe0aac8        1c   func ,g         * 
  _hw_usb_set_dreqe
                                  ffe0aae4        42   func ,g         * 
  _hw_usb_clear_dreqe
                                  ffe0ab26        1c   func ,g         * 
  _hw_usb_set_mbw
                                  ffe0ab42        5f   func ,g         * 
  _hw_usb_set_curpipe
                                  ffe0aba1        67   func ,g         * 
  _hw_usb_get_fifoctr_adr
                                  ffe0ac08        3f   func ,l         * 
  _hw_usb_read_fifoctr
                                  ffe0ac47        18   func ,g         * 
  _hw_usb_set_bval
                                  ffe0ac5f        19   func ,g         * 
  _hw_usb_set_bclr
                                  ffe0ac78        17   func ,g         * 
  _hw_usb_write_intenb
                                  ffe0ac8f        18   func ,g         * 
  _hw_usb_set_intenb
                                  ffe0aca7        1c   func ,g         * 
  _hw_usb_clear_enb_vbse
                                  ffe0acc3        10   func ,g         * 
  _hw_usb_clear_enb_sofe
                                  ffe0acd3        11   func ,g         * 
  _hw_usb_write_brdyenb
                                  ffe0ace4         e   func ,g         * 
  _hw_usb_set_brdyenb
                                  ffe0acf2        21   func ,g         * 
  _hw_usb_clear_brdyenb
                                  ffe0ad13        22   func ,g         * 
  _hw_usb_write_nrdyenb
                                  ffe0ad35         e   func ,g         * 
  _hw_usb_set_nrdyenb
                                  ffe0ad43        21   func ,g         * 
  _hw_usb_clear_nrdyenb
                                  ffe0ad64        22   func ,g         * 
  _hw_usb_write_bempenb
                                  ffe0ad86         e   func ,g         * 
  _hw_usb_set_bempenb
                                  ffe0ad94        37   func ,g         * 
  _hw_usb_clear_bempenb
                                  ffe0adcb        22   func ,g         * 
  _hw_usb_set_sofcfg
                                  ffe0aded         8   func ,g         * 
  _hw_usb_write_intsts
                                  ffe0adf5        18   func ,g         * 
  _hw_usb_clear_sts_sofr
                                  ffe0ae0d         d   func ,g         * 
  _hw_usb_read_brdysts
                                  ffe0ae1a         e   func ,g         * 
  _hw_usb_write_brdysts
                                  ffe0ae28         f   func ,g         * 
  _hw_usb_clear_sts_brdy
                                  ffe0ae37        20   func ,g         * 
  _hw_usb_write_nrdy_sts
                                  ffe0ae57         f   func ,g         * 
  _hw_usb_clear_status_nrdy
                                  ffe0ae66        20   func ,g         * 
  _hw_usb_write_bempsts
                                  ffe0ae86         f   func ,g         * 
  _hw_usb_clear_status_bemp
                                  ffe0ae95        20   func ,g         * 
  _hw_usb_read_frmnum
                                  ffe0aeb5        19   func ,g         * 
  _hw_usb_read_dcpcfg
                                  ffe0aece        19   func ,g         * 
  _hw_usb_write_dcpcfg
                                  ffe0aee7        18   func ,g         * 
  _hw_usb_read_dcpmaxp
                                  ffe0aeff        19   func ,g         * 
  _hw_usb_write_dcpmxps
                                  ffe0af18        18   func ,g         * 
  _hw_usb_write_pipesel
                                  ffe0af30        18   func ,g         * 
  _hw_usb_read_pipecfg
                                  ffe0af48        19   func ,g         * 
  _hw_usb_write_pipecfg
                                  ffe0af61        18   func ,g         * 
  _hw_usb_read_pipemaxp
                                  ffe0af79        19   func ,g         * 
  _hw_usb_write_pipemaxp
                                  ffe0af92        18   func ,g         * 
  _hw_usb_write_pipeperi
                                  ffe0afaa        18   func ,g         * 
  _hw_usb_read_pipectr
                                  ffe0afc2        30   func ,g         * 
  _hw_usb_write_pipectr
                                  ffe0aff2        2b   func ,g         * 
  _hw_usb_set_csclr
                                  ffe0b01d        25   func ,g         * 
  _hw_usb_set_aclrm
                                  ffe0b042        25   func ,g         * 
  _hw_usb_clear_aclrm
                                  ffe0b067        28   func ,g         * 
  _hw_usb_set_sqclr
                                  ffe0b08f        47   func ,g         * 
  _hw_usb_set_sqset
                                  ffe0b0d6        47   func ,g         * 
  _hw_usb_set_pid
                                  ffe0b11d        3f   func ,g         * 
  _hw_usb_clear_pid
                                  ffe0b15c        36   func ,g         * 
  _hw_usb_set_trenb
                                  ffe0b192        26   func ,g         * 
  _hw_usb_clear_trenb
                                  ffe0b1b8        29   func ,g         * 
  _hw_usb_set_trclr
                                  ffe0b1e1        26   func ,g         * 
  _hw_usb_write_pipetrn
                                  ffe0b207        26   func ,g         * 
FILE=.\src\smc_gen\r_usb_basic\src\hw\r_usb_hreg_abs.obj
                                  ffe0b22d  ffe0bad2       8a6
  _usb_hstd_set_hub_port
                                  ffe0b22d         c   func ,g         * 
  _usb_hstd_interrupt_handler
                                  ffe0b239       2b2   func ,g         * 
  _usb_hstd_chk_attach
                                  ffe0b4eb        3a   func ,g         * 
  _usb_hstd_chk_clk
                                  ffe0b525        44   func ,g         * 
  _usb_hstd_detach_process
                                  ffe0b569        ea   func ,g         * 
  _usb_hstd_read_lnst
                                  ffe0b653        5d   func ,g         * 
  _usb_hstd_attach_process
                                  ffe0b6b0        5a   func ,g         * 
  _usb_hstd_chk_sof
                                  ffe0b70a         c   func ,g         * 
  _usb_hstd_bus_reset
                                  ffe0b716        83   func ,g         * 
  _usb_hstd_resume_process
                                  ffe0b799        3f   func ,g         * 
  _usb_hstd_support_speed_check
                                  ffe0b7d8        3f   func ,g         * 
  _usb_hstd_write_fifo
                                  ffe0b817        65   func ,g         * 
  _usb_hstd_read_fifo
                                  ffe0b87c        56   func ,g         * 
  _usb_hstd_forced_termination
                                  ffe0b8d2       179   func ,g         * 
  _usb_hstd_get_usb_ip_adr
                                  ffe0ba4b        14   func ,g         * 
  _usb_hstd_nrdy_endprocess
                                  ffe0ba5f        74   func ,g         * 
FILE=.\src\smc_gen\r_usb_basic\src\hw\r_usb_hreg_access.obj
                                  ffe0bad3  ffe0be88       3b6
  _hw_usb_hset_rwupe
                                  ffe0bad3         e   func ,g         * 
  _hw_usb_hclear_rwupe
                                  ffe0bae1        11   func ,g         * 
  _hw_usb_hset_resume
                                  ffe0baf2         e   func ,g         * 
  _hw_usb_hclear_resume
                                  ffe0bb00        11   func ,g         * 
  _hw_usb_hset_uact
                                  ffe0bb11         e   func ,g         * 
  _hw_usb_hclear_uact
                                  ffe0bb1f        11   func ,g         * 
  _hw_usb_hwrite_intenb
                                  ffe0bb30         e   func ,g         * 
  _hw_usb_hset_enb_ovrcre
                                  ffe0bb3e         e   func ,g         * 
  _hw_usb_hclear_enb_ovrcre
                                  ffe0bb4c        10   func ,g         * 
  _hw_usb_hset_enb_bchge
                                  ffe0bb5c         e   func ,g         * 
  _hw_usb_hclear_enb_bchge
                                  ffe0bb6a        11   func ,g         * 
  _hw_usb_hset_enb_dtche
                                  ffe0bb7b         e   func ,g         * 
  _hw_usb_hclear_enb_dtche
                                  ffe0bb89        11   func ,g         * 
  _hw_usb_hset_enb_attche
                                  ffe0bb9a         e   func ,g         * 
  _hw_usb_hclear_enb_attche
                                  ffe0bba8        11   func ,g         * 
  _hw_usb_hset_enb_signe
                                  ffe0bbb9         e   func ,g         * 
  _hw_usb_hset_enb_sacke
                                  ffe0bbc7         e   func ,g         * 
  _hw_usb_hset_enb_pddetinte
                                  ffe0bbd5         6   func ,g         * 
  _hw_usb_hwrite_intsts
                                  ffe0bbdb         f   func ,g         * 
  _hw_usb_hclear_sts_ovrcr
                                  ffe0bbea         d   func ,g         * 
  _hw_usb_hclear_sts_bchg
                                  ffe0bbf7         d   func ,g         * 
  _hw_usb_hclear_sts_dtch
                                  ffe0bc04         d   func ,g         * 
  _hw_usb_hclear_sts_attch
                                  ffe0bc11         d   func ,g         * 
  _hw_usb_hclear_sts_sign
                                  ffe0bc1e         d   func ,g         * 
  _hw_usb_hclear_sts_sack
                                  ffe0bc2b         d   func ,g         * 
  _hw_usb_hclear_sts_pddetint
                                  ffe0bc38         6   func ,g         * 
  _hw_usb_hwrite_usbreq
                                  ffe0bc3e         f   func ,g         * 
  _hw_usb_hset_usbval
                                  ffe0bc4d         f   func ,g         * 
  _hw_usb_hset_usbindx
                                  ffe0bc5c         f   func ,g         * 
  _hw_usb_hset_usbleng
                                  ffe0bc6b         f   func ,g         * 
  _hw_usb_hwrite_dcpctr
                                  ffe0bc7a         f   func ,g         * 
  _hw_usb_hset_sureq
                                  ffe0bc89        2e   func ,g         * 
  _hw_usb_hread_devadd
                                  ffe0bcb7        3c   func ,g         * 
  _hw_usb_hrmw_devadd
                                  ffe0bcf3        44   func ,g         * 
  _hw_usb_hset_usbspd
                                  ffe0bd37        35   func ,g         * 
  _hw_usb_hset_dcpmode
                                  ffe0bd6c         6   func ,g         * 
  _hw_usb_hmodule_init
                                  ffe0bd72       109   func ,g         * 
  _hw_usb_hset_trnensel
                                  ffe0be7b         e   func ,g         * 
FILE=.\src\smc_gen\r_usb_basic\src\hw\r_usb_rx_mcu.obj
                                  ffe0be89  ffe0c147       2bf
  _usb_module_start
                                  ffe0be89        56   func ,g         * 
  _usb_module_stop
                                  ffe0bedf       176   func ,g         * 
  _usb_cpu_usbint_init
                                  ffe0c055        44   func ,g         * 
  _usb_cpu_delay_1us
                                  ffe0c099        11   func ,g         * 
  _usb_cpu_delay_xms
                                  ffe0c0aa        10   func ,g         * 
  _usb_cpu_int_enable
                                  ffe0c0ba         8   func ,g         * 
  _usb_cpu_int_disable
                                  ffe0c0c2         8   func ,g         * 
  _usb_chattaring
                                  ffe0c0ca        4f   func ,g         * 
  _usbfs_usbi_isr
                                  ffe0c119        20   func ,l         * 
  _usb_check_use_usba_module
                                  ffe0c139         f   func ,g         * 
FILE=.\src\smc_gen\r_usb_hhid\src\r_usb_hhid_api.obj
                                  ffe0c148  ffe0c2f0       1a9
  _R_USB_HhidGetType
                                  ffe0c148        87   func ,g         * 
  _R_USB_HhidGetMxps
                                  ffe0c1cf       122   func ,g         * 
FILE=.\src\smc_gen\r_usb_hhid\src\r_usb_hhid_driver.obj
                                  ffe0c2f1  ffe0cd14       a24
  _usb_hhid_check_result
                                  ffe0c2f1        53   func ,l         * 
  _usb_hhid_enumeration
                                  ffe0c344       16c   func ,l         * 
  _usb_hhid_task
                                  ffe0c4b0        36   func ,g         * 
  _usb_hhid_pipe_info
                                  ffe0c4e6       13f   func ,g         * 
  _usb_hhid_get_string_desc
                                  ffe0c625        f8   func ,g         * 
  _usb_hhid_cmd_submit
                                  ffe0c71d        da   func ,l         * 
  _usb_hid_suspended
                                  ffe0c7f7        1d   func ,g         * 
  _usb_hid_configured
                                  ffe0c814        26   func ,g         * 
  _usb_hid_detach
                                  ffe0c83a        29   func ,g         * 
  _usb_hid_resume_complete
                                  ffe0c863        1f   func ,g         * 
  _usb_hhid_read_complete
                                  ffe0c882        56   func ,g         * 
  _usb_hhid_write_complete
                                  ffe0c8d8        3b   func ,g         * 
  _usb_hhid_init
                                  ffe0c913       119   func ,g         * 
  _usb_hhid_registration
                                  ffe0ca2c        4a   func ,g         * 
  _usb_hhid_driver_start
                                  ffe0ca76       119   func ,g         * 
  _usb_hhid_set_pipe_registration
                                  ffe0cb8f        5f   func ,g         * 
  _usb_hhid_get_hid_protocol
                                  ffe0cbee        1f   func ,g         * 
  _usb_hhid_class_check
                                  ffe0cc0d       108   func ,g         * 
FILE=freopen
                                  ffe0cd15  ffe0cd41        2d
  _freopen
                                  ffe0cd15        2d   func ,g         * 
FILE=fclose
                                  ffe0cd42  ffe0cd95        54
  _fclose
                                  ffe0cd42        54   func ,g         * 
FILE=printf
                                  ffe0cd96  ffe0cdcf        3a
  _prout
                                  ffe0cd96        1d   func ,l         * 
  _printf
                                  ffe0cdb3        1d   func ,g         * 
FILE=__COM_DIV64u
                                  ffe0cdd0  ffe0ce68        99
  __COM_DIV64u
                                  ffe0cdd0         0   none ,g         * 
  _Loop_Init
                                  ffe0cdda         0   none ,l         * 
  _Loop
                                  ffe0cde2         0   none ,l         * 
  _DivStart
                                  ffe0cdee         0   none ,l         * 
  _Success
                                  ffe0cdfc         0   none ,l         * 
  _DivEnd
                                  ffe0ce08         0   none ,l         * 
  IXI6DIV
                                  ffe0ce0d         0   none ,l         * 
  IXI4DIV
                                  ffe0ce1f         0   none ,l         * 
  IXI2DIV
                                  ffe0ce2f         0   none ,l         * 
  I8I2DIV
                                  ffe0ce37         0   none ,l         * 
  I4I2DIV
                                  ffe0ce65         0   none ,l         * 
  _i8divU_End
                                  ffe0ce68         0   none ,l         * 
FILE=__initsct
                                  ffe0ce69  ffe0ceb2        4a
  __INITSCT
                                  ffe0ce69         0   none ,g         * 
  loop1
                                  ffe0ce7b         0   none ,l         * 
  next_loop1
                                  ffe0ce89         0   none ,l         * 
  loop3
                                  ffe0ce9b         0   none ,l         * 
  next_loop3
                                  ffe0ceac         0   none ,l         * 
FILE=fwrite
                                  ffe0ceb3  ffe0cf88        d6
  _fwrite
                                  ffe0ceb3        d6   func ,g         * 
FILE=fflush
                                  ffe0cf89  ffe0d00a        82
  _fflush
                                  ffe0cf89        82   func ,g         * 
FILE=xfoprep
                                  ffe0d00b  ffe0d0dc        d2
  __Foprep
                                  ffe0d00b        d2   func ,g         * 
FILE=xfofind
                                  ffe0d0dd  ffe0d169        8d
  __Fofind
                                  ffe0d0dd        44   func ,g         * 
  __Fofree
                                  ffe0d121        49   func ,g         * 
FILE=xprintf
                                  ffe0d16a  ffe0d3b9       250
  __Printf
                                  ffe0d16a       250   func ,g         * 
FILE=free
                                  ffe0d3ba  ffe0d43b        82
  _free
                                  ffe0d3ba        82   func ,g         * 
FILE=xfwprep
                                  ffe0d43c  ffe0d4d3        98
  __Fwprep
                                  ffe0d43c        98   func ,g         * 
FILE=xputfld
                                  ffe0d4d4  ffe0d935       462
  __Putfld
                                  ffe0d4d4       462   func ,g         * 
FILE=xfopen
                                  ffe0d936  ffe0d965        30
  __Fopen
                                  ffe0d936        30   func ,g         * 
FILE=xvacopy
                                  ffe0d966  ffe0d968         3
  __Vacopy
                                  ffe0d966         3   func ,g         * 
FILE=xputtxt
                                  ffe0d969  ffe0dbc0       258
  __Puttxt
                                  ffe0d969       258   func ,g         * 
FILE=strchr
                                  ffe0dbc1  ffe0dbd3        13
  _strchr
                                  ffe0dbc1        13   func ,g         * 
FILE=xctype
                                  ffe0dbd4  ffe0dbe9        16
  __Getpctype
                                  ffe0dbd4        16   func ,g         * 
FILE=malloc
                                  ffe0dbea  ffe0dcc4        db
  _findmem
                                  ffe0dbea        79   func ,l         * 
  _malloc
                                  ffe0dc63        62   func ,g         * 
FILE=xldtob
                                  ffe0dcc5  ffe0e09b       3d7
  __Ldtob
                                  ffe0dcc5       3d7   func ,g         * 
FILE=xputstr
                                  ffe0e09c  ffe0e177        dc
  __Putstr
                                  ffe0e09c        dc   func ,g         * 
FILE=xlitob
                                  ffe0e178  ffe0e282       10b
  __Litob
                                  ffe0e178       10b   func ,g         * 
FILE=xgetmem
                                  ffe0e283  ffe0e29d        1b
  __Getmem
                                  ffe0e283        1b   func ,g         * 
FILE=xgenld
                                  ffe0e29e  ffe0e526       289
  __Genld
                                  ffe0e29e       289   func ,g         * 
FILE=xwctomb
                                  ffe0e527  ffe0e66d       147
  __Wctombx
                                  ffe0e527       103   func ,g         * 
  __Wctomb
                                  ffe0e62a        44   func ,g         * 
FILE=xstate
                                  ffe0e66e  ffe0e69f        32
  __Getmbcurmax
                                  ffe0e66e        16   func ,g         * 
  __Getpmbstate
                                  ffe0e684        1c   func ,g         * 
FILE=xldscale
                                  ffe0e6a0  ffe0e6a3         4
  __LDscale
                                  ffe0e6a0         4   func ,g         * 
FILE=xldunsca
                                  ffe0e6a4  ffe0e6a7         4
  __LDunscale
                                  ffe0e6a4         4   func ,g         * 
FILE=__COM_MOD64u
                                  ffe0e6a8  ffe0e72e        87
  __COM_MOD64u
                                  ffe0e6a8         0   none ,g         * 
  _Loop_Init
                                  ffe0e6b2         0   none ,l         * 
  _Loop
                                  ffe0e6b6         0   none ,l         * 
  _DivStart
                                  ffe0e6c2         0   none ,l         * 
  _Success
                                  ffe0e6d0         0   none ,l         * 
  _DivEnd
                                  ffe0e6d8         0   none ,l         * 
  IXI6DIV
                                  ffe0e6d9         0   none ,l         * 
  IXI4DIV
                                  ffe0e6eb         0   none ,l         * 
  IXI2DIV
                                  ffe0e6fb         0   none ,l         * 
  I8I2DIV
                                  ffe0e703         0   none ,l         * 
  I4I2DIV
                                  ffe0e723         0   none ,l         * 
FILE=_div
                                  ffe0e72f  ffe0e73a         c
  _ldiv
                                  ffe0e72f         0   none ,g         * 
  _div
                                  ffe0e72f         0   none ,g         * 
FILE=localeco
                                  ffe0e73b  ffe0e741         7
  _localeconv
                                  ffe0e73b         7   func ,g         * 
FILE=xwcstate
                                  ffe0e742  ffe0e75d        1c
  __Getpwcstate
                                  ffe0e742        1c   func ,g         * 
FILE=xfdscale
                                  ffe0e75e  ffe0e86a       10d
  __FDscale
                                  ffe0e75e       10d   func ,g         * 
FILE=xfdunsca
                                  ffe0e86b  ffe0e8bf        55
  __FDunscale
                                  ffe0e86b        55   func ,g         * 
FILE=xfdnorm
                                  ffe0e8c0  ffe0e928        69
  __FDnorm
                                  ffe0e8c0        69   func ,g         * 

SECTION=EXCEPTVECT
FILE=.\src\smc_gen\r_bsp\mcu\rx65n\vecttbl.obj
                                  ffffff80  fffffffb        7c
  _Except_Vectors
                                  ffffff80        7c   data ,g         * 

SECTION=RESETVECT
FILE=.\src\smc_gen\r_bsp\mcu\rx65n\vecttbl.obj
                                  fffffffc  ffffffff         4
  _Reset_Vector
                                  fffffffc         4   data ,g         * 

*** Unfilled Areas ***

AREA                                START    END

*** Delete Symbols ***

SYMBOL                                SIZE    INFO
