Renesas Optimizing Linker (W3.06.00 )             12-Dec-2024 19:10:10

*** Options ***

-subcommand=LinkerRX65N_USB_HMSC.tmp
-MAKEUD="D:\CAREER_VINH\Git\SovietUnion1970\C_embedded\MICROCONTROLERS\RX65N\USB\RX65N_USB_HMSC\HardwareDebug/RX65N_USB_HMSC_l.ud" 
-noprelink 
-input=".\src/demo_src\main.obj"
-input=".\src/demo_src\r_usb_hmsc_apl.obj"
-input=".\src/smc_gen/general\r_cg_hardware_setup.obj"
-input=".\src/smc_gen/general\r_smc_cgc.obj"
-input=".\src/smc_gen/general\r_smc_cgc_user.obj"
-input=".\src/smc_gen/general\r_smc_interrupt.obj"
-input=".\src/smc_gen/r_bsp/board/generic_rx65n\hwsetup.obj"
-input=".\src/smc_gen/r_bsp/mcu/all\dbsct.obj"
-input=".\src/smc_gen/r_bsp/mcu/all\lowlvl.obj"
-input=".\src/smc_gen/r_bsp/mcu/all\lowsrc.obj"
-input=".\src/smc_gen/r_bsp/mcu/all\mcu_locks.obj"
-input=".\src/smc_gen/r_bsp/mcu/all\r_bsp_common.obj"
-input=".\src/smc_gen/r_bsp/mcu/all\r_bsp_cpu.obj"
-input=".\src/smc_gen/r_bsp/mcu/all\r_bsp_interrupts.obj"
-input=".\src/smc_gen/r_bsp/mcu/all\r_bsp_locking.obj"
-input=".\src/smc_gen/r_bsp/mcu/all\r_bsp_mcu_startup.obj"
-input=".\src/smc_gen/r_bsp/mcu/all\r_bsp_software_interrupt.obj"
-input=".\src/smc_gen/r_bsp/mcu/all\r_rx_intrinsic_functions.obj"
-input=".\src/smc_gen/r_bsp/mcu/all\resetprg.obj"
-input=".\src/smc_gen/r_bsp/mcu/all\sbrk.obj"
-input=".\src/smc_gen/r_bsp/mcu/rx65n\mcu_clocks.obj"
-input=".\src/smc_gen/r_bsp/mcu/rx65n\mcu_init.obj"
-input=".\src/smc_gen/r_bsp/mcu/rx65n\mcu_interrupts.obj"
-input=".\src/smc_gen/r_bsp/mcu/rx65n\mcu_mapped_interrupts.obj"
-input=".\src/smc_gen/r_bsp/mcu/rx65n\vecttbl.obj"
-input=".\src/smc_gen/r_cmt_rx/src\r_cmt_rx.obj"
-input=".\src/smc_gen/r_pincfg\Pin.obj"
-input=".\src/smc_gen/r_pincfg\r_usb_basic_pinset.obj"
-input=".\src/smc_gen/r_sys_time_rx/src\r_sys_time_rx.obj"
-input=".\src/smc_gen/r_tfat_driver_rx/src/device/mmc\r_tfat_drv_if_mmc.obj"
-input=".\src/smc_gen/r_tfat_driver_rx/src/device/sdmem\r_tfat_drv_if_sdmem.obj"
-input=".\src/smc_gen/r_tfat_driver_rx/src/device/serial_flash\r_tfat_drv_if_flash.obj"
-input=".\src/smc_gen/r_tfat_driver_rx/src/device/usb\r_tfat_drv_if_usb.obj"
-input=".\src/smc_gen/r_tfat_driver_rx/src/device/usb_mini\r_tfat_drv_if_usb_mini.obj"
-input=".\src/smc_gen/r_tfat_driver_rx/src\r_tfat_drv_if.obj"
-input=".\src/smc_gen/r_tfat_rx/src\ff.obj"
-input=".\src/smc_gen/r_tfat_rx/src\ffsystem.obj"
-input=".\src/smc_gen/r_tfat_rx/src\ffunicode.obj"
-input=".\src/smc_gen/r_usb_basic/src/driver\r_rtos_abstract.obj"
-input=".\src/smc_gen/r_usb_basic/src/driver\r_usb_cdataio.obj"
-input=".\src/smc_gen/r_usb_basic/src/driver\r_usb_clibusbip.obj"
-input=".\src/smc_gen/r_usb_basic/src/driver\r_usb_cstd_rtos.obj"
-input=".\src/smc_gen/r_usb_basic/src/driver\r_usb_hbc.obj"
-input=".\src/smc_gen/r_usb_basic/src/driver\r_usb_hcontrolrw.obj"
-input=".\src/smc_gen/r_usb_basic/src/driver\r_usb_hdriver.obj"
-input=".\src/smc_gen/r_usb_basic/src/driver\r_usb_hhubsys.obj"
-input=".\src/smc_gen/r_usb_basic/src/driver\r_usb_hintfifo.obj"
-input=".\src/smc_gen/r_usb_basic/src/driver\r_usb_hinthandler_usbip0.obj"
-input=".\src/smc_gen/r_usb_basic/src/driver\r_usb_hinthandler_usbip1.obj"
-input=".\src/smc_gen/r_usb_basic/src/driver\r_usb_hlibusbip.obj"
-input=".\src/smc_gen/r_usb_basic/src/driver\r_usb_hmanager.obj"
-input=".\src/smc_gen/r_usb_basic/src/driver\r_usb_hscheduler.obj"
-input=".\src/smc_gen/r_usb_basic/src/driver\r_usb_hsignal.obj"
-input=".\src/smc_gen/r_usb_basic/src/driver\r_usb_hstdfunction.obj"
-input=".\src/smc_gen/r_usb_basic/src/driver\r_usb_pbc.obj"
-input=".\src/smc_gen/r_usb_basic/src/driver\r_usb_pcontrolrw.obj"
-input=".\src/smc_gen/r_usb_basic/src/driver\r_usb_pdriver.obj"
-input=".\src/smc_gen/r_usb_basic/src/driver\r_usb_pintfifo.obj"
-input=".\src/smc_gen/r_usb_basic/src/driver\r_usb_pinthandler_usbip0.obj"
-input=".\src/smc_gen/r_usb_basic/src/driver\r_usb_plibusbip.obj"
-input=".\src/smc_gen/r_usb_basic/src/driver\r_usb_psignal.obj"
-input=".\src/smc_gen/r_usb_basic/src/driver\r_usb_pstdfunction.obj"
-input=".\src/smc_gen/r_usb_basic/src/driver\r_usb_pstdrequest.obj"
-input=".\src/smc_gen/r_usb_basic/src/driver\r_usb_usbif_api.obj"
-input=".\src/smc_gen/r_usb_basic/src/driver\r_usb_usbx_port.obj"
-input=".\src/smc_gen/r_usb_basic/src/hw\r_usb_creg_abs.obj"
-input=".\src/smc_gen/r_usb_basic/src/hw\r_usb_creg_access.obj"
-input=".\src/smc_gen/r_usb_basic/src/hw\r_usb_dma.obj"
-input=".\src/smc_gen/r_usb_basic/src/hw\r_usb_hostelectrical.obj"
-input=".\src/smc_gen/r_usb_basic/src/hw\r_usb_hreg_abs.obj"
-input=".\src/smc_gen/r_usb_basic/src/hw\r_usb_hreg_access.obj"
-input=".\src/smc_gen/r_usb_basic/src/hw\r_usb_preg_abs.obj"
-input=".\src/smc_gen/r_usb_basic/src/hw\r_usb_preg_access.obj"
-input=".\src/smc_gen/r_usb_basic/src/hw\r_usb_rx_mcu.obj"
-input=".\src/smc_gen/r_usb_hmsc/src\r_usb_hmsc_api.obj"
-input=".\src/smc_gen/r_usb_hmsc/src\r_usb_hmsc_driver.obj"
-input=".\src/smc_gen/r_usb_hmsc/src\r_usb_hstorage_driver.obj"
-library=".\RX65N_USB_HMSC.lib"
-start=SU,SI,B_1,R_1,B_2,R_2,B,R/04,PResetPRG,C_1,C_2,C,C$*,D*,W*,L,P/0FFE00000,EXCEPTVECT/0FFFFFF80,RESETVECT/0FFFFFFFC,BEXRAM_1,REXRAM_1,BEXRAM_2,REXRAM_2,BEXRAM,REXRAM/00800000
-output="RX65N_USB_HMSC.abs" 
-form=absolute 
-nomessage 
-vect=_undefined_interrupt_source_isr 
-list 
-show=symbol 
-nooptimize 
-rom=D=R,D_1=R_1,D_2=R_2,DEXRAM=REXRAM,DEXRAM_1=REXRAM_1,DEXRAM_2=REXRAM_2 
-cpu=RAM=00000000-0003ffff,FIX=00080000-00083fff,FIX=00086000-00087fff,FIX=00088000-0009ffff,FIX=000a0000-000a3fff,RAM=000a4000-000a5fff,FIX=000a6000-000bffff,FIX=000c0000-000dffff,FIX=000e0000-000fffff,ROM=00100000-00107fff,FIX=007fc000-007fcfff,FIX=007fe000-007fffff,RAM=00800000-0085ffff,RAM=fe7f5d00-fe7f5d7f,RAM=fe7f7d70-fe7f7d9f,ROM=ffe00000-ffffffff 
-nologo

*** Error information ***

*** Mapping List ***

SECTION                            START      END         SIZE   ALIGN
SU
                                  00000004  00001003      1000   4
SI
                                  00001004  00001403       400   4
B_1
                                  00001404  00001d48       945   1
R_1
                                  00001d49  00001db0        68   1
B_2
                                  00001db2  00002171       3c0   2
R_2
                                  00002172  00002177         6   2
B
                                  00002178  00004f4f      2dd8   4
R
                                  00004f50  0000525f       310   4
BEXRAM_1
                                  00800000  00800000         0   1
REXRAM_1
                                  00800000  00800000         0   1
BEXRAM_2
                                  00800000  00800000         0   1
REXRAM_2
                                  00800000  00800000         0   1
BEXRAM
                                  00800000  00800000         0   1
REXRAM
                                  00800000  00800000         0   1
$ADDR_C_FE7F5D00
                                  fe7f5d00  fe7f5d0b         c   1
$ADDR_C_FE7F5D10
                                  fe7f5d10  fe7f5d13         4   1
$ADDR_C_FE7F5D20
                                  fe7f5d20  fe7f5d23         4   1
$ADDR_C_FE7F5D40
                                  fe7f5d40  fe7f5d43         4   1
$ADDR_C_FE7F5D48
                                  fe7f5d48  fe7f5d4b         4   1
$ADDR_C_FE7F5D50
                                  fe7f5d50  fe7f5d5f        10   1
$ADDR_C_FE7F5D64
                                  fe7f5d64  fe7f5d67         4   1
$ADDR_C_FE7F5D70
                                  fe7f5d70  fe7f5d73         4   1
PResetPRG
                                  ffe00000  ffe00055        56   1
C_1
                                  ffe00056  ffe00171       11c   1
C_2
                                  ffe00172  ffe0ed1f      ebae   2
C
                                  ffe0ed20  ffe0f0df       3c0   4
C$DSEC
                                  ffe0f0e0  ffe0f127        48   4
C$BSEC
                                  ffe0f128  ffe0f157        30   4
C$VECT
                                  ffe0f158  ffe0f557       400   4
D
                                  ffe0f558  ffe0f867       310   4
DEXRAM
                                  ffe0f868  ffe0f868         0   1
DEXRAM_1
                                  ffe0f868  ffe0f868         0   1
DEXRAM_2
                                  ffe0f868  ffe0f868         0   1
D_1
                                  ffe0f868  ffe0f8cf        68   1
D_2
                                  ffe0f8d0  ffe0f8d5         6   2
W
                                  ffe0f8d8  ffe0f8d8         0   4
W_1
                                  ffe0f8d8  ffe0f8f0        19   1
W_2
                                  ffe0f8f2  ffe0f8f2         0   2
L
                                  ffe0f8f4  ffe102e4       9f1   4
P
                                  ffe102e5  ffe251ff     14f1b   1
EXCEPTVECT
                                  ffffff80  fffffffb        7c   4
RESETVECT
                                  fffffffc  ffffffff         4   4

*** Symbol List ***

SECTION=
FILE=                               START        END    SIZE
  SYMBOL                            ADDR        SIZE    INFO      COUNTS  OPT

SECTION=SU
FILE=.\src\smc_gen\r_bsp\mcu\all\resetprg.obj
                                  00000004  00001003      1000

SECTION=SI
FILE=.\src\smc_gen\r_bsp\mcu\all\resetprg.obj
                                  00001004  00001403       400

SECTION=B_1
FILE=.\src\demo_src\r_usb_hmsc_apl.obj
                                  00001404  00001704       301
  _g_file_data
                                  00001404       200   data ,l         * 
  _track_id
                                  00001604         1   data ,g         * 
  _scaned_path_str$2
                                  00001605       100   data ,l         * 
FILE=.\src\smc_gen\r_bsp\mcu\all\lowsrc.obj
                                  00001705  0000172c        28
  _flmod
                                  00001705        14   data ,g         * 
  _sml_buf
                                  00001719        14   data ,g         * 
FILE=.\src\smc_gen\r_usb_basic\src\driver\r_usb_hmanager.obj
                                  0000172d  0000192c       200
  _g_usb_hstd_class_data
                                  0000172d       200   data ,g         * 
FILE=.\src\smc_gen\r_usb_basic\src\driver\r_usb_hscheduler.obj
                                  0000192d  000019fd        d1
  _usb_scheduler_table_id
                                  0000192d        a0   data ,l         * 
  _usb_scheduler_pri_r
                                  000019cd         8   data ,l         * 
  _usb_scheduler_pri_w
                                  000019d5         8   data ,l         * 
  _usb_scheduler_pri
                                  000019dd         b   data ,l         * 
  _usb_scheduler_schedule_flag
                                  000019e8         1   data ,l         * 
  _usb_scheduler_blk_flg
                                  000019e9        14   data ,l         * 
  _usb_scheduler_id_use
                                  000019fd         1   data ,l         * 
FILE=.\src\smc_gen\r_usb_hmsc\src\r_usb_hmsc_driver.obj
                                  000019fe  00001b48       14b
  _g_usb_hmsc_sub_class
                                  000019fe         4   data ,g         * 
  _g_usb_hmsc_tmp_sub_class
                                  00001a02         1   data ,g         * 
  _g_usb_hmsc_class_data
                                  00001a03       100   data ,g         * 
  _g_drive_search_que
                                  00001b03         4   data ,g         * 
  _g_drive_search_que_cnt
                                  00001b07         1   data ,g         * 
  _g_drive_search_lock
                                  00001b08         1   data ,g         * 
  _hmsc_rs_data$2
                                  00001b09        40   data ,l         * 
FILE=.\src\smc_gen\r_usb_hmsc\src\r_usb_hstorage_driver.obj
                                  00001b49  00001d48       200
  _g_usb_hmsc_data
                                  00001b49       200   data ,l         * 

SECTION=R_1
FILE=.\src\smc_gen\r_tfat_driver_rx\src\r_tfat_drv_if.obj
                                  00001d49  00001d5c        14
  _drive_alloc_tbl
                                  00001d49        14   data ,l         * 
FILE=.\src\smc_gen\r_usb_basic\src\driver\r_usb_hdriver.obj
                                  00001d5d  00001d5d         1
  _is_init$1
                                  00001d5d         1   data ,l         * 
FILE=.\src\smc_gen\r_usb_basic\src\driver\r_usb_hmanager.obj
                                  00001d5e  00001d5e         1
  _is_init$1
                                  00001d5e         1   data ,l         * 
FILE=.\src\smc_gen\r_usb_basic\src\driver\r_usb_usbif_api.obj
                                  00001d5f  00001d5f         1
  _is_init
                                  00001d5f         1   data ,l         * 
FILE=xfiles
                                  00001d60  00001daf        50
  _ebuf
                                  00001d60        50   data ,l         * 
FILE=xstate
                                  00001db0  00001db0         1
  __Mbcurmax
                                  00001db0         1   data ,g         * 

SECTION=B_2
FILE=.\src\demo_src\r_usb_hmsc_apl.obj
                                  00001db2  00001db3         2
  _g_state
                                  00001db2         2   data ,l         * 
FILE=.\src\smc_gen\r_bsp\mcu\all\r_bsp_cpu.obj
                                  00001db4  00001dbb         8
  _s_protect_counters
                                  00001db4         8   data ,l         * 
FILE=.\src\smc_gen\r_tfat_rx\src\ff.obj
                                  00001dbc  00001dbd         2
  _Fsid
                                  00001dbc         2   data ,l         * 
FILE=.\src\smc_gen\r_usb_basic\src\driver\r_usb_cdataio.obj
                                  00001dbe  00001e21        64
  _g_usb_pipe_table
                                  00001dbe        50   data ,g         * 
  _g_usb_cstd_bemp_skip
                                  00001e0e        14   data ,g         * 
FILE=.\src\smc_gen\r_usb_basic\src\driver\r_usb_hdriver.obj
                                  00001e22  00001f0b        ea
  _usb_shstd_clr_stall_pipe
                                  00001e22         2   data ,l         * 
  _usb_shstd_clr_stall_request
                                  00001e24         a   data ,l         * 
  _g_usb_hstd_device_info
                                  00001e2e        60   data ,g         * 
  _g_usb_hstd_remort_port
                                  00001e8e         2   data ,g         * 
  _g_usb_hstd_ctsq
                                  00001e90         2   data ,g         * 
  _g_usb_hstd_mgr_mode
                                  00001e92         2   data ,g         * 
  _g_usb_hstd_dcp_register
                                  00001e94         c   data ,g         * 
  _g_usb_hstd_device_addr
                                  00001ea0         2   data ,g         * 
  _g_usb_hstd_device_speed
                                  00001ea2         2   data ,g         * 
  _g_usb_hstd_device_num
                                  00001ea4         2   data ,g         * 
  _g_usb_hstd_ignore_cnt
                                  00001ea6        14   data ,g         * 
  _g_usb_hstd_hs_enable
                                  00001eba         2   data ,g         * 
  _g_usb_ctrl_request
                                  00001ebc        3c   data ,g         * 
  _g_usb_hstd_pipe_request
                                  00001ef8        14   data ,g         * 
FILE=.\src\smc_gen\r_usb_basic\src\driver\r_usb_hinthandler_usbip0.obj
                                  00001f0c  00001f0d         2
  _g_usb_cstd_int_msg_cnt
                                  00001f0c         2   data ,g         * 
FILE=.\src\smc_gen\r_usb_basic\src\driver\r_usb_hmanager.obj
                                  00001f0e  00002055       148
  _usb_shstd_std_request
                                  00001f0e         a   data ,l         * 
  _usb_shstd_reg_pointer
                                  00001f18         2   data ,l         * 
  _usb_shstd_mgr_msginfo
                                  00001f1a         2   data ,l         * 
  _usb_shstd_suspend_seq
                                  00001f1c         2   data ,l         * 
  _usb_shstd_resume_seq
                                  00001f1e         2   data ,l         * 
  _g_usb_hstd_enum_seq
                                  00001f20         2   data ,g         * 
  _g_usb_hstd_device_descriptor
                                  00001f22        14   data ,g         * 
  _g_usb_hstd_config_descriptor
                                  00001f36       100   data ,g         * 
  _g_usb_hstd_suspend_pipe
                                  00002036        14   data ,g         * 
  _g_usb_hstd_check_enu_result
                                  0000204a         2   data ,g         * 
  _g_usb_hstd_class_request
                                  0000204c         a   data ,g         * 
FILE=.\src\smc_gen\r_usb_basic\src\driver\r_usb_hscheduler.obj
                                  00002056  000020c3        6e
  _usb_scheduler_wait_counter
                                  00002056        6e   data ,l         * 
FILE=.\src\smc_gen\r_usb_basic\src\driver\r_usb_usbif_api.obj
                                  000020c4  000020c9         6
  _g_usb_change_device_state
                                  000020c4         2   data ,g         * 
  _g_usb_usbmode
                                  000020c6         2   data ,g         * 
  _g_usb_open_class
                                  000020c8         2   data ,g         * 
FILE=.\src\smc_gen\r_usb_basic\src\hw\r_usb_creg_abs.obj
                                  000020ca  000020cb         2
  _g_usb_hstd_use_pipe
                                  000020ca         2   data ,g         * 
FILE=.\src\smc_gen\r_usb_hmsc\src\r_usb_hmsc_driver.obj
                                  000020cc  00002165        9a
  _usb_shmsc_process
                                  000020cc         2   data ,l         * 
  _usb_shmsc_data_seq
                                  000020ce         2   data ,l         * 
  _usb_shmsc_stall_err_seq
                                  000020d0         2   data ,l         * 
  _usb_hmsc_csw_err_loop
                                  000020d2         2   data ,l         * 
  _g_usb_hmsc_pipe_table
                                  000020d4        30   data ,g         * 
  _g_usb_hmsc_drvno_tbl
                                  00002104        18   data ,g         * 
  _g_usb_hmsc_out_pipe
                                  0000211c         8   data ,g         * 
  _g_usb_hmsc_in_pipe
                                  00002124         8   data ,g         * 
  _g_usb_hmsc_out_pipectr
                                  0000212c         8   data ,g         * 
  _g_usb_hmsc_in_pipectr
                                  00002134         8   data ,g         * 
  _g_usb_hmsc_init_seq
                                  0000213c         2   data ,g         * 
  _g_usb_hmsc_devaddr
                                  0000213e         2   data ,g         * 
  _g_usb_shmsc_data_stall_seq
                                  00002140         2   data ,g         * 
  _g_usb_hmsc_speed
                                  00002142         2   data ,g         * 
  _side$1
                                  00002144         2   data ,l         * 
  _devadr$3
                                  00002146         2   data ,l         * 
  _string_setup$4
                                  00002148         a   data ,l         * 
  _get_max_lun_table$6
                                  00002152         a   data ,l         * 
  _mass_storage_reset_table$7
                                  0000215c         a   data ,l         * 
FILE=.\src\smc_gen\r_usb_hmsc\src\r_usb_hstorage_driver.obj
                                  00002166  00002171         c
  _g_usb_hmsc_strg_process
                                  00002166         2   data ,g         * 
  _g_usb_hmsc_read_partition_retry_count
                                  00002168         2   data ,l         * 
  _usb_shmsc_command_end_flag
                                  0000216a         2   data ,l         * 
  _g_usb_hmsc_root_devaddr
                                  0000216c         2   data ,g         * 
  _g_usb_hmsc_drive_search_seq
                                  0000216e         2   data ,g         * 
  _side$1
                                  00002170         2   data ,l         * 

SECTION=R_2
FILE=.\src\smc_gen\r_tfat_driver_rx\src\device\usb\r_tfat_drv_if_usb.obj
                                  00002172  00002173         2
  _g_usb_hmsc_tfatSecSize
                                  00002172         2   data ,l         * 
FILE=.\src\smc_gen\r_usb_basic\src\driver\r_usb_hstdfunction.obj
                                  00002174  00002175         2
  _g_usb_cstd_driver_open
                                  00002174         2   data ,l         * 
FILE=.\src\smc_gen\r_usb_hmsc\src\r_usb_hmsc_driver.obj
                                  00002176  00002177         2
  _init_flag$5
                                  00002176         2   data ,l         * 

SECTION=B
FILE=.\src\demo_src\r_usb_hmsc_apl.obj
                                  00002178  000024d7       360
  _fd_temp
                                  00002178        14   data ,g         * 
  _g_file_object
                                  0000218c       234   data ,l         * 
  _fno$1
                                  000023c0       118   data ,l         * 
FILE=.\src\smc_gen\r_bsp\mcu\all\lowsrc.obj
                                  000024d8  00002527        50
  __Files
                                  000024d8        50   data ,g         * 
FILE=.\src\smc_gen\r_bsp\mcu\all\mcu_locks.obj
                                  00002528  000026f7       1d0
  _g_bsp_Locks
                                  00002528       1d0   data ,g         * 
FILE=.\src\smc_gen\r_bsp\mcu\all\r_bsp_interrupts.obj
                                  000026f8  0000287b       184
  _g_bsp_vectors
                                  000026f8       184   data ,l         * 
FILE=.\src\smc_gen\r_bsp\mcu\all\sbrk.obj
                                  0000287c  00002c7f       404
  __s1ptr
                                  0000287c         4   data ,g         * 
  _s_heap_area
                                  00002880       400   data ,l         * 
FILE=.\src\smc_gen\r_cmt_rx\src\r_cmt_rx.obj
                                  00002c80  00002c9f        20
  _g_cmt_modes
                                  00002c80        10   data ,l         * 
  _g_cmt_callbacks
                                  00002c90        10   data ,l         * 
FILE=.\src\smc_gen\r_sys_time_rx\src\r_sys_time_rx.obj
                                  00002ca0  00002eb3       214
  _sys_time_private
                                  00002ca0        2c   data ,l         * 
  _sys_time_cmt_channel
                                  00002ccc         4   data ,l         * 
  _process_list
                                  00002cd0       1e0   data ,l         * 
  __1s_timer$1
                                  00002eb0         4   data ,l         * 
FILE=.\src\smc_gen\r_tfat_rx\src\ff.obj
                                  00002eb4  00002eb7         4
  _FatFs
                                  00002eb4         4   data ,l         * 
FILE=.\src\smc_gen\r_usb_basic\src\driver\r_usb_hdriver.obj
                                  00002eb8  0000303f       188
  _usb_shstd_clr_stall_ctrl
                                  00002eb8        30   data ,l         * 
  _usb_shstd_clr_stall_call
                                  00002ee8         4   data ,l         * 
  _g_usb_hstd_device_drv
                                  00002eec        d8   data ,g         * 
  _g_usb_hstd_data_cnt
                                  00002fc4        28   data ,g         * 
  _g_usb_hstd_data_cnt_pipe0
                                  00002fec         4   data ,g         * 
  _gp_usb_hstd_data_ptr
                                  00002ff0        28   data ,g         * 
  _g_p_usb_hstd_pipe
                                  00003018        28   data ,g         * 
FILE=.\src\smc_gen\r_usb_basic\src\driver\r_usb_hinthandler_usbip0.obj
                                  00003040  0000330f       2d0
  _g_usb_cstd_int_msg
                                  00003040       2d0   data ,g         * 
FILE=.\src\smc_gen\r_usb_basic\src\driver\r_usb_hmanager.obj
                                  00003310  00003377        68
  _usb_shstd_std_req_msg
                                  00003310        30   data ,l         * 
  _p_usb_shstd_mgr_msg
                                  00003340         4   data ,l         * 
  _usb_shstd_mgr_callback
                                  00003344         4   data ,l         * 
  _g_usb_hstd_class_ctrl
                                  00003348        30   data ,g         * 
FILE=.\src\smc_gen\r_usb_basic\src\driver\r_usb_hscheduler.obj
                                  00003378  00003a97       720
  _p_usb_scheduler_table_add
                                  00003378       280   data ,l         * 
  _usb_scheduler_block
                                  000035f8       3c0   data ,l         * 
  _p_usb_scheduler_add_use
                                  000039b8         4   data ,l         * 
  _p_usb_scheduler_wait_add
                                  000039bc        dc   data ,l         * 
FILE=.\src\smc_gen\r_usb_basic\src\driver\r_usb_usbif_api.obj
                                  00003a98  00003d6b       2d4
  _g_usb_cstd_event
                                  00003a98        f4   data ,g         * 
  _g_usb_hdata
                                  00003b8c       1e0   data ,g         * 
FILE=.\src\smc_gen\r_usb_hmsc\src\r_usb_hmsc_driver.obj
                                  00003d6c  00004f47      11dc
  _usb_hmsc_trans_data
                                  00003d6c        c0   data ,l         * 
  _usb_hmsc_receive_data
                                  00003e2c        c0   data ,l         * 
  _usb_hmsc_trans_size
                                  00003eec         4   data ,l         * 
  _pusb_hmsc_buff
                                  00003ef0         4   data ,l         * 
  _g_usb_hmsc_cmd_data_length
                                  00003ef4         4   data ,g         * 
  _g_usb_hmsc_cmd_data_length_rtos_tmp
                                  00003ef8         4   data ,g         * 
  _g_usb_hmsc_cbw
                                  00003efc       800   data ,g         * 
  _g_usb_hmsc_csw
                                  000046fc       800   data ,g         * 
  _g_usb_hmsc_csw_tag_no
                                  00004efc        10   data ,g         * 
  _g_p_usb_hmsc_device_table
                                  00004f0c         4   data ,g         * 
  _g_p_usb_hmsc_config_table
                                  00004f10         4   data ,g         * 
  _g_p_usb_hmsc_interface_table
                                  00004f14         4   data ,g         * 
  _g_usb_hmsc_class_control
                                  00004f18        30   data ,g         * 
FILE=.\src\smc_gen\r_usb_hmsc\src\r_usb_hstorage_driver.obj
                                  00004f48  00004f4b         4
  _usb_shmsc_command_result
                                  00004f48         4   data ,l         * 
FILE=_errno
                                  00004f4c  00004f4f         4
  __errno
                                  00004f4c         4   data ,g         * 

SECTION=R
FILE=.\src\demo_src\main.obj
                                  00004f50  00004f53         4
  _USBB
                                  00004f50         4   data ,g         * 
FILE=.\src\demo_src\r_usb_hmsc_apl.obj
                                  00004f54  00004f5f         c
  _a
                                  00004f54         4   data ,g         * 
  _space$3
                                  00004f58         4   data ,l         * 
  _branch$4
                                  00004f5c         4   data ,l         * 
FILE=.\src\smc_gen\r_bsp\mcu\all\lowsrc.obj
                                  00004f60  00004f73        14
  _env_list
                                  00004f60        10   data ,g         * 
  _environ
                                  00004f70         4   data ,g         * 
FILE=.\src\smc_gen\r_bsp\mcu\all\sbrk.obj
                                  00004f74  00004f77         4
  _sp_brk
                                  00004f74         4   data ,l         * 
FILE=.\src\smc_gen\r_sys_time_rx\src\r_sys_time_rx.obj
                                  00004f78  00004f7b         4
  _sys_time_opened_flag
                                  00004f78         4   data ,l         * 
FILE=.\src\smc_gen\r_tfat_driver_rx\src\r_tfat_drv_if.obj
                                  00004f7c  00004f7f         4
  _TFAT_DRIVE_USB_ALLOC
                                  00004f7c         4   data ,l         * 
FILE=.\src\smc_gen\r_usb_basic\src\driver\r_usb_cdataio.obj
                                  00004f80  00004ff7        78
  _g_usb_callback
                                  00004f80        78   data ,g         * 
FILE=.\src\smc_gen\r_usb_basic\src\driver\r_usb_clibusbip.obj
                                  00004ff8  00004ffb         4
  _v
                                  00004ff8         4   data ,g         * 
FILE=.\src\smc_gen\r_usb_basic\src\driver\r_usb_hmanager.obj
                                  00004ffc  0000501b        20
  _g_usb_hstd_enumaration_process
                                  00004ffc        20   data ,g         * 
FILE=xfiles
                                  0000501c  000050f3        d8
  __Stdin
                                  0000501c        48   data ,g         * 
  __Stdout
                                  00005064        48   data ,g         * 
  __Stderr
                                  000050ac        48   data ,g         * 
FILE=xprintf
                                  000050f4  000050f7         4
  _stderr
                                  000050f4         4   data ,g         * 
FILE=xctype
                                  000050f8  000050ff         8
  __Ctype
                                  000050f8         4   data ,g         * 
  __Tls_setup__Ctype
                                  000050fc         4   data ,g         * 
FILE=malloc
                                  00005100  00005107         8
  __Aldata
                                  00005100         8   data ,g         * 
FILE=xstate
                                  00005108  0000514f        48
  __Tls_setup__Mbcurmax
                                  00005108         4   data ,g         * 
  __Mbstate
                                  0000510c        40   data ,g         * 
  __Tls_setup__Mbstate
                                  0000514c         4   data ,g         * 
FILE=localeco
                                  00005150  000051a3        54
  __Locale
                                  00005150        50   data ,g         * 
  __Tls_setup__Locale
                                  000051a0         4   data ,g         * 
FILE=xwcstate
                                  000051a4  000051e7        44
  __Wcstate
                                  000051a4        40   data ,g         * 
  __Tls_setup__Wcstate
                                  000051e4         4   data ,g         * 
FILE=xfvalues
                                  000051e8  0000525f        78
  __FDenorm
                                  000051e8        10   data ,g         * 
  __FEps
                                  000051f8        10   data ,g         * 
  __FHugeval
                                  00005208        10   data ,g         * 
  __FInf
                                  00005218        10   data ,g         * 
  __FNan
                                  00005228        10   data ,g         * 
  __FSnan
                                  00005238        10   data ,g         * 
  __FRteps
                                  00005248        10   data ,g         * 
  __FXbig
                                  00005258         4   data ,g         * 
  __FZero
                                  0000525c         4   data ,g         * 

SECTION=$ADDR_C_FE7F5D00
FILE=.\src\smc_gen\r_bsp\mcu\rx65n\vecttbl.obj
                                  fe7f5d00  fe7f5d0b         c
  ___MDEreg
                                  fe7f5d00         4   data ,g         * 
  ___OFS0reg
                                  fe7f5d04         4   data ,g         * 
  ___OFS1reg
                                  fe7f5d08         4   data ,g         * 

SECTION=$ADDR_C_FE7F5D10
FILE=.\src\smc_gen\r_bsp\mcu\rx65n\vecttbl.obj
                                  fe7f5d10  fe7f5d13         4
  ___TMINFreg
                                  fe7f5d10         4   data ,g         * 

SECTION=$ADDR_C_FE7F5D20
FILE=.\src\smc_gen\r_bsp\mcu\rx65n\vecttbl.obj
                                  fe7f5d20  fe7f5d23         4
  ___BANKSELreg
                                  fe7f5d20         4   data ,g         * 

SECTION=$ADDR_C_FE7F5D40
FILE=.\src\smc_gen\r_bsp\mcu\rx65n\vecttbl.obj
                                  fe7f5d40  fe7f5d43         4
  ___SPCCreg
                                  fe7f5d40         4   data ,g         * 

SECTION=$ADDR_C_FE7F5D48
FILE=.\src\smc_gen\r_bsp\mcu\rx65n\vecttbl.obj
                                  fe7f5d48  fe7f5d4b         4
  ___TMEFreg
                                  fe7f5d48         4   data ,g         * 

SECTION=$ADDR_C_FE7F5D50
FILE=.\src\smc_gen\r_bsp\mcu\rx65n\vecttbl.obj
                                  fe7f5d50  fe7f5d5f        10
  ___OSIS1reg
                                  fe7f5d50         4   data ,g         * 
  ___OSIS2reg
                                  fe7f5d54         4   data ,g         * 
  ___OSIS3reg
                                  fe7f5d58         4   data ,g         * 
  ___OSIS4reg
                                  fe7f5d5c         4   data ,g         * 

SECTION=$ADDR_C_FE7F5D64
FILE=.\src\smc_gen\r_bsp\mcu\rx65n\vecttbl.obj
                                  fe7f5d64  fe7f5d67         4
  ___FAWreg
                                  fe7f5d64         4   data ,g         * 

SECTION=$ADDR_C_FE7F5D70
FILE=.\src\smc_gen\r_bsp\mcu\rx65n\vecttbl.obj
                                  fe7f5d70  fe7f5d73         4
  ___ROMCODEreg
                                  fe7f5d70         4   data ,g         * 

SECTION=PResetPRG
FILE=.\src\smc_gen\r_bsp\mcu\all\resetprg.obj
                                  ffe00000  ffe00055        56
  _PowerON_Reset_PC
                                  ffe00000        56   entry,g         * 

SECTION=C_1
FILE=.\src\demo_src\r_usb_hmsc_apl.obj
                                  ffe00056  ffe00064         f
  _g_msc_file
                                  ffe00056         f   data ,l         * 
FILE=.\src\smc_gen\r_sys_time_rx\src\r_sys_time_rx.obj
                                  ffe00065  ffe00070         c
  _year_data
                                  ffe00065         c   data ,l         * 
FILE=.\src\smc_gen\r_tfat_rx\src\ff.obj
                                  ffe00071  ffe00087        17
  _LfnOfs
                                  ffe00071         d   data ,l         * 
  _DbcTbl
                                  ffe0007e         a   data ,l         * 
FILE=.\src\smc_gen\r_usb_basic\src\driver\r_usb_cdataio.obj
                                  ffe00088  ffe0009f        18
  _g_usb_pipe_host
                                  ffe00088        18   data ,l         * 
FILE=xprintf
                                  ffe000a0  ffe000a9         a
  _fchar$1
                                  ffe000a0         a   data ,l         * 
FILE=xputtxt
                                  ffe000aa  ffe0014e        a5
  _spaces
                                  ffe000aa        21   data ,l         * 
  _zeroes
                                  ffe000cb        21   data ,l         * 
  _asterisk
                                  ffe000ec        21   data ,l         * 
  _plus
                                  ffe0010d        21   data ,l         * 
  _minus
                                  ffe0012e        21   data ,l         * 
FILE=xlitob
                                  ffe0014f  ffe00170        22
  _ldigs
                                  ffe0014f        11   data ,l         * 
  _udigs
                                  ffe00160        11   data ,l         * 
FILE=localeco
                                  ffe00171  ffe00171         1
  _null
                                  ffe00171         1   data ,l         * 

SECTION=C_2
FILE=.\src\smc_gen\r_bsp\mcu\all\r_bsp_cpu.obj
                                  ffe00172  ffe00177         6
  _s_prcr_masks
                                  ffe00172         6   data ,l         * 
FILE=.\src\smc_gen\r_tfat_rx\src\ffunicode.obj
                                  ffe00178  ffe0eb15      e99e
  _uni2oem932
                                  ffe00178      7378   data ,l         * 
  _oem2uni932
                                  ffe074f0      7378   data ,l         * 
  _cvt2$2
                                  ffe0e868        bc   data ,l         * 
  _cvt1$1
                                  ffe0e924       1f2   data ,l         * 
FILE=.\src\smc_gen\r_usb_hmsc\src\r_usb_hmsc_driver.obj
                                  ffe0eb16  ffe0eb1d         8
  _g_usb_hmsc_devicetpl
                                  ffe0eb16         8   data ,g         * 
FILE=xctype
                                  ffe0eb1e  ffe0ed1f       202
  _ctyp_tab
                                  ffe0eb1e       202   data ,l         * 

SECTION=C
FILE=.\src\smc_gen\r_bsp\mcu\all\dbsct.obj
                                  ffe0ed20  ffe0ed37        18
  __CTBL
                                  ffe0ed20        18   data ,g         * 
FILE=.\src\smc_gen\r_cmt_rx\src\r_cmt_rx.obj
                                  ffe0ed38  ffe0ed57        20
  _g_cmt_channels
                                  ffe0ed38        10   data ,l         * 
  _g_cmt_clock_dividers
                                  ffe0ed48        10   data ,l         * 
FILE=.\src\smc_gen\r_sys_time_rx\src\r_sys_time_rx.obj
                                  ffe0ed58  ffe0f04f       2f8
  _time_offset_tbl
                                  ffe0ed58       2f8   data ,l         * 
FILE=_nfiles
                                  ffe0f050  ffe0f053         4
  __nfiles
                                  ffe0f050         4   data ,g         * 
FILE=xfoprep
                                  ffe0f054  ffe0f09b        48
  _init$1
                                  ffe0f054        48   data ,l         * 
FILE=xprintf
                                  ffe0f09c  ffe0f0b3        18
  _fbit$2
                                  ffe0f09c        18   data ,l         * 
FILE=xfopen
                                  ffe0f0b4  ffe0f0c3        10
  _rwacc$1
                                  ffe0f0b4        10   data ,l         * 
FILE=xldtob
                                  ffe0f0c4  ffe0f0db        18
  _pows
                                  ffe0f0c4        18   data ,l         * 
FILE=_sbrk_si
                                  ffe0f0dc  ffe0f0df         4
  __sbrk_size
                                  ffe0f0dc         4   data ,g         * 

SECTION=C$DSEC
FILE=.\src\smc_gen\r_bsp\mcu\all\dbsct.obj
                                  ffe0f0e0  ffe0f127        48
  __DTBL
                                  ffe0f0e0        48   data ,g         * 

SECTION=C$BSEC
FILE=.\src\smc_gen\r_bsp\mcu\all\dbsct.obj
                                  ffe0f128  ffe0f157        30
  __BTBL
                                  ffe0f128        30   data ,g         * 

SECTION=C$VECT
FILE=.\src\smc_gen\r_bsp\mcu\all\resetprg.obj
                                  ffe0f158  ffe0f557       400

SECTION=D
FILE=.\src\demo_src\main.obj
                                  ffe0f558  ffe0f55b         4
FILE=.\src\demo_src\r_usb_hmsc_apl.obj
                                  ffe0f55c  ffe0f567         c
FILE=.\src\smc_gen\r_bsp\mcu\all\lowsrc.obj
                                  ffe0f568  ffe0f57b        14
FILE=.\src\smc_gen\r_bsp\mcu\all\sbrk.obj
                                  ffe0f57c  ffe0f57f         4
FILE=.\src\smc_gen\r_sys_time_rx\src\r_sys_time_rx.obj
                                  ffe0f580  ffe0f583         4
FILE=.\src\smc_gen\r_tfat_driver_rx\src\r_tfat_drv_if.obj
                                  ffe0f584  ffe0f587         4
FILE=.\src\smc_gen\r_usb_basic\src\driver\r_usb_cdataio.obj
                                  ffe0f588  ffe0f5ff        78
FILE=.\src\smc_gen\r_usb_basic\src\driver\r_usb_clibusbip.obj
                                  ffe0f600  ffe0f603         4
FILE=.\src\smc_gen\r_usb_basic\src\driver\r_usb_hmanager.obj
                                  ffe0f604  ffe0f623        20
FILE=xfiles
                                  ffe0f624  ffe0f6fb        d8
FILE=xprintf
                                  ffe0f6fc  ffe0f6ff         4
FILE=xctype
                                  ffe0f700  ffe0f707         8
FILE=malloc
                                  ffe0f708  ffe0f70f         8
FILE=xstate
                                  ffe0f710  ffe0f757        48
FILE=localeco
                                  ffe0f758  ffe0f7ab        54
FILE=xwcstate
                                  ffe0f7ac  ffe0f7ef        44
FILE=xfvalues
                                  ffe0f7f0  ffe0f867        78

SECTION=D_1
FILE=.\src\smc_gen\r_tfat_driver_rx\src\r_tfat_drv_if.obj
                                  ffe0f868  ffe0f87b        14
FILE=.\src\smc_gen\r_usb_basic\src\driver\r_usb_hdriver.obj
                                  ffe0f87c  ffe0f87c         1
FILE=.\src\smc_gen\r_usb_basic\src\driver\r_usb_hmanager.obj
                                  ffe0f87d  ffe0f87d         1
FILE=.\src\smc_gen\r_usb_basic\src\driver\r_usb_usbif_api.obj
                                  ffe0f87e  ffe0f87e         1
FILE=xfiles
                                  ffe0f87f  ffe0f8ce        50
FILE=xstate
                                  ffe0f8cf  ffe0f8cf         1

SECTION=D_2
FILE=.\src\smc_gen\r_tfat_driver_rx\src\device\usb\r_tfat_drv_if_usb.obj
                                  ffe0f8d0  ffe0f8d1         2
FILE=.\src\smc_gen\r_usb_basic\src\driver\r_usb_hstdfunction.obj
                                  ffe0f8d2  ffe0f8d3         2
FILE=.\src\smc_gen\r_usb_hmsc\src\r_usb_hmsc_driver.obj
                                  ffe0f8d4  ffe0f8d5         2

SECTION=W_1
FILE=.\src\smc_gen\r_bsp\mcu\all\r_bsp_cpu.obj
                                  ffe0f8d8  ffe0f8e7        10
FILE=.\src\smc_gen\r_tfat_rx\src\ffunicode.obj
                                  ffe0f8e8  ffe0f8f0         9

SECTION=L
FILE=.\src\demo_src\r_usb_hmsc_apl.obj
                                  ffe0f8f4  ffe0f98b        98
FILE=.\src\smc_gen\r_bsp\mcu\all\dbsct.obj
                                  ffe0f98c  ffe0f98f         4
  _deadSpace
                                  ffe0f98c         4   data ,g         * 
FILE=.\src\smc_gen\r_bsp\mcu\all\lowsrc.obj
                                  ffe0f990  ffe0f9d1        42
FILE=.\src\smc_gen\r_bsp\mcu\rx65n\mcu_clocks.obj
                                  ffe0f9d4  ffe0f9df         c
FILE=.\src\smc_gen\r_sys_time_rx\src\r_sys_time_rx.obj
                                  ffe0f9e0  ffe0f9e3         4
FILE=.\src\smc_gen\r_tfat_rx\src\ff.obj
                                  ffe0f9e4  ffe0f9fc        19
FILE=.\src\smc_gen\r_usb_basic\src\driver\r_usb_clibusbip.obj
                                  ffe0fa00  ffe0faa4        a5
FILE=.\src\smc_gen\r_usb_basic\src\driver\r_usb_hcontrolrw.obj
                                  ffe0faa8  ffe0fada        33
FILE=.\src\smc_gen\r_usb_basic\src\driver\r_usb_hdriver.obj
                                  ffe0fadc  ffe0fd49       26e
FILE=.\src\smc_gen\r_usb_basic\src\driver\r_usb_hintfifo.obj
                                  ffe0fd4c  ffe0fd62        17
FILE=.\src\smc_gen\r_usb_basic\src\driver\r_usb_hlibusbip.obj
                                  ffe0fd64  ffe0fdd5        72
FILE=.\src\smc_gen\r_usb_basic\src\driver\r_usb_hmanager.obj
                                  ffe0fdd8  ffe1003b       264
FILE=.\src\smc_gen\r_usb_basic\src\driver\r_usb_usbif_api.obj
                                  ffe1003c  ffe1006d        32
FILE=.\src\smc_gen\r_usb_basic\src\hw\r_usb_creg_access.obj
                                  ffe10070  ffe10097        28
FILE=.\src\smc_gen\r_usb_basic\src\hw\r_usb_hreg_abs.obj
                                  ffe10098  ffe100d4        3d
FILE=.\src\smc_gen\r_usb_basic\src\hw\r_usb_hreg_access.obj
                                  ffe100d8  ffe1010e        37
FILE=.\src\smc_gen\r_usb_hmsc\src\r_usb_hmsc_driver.obj
                                  ffe10110  ffe10205        f6
FILE=.\src\smc_gen\r_usb_hmsc\src\r_usb_hstorage_driver.obj
                                  ffe10208  ffe102a4        9d
FILE=xprintf
                                  ffe102a8  ffe102ae         7
FILE=xldtob
                                  ffe102b0  ffe102d1        22
FILE=xgenld
                                  ffe102d4  ffe102d5         2
FILE=localeco
                                  ffe102d8  ffe102e4         d

SECTION=P
FILE=.\src\demo_src\main.obj
                                  ffe102e5  ffe10314        30
  _main
                                  ffe102e5         5   func ,g         * 
  _PinSet_USB0_HOST
                                  ffe102ea        2b   func ,g         * 
FILE=.\src\demo_src\r_usb_hmsc_apl.obj
                                  ffe10315  ffe106d4       3c0
  _usb_main
                                  ffe10315        90   func ,g         * 
  _msc_file_read
                                  ffe103a5        30   func ,l         * 
  _usb_pin_setting
                                  ffe103d5         5   func ,l         * 
  _apl_init
                                  ffe103da        50   func ,l         * 
  _usb_compliance_disp
                                  ffe1042a         6   func ,g         * 
  _tree
                                  ffe10430        87   func ,g         * 
  _scan_directory
                                  ffe104b7       1b2   func ,l         * 
  _str_hierarchy
                                  ffe10669        6c   func ,l         * 
FILE=.\src\smc_gen\general\r_cg_hardware_setup.obj
                                  ffe106d5  ffe1071c        48
  _r_undefined_exception
                                  ffe106d5         1   func ,g         * 
  _R_Systeminit
                                  ffe106d6        47   func ,g         * 
FILE=.\src\smc_gen\general\r_smc_cgc.obj
                                  ffe1071d  ffe10721         5
  _R_CGC_Create
                                  ffe1071d         5   func ,g         * 
FILE=.\src\smc_gen\general\r_smc_cgc_user.obj
                                  ffe10722  ffe10722         1
  _R_CGC_Create_UserInit
                                  ffe10722         1   func ,g         * 
FILE=.\src\smc_gen\general\r_smc_interrupt.obj
                                  ffe10723  ffe10723         1
  _R_Interrupt_Create
                                  ffe10723         1   func ,g         * 
FILE=.\src\smc_gen\r_bsp\board\generic_rx65n\hwsetup.obj
                                  ffe10724  ffe107f2        cf
  _hardware_setup
                                  ffe10724        14   func ,g         * 
  _output_ports_configure
                                  ffe10738         2   func ,l         * 
  _interrupts_configure
                                  ffe1073a         2   func ,l         * 
  _peripheral_modules_enable
                                  ffe1073c         5   func ,l         * 
  _bsp_adc_initial_configure
                                  ffe10741        70   func ,l         * 
  _bsp_bsc_initial_configure
                                  ffe107b1        42   func ,l         * 
FILE=.\src\smc_gen\r_bsp\mcu\all\lowlvl.obj
                                  ffe107f3  ffe1082c        3a
  _charput
                                  ffe107f3        1d   func ,g         * 
  _charget
                                  ffe10810        1d   func ,g         * 
FILE=.\src\smc_gen\r_bsp\mcu\all\lowsrc.obj
                                  ffe1082d  ffe10b12       2e6
  _init_iolib
                                  ffe1082d        e8   func ,g         * 
  _close_all
                                  ffe10915        3e   func ,g         * 
  _open
                                  ffe10953        a7   func ,g         * 
  _close
                                  ffe109fa         b   func ,g         * 
  _write
                                  ffe10a05        8c   func ,g         * 
  _read
                                  ffe10a91        71   func ,g         * 
  _lseek
                                  ffe10b02        11   func ,g         * 
FILE=.\src\smc_gen\r_bsp\mcu\all\r_bsp_common.obj
                                  ffe10b13  ffe10c40       12e
  _R_BSP_GetVersion
                                  ffe10b13         e   func ,g         * 
  _R_BSP_GetIClkFreqHz
                                  ffe10b21         a   func ,g         * 
  _R_BSP_SoftwareDelay
                                  ffe10b2b       116   func ,g         * 
FILE=.\src\smc_gen\r_bsp\mcu\all\r_bsp_cpu.obj
                                  ffe10c41  ffe10e55       215
  _R_BSP_InterruptsDisable
                                  ffe10c41        17   func ,g         * 
  _R_BSP_InterruptsEnable
                                  ffe10c58        17   func ,g         * 
  _R_BSP_CpuInterruptLevelRead
                                  ffe10c6f        1d   func ,g         * 
  _R_BSP_CpuInterruptLevelWrite
                                  ffe10c8c        84   func ,g         * 
  _R_BSP_RegisterProtectEnable
                                  ffe10d10        84   func ,g         * 
  _R_BSP_RegisterProtectDisable
                                  ffe10d94        6c   func ,g         * 
  _R_BSP_SoftwareReset
                                  ffe10e00        11   func ,g         * 
  _bsp_register_protect_open
                                  ffe10e11        22   func ,g         * 
  _bsp_ram_initialize
                                  ffe10e33        23   func ,g         * 
FILE=.\src\smc_gen\r_bsp\mcu\all\r_bsp_interrupts.obj
                                  ffe10e56  ffe1172c       8d7
  _R_BSP_InterruptRequestEnable
                                  ffe10e56        21   func ,g         * 
  _R_BSP_InterruptRequestDisable
                                  ffe10e77        21   func ,g         * 
  _bsp_interrupt_open
                                  ffe10e98        2b   func ,g         * 
  _R_BSP_InterruptWrite
                                  ffe10ec3        77   func ,g         * 
  _R_BSP_InterruptRead
                                  ffe10f3a        51   func ,g         * 
  _R_BSP_InterruptControl
                                  ffe10f8b        ea   func ,g         * 
  _bsp_fit_interrupts_control
                                  ffe11075        77   func ,l         * 
  _bsp_gr_int_enable_disable
                                  ffe110ec       3b7   func ,l         * 
  _excep_supervisor_inst_isr
                                  ffe114a3        17   func ,g         * 
  _excep_access_isr
                                  ffe114ba        17   func ,g         * 
  _excep_undefined_inst_isr
                                  ffe114d1        17   func ,g         * 
  _excep_floating_point_isr
                                  ffe114e8        29   func ,g         * 
  _non_maskable_isr
                                  ffe11511       1e7   func ,g         * 
  _undefined_interrupt_source_isr
                                  ffe116f8        17   func ,g         * 
  _bus_error_isr
                                  ffe1170f        1e   func ,g         * 
FILE=.\src\smc_gen\r_bsp\mcu\all\r_bsp_locking.obj
                                  ffe1172d  ffe11791        65
  _R_BSP_SoftwareLock
                                  ffe1172d        27   func ,g         * 
  _R_BSP_SoftwareUnlock
                                  ffe11754         e   func ,g         * 
  _R_BSP_HardwareLock
                                  ffe11762        18   func ,g         * 
  _R_BSP_HardwareUnlock
                                  ffe1177a        18   func ,g         * 
FILE=.\src\smc_gen\r_bsp\mcu\all\r_rx_intrinsic_functions.obj
                                  ffe11792  ffe11830        9f
  _R_BSP_ChangeToUserMode
                                  ffe11792        20   func ,g         * 
  _R_BSP_SetBPSW
                                  ffe117b2         4   func ,g         * 
  _R_BSP_GetBPSW
                                  ffe117b6        13   func ,g         * 
  _R_BSP_SetBPC
                                  ffe117c9         4   func ,g         * 
  _R_BSP_GetBPC
                                  ffe117cd        13   func ,g         * 
  _R_BSP_SetEXTB
                                  ffe117e0         4   func ,g         * 
  _R_BSP_GetEXTB
                                  ffe117e4        13   func ,g         * 
  _R_BSP_MoveToAccHiLong
                                  ffe117f7         4   func ,g         * 
  _R_BSP_MoveToAccLoLong
                                  ffe117fb         4   func ,g         * 
  _R_BSP_MoveFromAccHiLong
                                  ffe117ff        13   func ,g         * 
  _R_BSP_MoveFromAccMiLong
                                  ffe11812        13   func ,g         * 
  _R_BSP_BitSet
                                  ffe11825         4   func ,g         * 
  _R_BSP_BitClear
                                  ffe11829         4   func ,g         * 
  _R_BSP_BitReverse
                                  ffe1182d         4   func ,g         * 
FILE=.\src\smc_gen\r_bsp\mcu\all\sbrk.obj
                                  ffe11831  ffe1186c        3c
  _sbrk
                                  ffe11831        3c   func ,g         * 
FILE=.\src\smc_gen\r_bsp\mcu\rx65n\mcu_clocks.obj
                                  ffe1186d  ffe11b71       305
  _get_iclk_freq_hz
                                  ffe1186d        d4   func ,g         * 
  _mcu_clock_setup
                                  ffe11941         4   func ,g         * 
  _operating_frequency_set
                                  ffe11945        ba   func ,l         * 
  _clock_source_select
                                  ffe119ff       173   func ,l         * 
FILE=.\src\smc_gen\r_bsp\mcu\rx65n\mcu_init.obj
                                  ffe11b72  ffe11c15        a4
  _bsp_non_existent_port_init
                                  ffe11b72        a4   func ,g         * 
FILE=.\src\smc_gen\r_bsp\mcu\rx65n\mcu_interrupts.obj
                                  ffe11c16  ffe12622       a0d
  _bsp_interrupt_enable_disable
                                  ffe11c16       143   func ,g         * 
  _group_bl0_handler_isr
                                  ffe11d59       374   func ,l         * 
  _group_bl1_handler_isr
                                  ffe120cd       2e0   func ,l         * 
  _group_bl2_handler_isr
                                  ffe123ad        2e   func ,l         * 
  _group_al0_handler_isr
                                  ffe123db       13c   func ,l         * 
  _group_al1_handler_isr
                                  ffe12517        a6   func ,l         * 
  _group_be0_handler_isr
                                  ffe125bd        66   func ,l         * 
FILE=.\src\smc_gen\r_bsp\mcu\rx65n\mcu_mapped_interrupts.obj
                                  ffe12623  ffe12aa1       47f
  _bsp_mapped_interrupt_open
                                  ffe12623       47f   func ,g         * 
FILE=.\src\smc_gen\r_cmt_rx\src\r_cmt_rx.obj
                                  ffe12aa2  ffe13524       a83
  _R_CMT_CreatePeriodic
                                  ffe12aa2        1a   func ,g         * 
  _R_CMT_CreatePeriodicAssignChannelPriority
                                  ffe12abc        24   func ,g         * 
  _R_CMT_CreateOneShot
                                  ffe12ae0        22   func ,g         * 
  _R_CMT_CreateOneShotAssignChannelPriority
                                  ffe12b02        2c   func ,g         * 
  _R_CMT_Stop
                                  ffe12b2e        37   func ,g         * 
  _R_CMT_Control
                                  ffe12b65       2e5   func ,g         * 
  _cmt_create
                                  ffe12e4a        74   func ,l         * 
  _cmt_create_priority
                                  ffe12ebe        a0   func ,l         * 
  _cmt_lock_state
                                  ffe12f5e        12   func ,l         * 
  _cmt_unlock_state
                                  ffe12f70         7   func ,l         * 
  _cmt_find_channel
                                  ffe12f77        37   func ,l         * 
  _power_on
                                  ffe12fae        a4   func ,l         * 
  _power_off
                                  ffe13052        d7   func ,l         * 
  _cmt_counter_start
                                  ffe13129        f2   func ,l         * 
  _cmt_counter_start_priority
                                  ffe1321b       102   func ,l         * 
  _cmt_counter_stop
                                  ffe1331d        d3   func ,l         * 
  _cmt_setup_channel
                                  ffe133f0        94   func ,l         * 
  _R_CMT_GetVersion
                                  ffe13484         e   func ,g         * 
  _cmt_isr_common
                                  ffe13492        57   func ,l         * 
  _cmt0_isr
                                  ffe134e9         f   func ,l         * 
  _cmt1_isr
                                  ffe134f8         f   func ,l         * 
  _cmt2_isr
                                  ffe13507         f   func ,l         * 
  _cmt3_isr
                                  ffe13516         f   func ,l         * 
FILE=.\src\smc_gen\r_pincfg\Pin.obj
                                  ffe13525  ffe13557        33
  _R_Pins_Create
                                  ffe13525        33   func ,g         * 
FILE=.\src\smc_gen\r_pincfg\r_usb_basic_pinset.obj
                                  ffe13558  ffe13582        2b
  _R_USB_PinSet_USB0_HOST
                                  ffe13558        2b   func ,g         * 
FILE=.\src\smc_gen\r_sys_time_rx\src\r_sys_time_rx.obj
                                  ffe13583  ffe13ddc       85a
  _R_SYS_TIME_Open
                                  ffe13583        7f   func ,g         * 
  _R_SYS_TIME_GetCurrentTime
                                  ffe13602        3b   func ,g         * 
  _R_SYS_TIME_SetCurrentTime
                                  ffe1363d       214   func ,g         * 
  _R_SYS_TIME_ConvertUnixTimeToSystemTime
                                  ffe13851       1d2   func ,g         * 
  _R_SYS_TIME_RegisterPeriodicCallback
                                  ffe13a23        c6   func ,g         * 
  _R_SYS_TIME_UnregisterPeriodicCallback
                                  ffe13ae9        71   func ,g         * 
  _R_SYS_TIME_IsPeriodicCallbackRegistered
                                  ffe13b5a        53   func ,g         * 
  _R_SYS_TIME_Close
                                  ffe13bad        38   func ,g         * 
  _R_SYS_TIME_GetVersion
                                  ffe13be5         d   func ,g         * 
  _sys_time_process
                                  ffe13bf2       199   func ,l         * 
  _is_leap_year
                                  ffe13d8b        52   func ,l         * 
FILE=.\src\smc_gen\r_tfat_driver_rx\src\device\usb\r_tfat_drv_if_usb.obj
                                  ffe13ddd  ffe14005       229
  _usb_disk_initialize
                                  ffe13ddd         b   func ,g         * 
  _usb_disk_read
                                  ffe13de8        d2   func ,g         * 
  _usb_disk_write
                                  ffe13eba        d2   func ,g         * 
  _usb_disk_ioctl
                                  ffe13f8c        4c   func ,g         * 
  _usb_disk_status
                                  ffe13fd8         b   func ,g         * 
  _R_usb_hmsc_WaitLoop
                                  ffe13fe3        23   func ,l         * 
FILE=.\src\smc_gen\r_tfat_driver_rx\src\r_tfat_drv_if.obj
                                  ffe14006  ffe141d5       1d0
  _chk_use_usb
                                  ffe14006        21   func ,l         * 
  _disk_initialize
                                  ffe14027        2c   func ,g         * 
  _disk_read
                                  ffe14053        37   func ,g         * 
  _disk_write
                                  ffe1408a        37   func ,g         * 
  _disk_ioctl
                                  ffe140c1        33   func ,g         * 
  _disk_status
                                  ffe140f4        2c   func ,g         * 
  _disk_1ms_interval
                                  ffe14120         1   func ,g         * 
  _get_fattime
                                  ffe14121        52   func ,g         * 
  _drv_change_alloc
                                  ffe14173        63   func ,g         * 
FILE=.\src\smc_gen\r_tfat_rx\src\ff.obj
                                  ffe141d6  ffe17892      36bd
  _ld_word
                                  ffe141d6        19   func ,l         * 
  _ld_dword
                                  ffe141ef        2e   func ,l         * 
  _st_word
                                  ffe1421d        26   func ,l         * 
  _st_dword
                                  ffe14243        48   func ,l         * 
  _dbc_1st
                                  ffe1428b        56   func ,l         * 
  _dbc_2nd
                                  ffe142e1        82   func ,l         * 
  _tchar2uni
                                  ffe14363        7c   func ,l         * 
  _put_utf
                                  ffe143df        76   func ,l         * 
  _sync_window
                                  ffe14455        5a   func ,l         * 
  _move_window
                                  ffe144af        46   func ,l         * 
  _sync_fs
                                  ffe144f5        af   func ,l         * 
  _clst2sect
                                  ffe145a4        30   func ,l         * 
  _get_fat
                                  ffe145d4       110   func ,l         * 
  _put_fat
                                  ffe146e4       174   func ,l         * 
  _remove_chain
                                  ffe14858        c6   func ,l         * 
  _create_chain
                                  ffe1491e       1c3   func ,l         * 
  _dir_clear
                                  ffe14ae1        8b   func ,l         * 
  _dir_sdi
                                  ffe14b6c       118   func ,l         * 
  _dir_next
                                  ffe14c84       12a   func ,l         * 
  _dir_alloc
                                  ffe14dae        7c   func ,l         * 
  _ld_clust
                                  ffe14e2a        2c   func ,l         * 
  _st_clust
                                  ffe14e56        28   func ,l         * 
  _cmp_lfn
                                  ffe14e7e        d1   func ,l         * 
  _pick_lfn
                                  ffe14f4f        b0   func ,l         * 
  _put_lfn
                                  ffe14fff        a8   func ,l         * 
  _gen_numname
                                  ffe150a7       131   func ,l         * 
  _sum_sfn
                                  ffe151d8        31   func ,l         * 
  _dir_read
                                  ffe15209       13e   func ,l         * 
  _dir_find
                                  ffe15347       18e   func ,l         * 
  _dir_register
                                  ffe154d5       18f   func ,l         * 
  _dir_remove
                                  ffe15664        6f   func ,l         * 
  _get_fileinfo
                                  ffe156d3       236   func ,l         * 
  _create_name
                                  ffe15909       3b9   func ,l         * 
  _follow_path
                                  ffe15cc2        c7   func ,l         * 
  _get_ldnumber
                                  ffe15d89        c4   func ,l         * 
  _check_fs
                                  ffe15e4d       1b7   func ,l         * 
  _find_volume
                                  ffe16004        d8   func ,l         * 
  _mount_volume
                                  ffe160dc       3be   func ,l         * 
  _validate
                                  ffe1649a        85   func ,l         * 
  _f_mount
                                  ffe1651f        84   func ,g         * 
  _f_open
                                  ffe165a3       300   func ,g         * 
  _f_read
                                  ffe168a3       231   func ,g         * 
  _f_write
                                  ffe16ad4       28e   func ,g         * 
  _f_sync
                                  ffe16d62        a8   func ,g         * 
  _f_close
                                  ffe16e0a        29   func ,g         * 
  _f_lseek
                                  ffe16e33       256   func ,g         * 
  _f_opendir
                                  ffe17089        ca   func ,g         * 
  _f_closedir
                                  ffe17153        1c   func ,g         * 
  _f_readdir
                                  ffe1716f        88   func ,g         * 
  _f_stat
                                  ffe171f7        60   func ,g         * 
  _f_getfree
                                  ffe17257       117   func ,g         * 
  _f_truncate
                                  ffe1736e       10a   func ,g         * 
  _f_unlink
                                  ffe17478        fc   func ,g         * 
  _f_mkdir
                                  ffe17574       160   func ,g         * 
  _f_rename
                                  ffe176d4       1bf   func ,g         * 
FILE=.\src\smc_gen\r_tfat_rx\src\ffunicode.obj
                                  ffe17893  ffe17aca       238
  _ff_uni2oem
                                  ffe17893        a3   func ,g         * 
  _ff_oem2uni
                                  ffe17936        8c   func ,g         * 
  _ff_wtoupper
                                  ffe179c2       109   func ,g         * 
FILE=.\src\smc_gen\r_usb_basic\src\driver\r_usb_cdataio.obj
                                  ffe17acb  ffe17e32       368
  _usb_cstd_debug_hook
                                  ffe17acb         6   func ,g         * 
  _usb_ctrl_read
                                  ffe17ad1        d1   func ,g         * 
  _usb_ctrl_write
                                  ffe17ba2        d1   func ,g         * 
  _usb_ctrl_stop
                                  ffe17c73        2b   func ,g         * 
  _usb_data_read
                                  ffe17c9e        89   func ,g         * 
  _usb_data_write
                                  ffe17d27        84   func ,g         * 
  _usb_data_stop
                                  ffe17dab        4e   func ,g         * 
  _usb_get_usepipe
                                  ffe17df9        3a   func ,g         * 
FILE=.\src\smc_gen\r_usb_basic\src\driver\r_usb_clibusbip.obj
                                  ffe17e33  ffe181b3       381
  _usb_cstd_nrdy_enable
                                  ffe17e33        18   func ,g         * 
  _usb_cstd_get_pid
                                  ffe17e4b        28   func ,g         * 
  _usb_cstd_get_maxpacket_size
                                  ffe17e73        43   func ,g         * 
  _usb_cstd_get_pipe_dir
                                  ffe17eb6        2f   func ,g         * 
  _usb_cstd_get_pipe_type
                                  ffe17ee5        31   func ,g         * 
  _usb_cstd_do_aclrm
                                  ffe17f16        20   func ,g         * 
  _usb_cstd_set_buf
                                  ffe17f36        1a   func ,g         * 
  _usb_cstd_clr_stall
                                  ffe17f50        22   func ,g         * 
  _usb_cstd_port_speed
                                  ffe17f72        3f   func ,g         * 
  _usb_set_event
                                  ffe17fb1        78   func ,g         * 
  _usb_cstd_usb_task
                                  ffe18029        e0   func ,g         * 
  _usb_class_task
                                  ffe18109        ab   func ,g         * 
FILE=.\src\smc_gen\r_usb_basic\src\driver\r_usb_hcontrolrw.obj
                                  ffe181b4  ffe187f2       63f
  _usb_hstd_ctrl_write_start
                                  ffe181b4       11f   func ,g         * 
  _usb_hstd_ctrl_read_start
                                  ffe182d3        ce   func ,g         * 
  _usb_hstd_status_start
                                  ffe183a1        de   func ,g         * 
  _usb_hstd_ctrl_end
                                  ffe1847f       196   func ,g         * 
  _usb_hstd_setup_start
                                  ffe18615       1de   func ,g         * 
FILE=.\src\smc_gen\r_usb_basic\src\driver\r_usb_hdriver.obj
                                  ffe187f3  ffe19dc6      15d4
  _usb_hstd_dev_descriptor
                                  ffe187f3        15   func ,g         * 
  _usb_hstd_con_descriptor
                                  ffe18808        14   func ,g         * 
  _usb_hstd_transfer_start_req
                                  ffe1881c        e0   func ,g         * 
  _usb_hstd_device_resume
                                  ffe188fc        15   func ,g         * 
  _usb_hstd_hcd_snd_mbx
                                  ffe18911        73   func ,g         * 
  _usb_hstd_mgr_snd_mbx
                                  ffe18984        66   func ,g         * 
  _usb_hstd_hcd_rel_mpl
                                  ffe189ea        12   func ,g         * 
  _usb_hstd_suspend
                                  ffe189fc        50   func ,g         * 
  _usb_hstd_set_submitutr
                                  ffe18a4c       191   func ,l         * 
  _usb_hstd_set_retransfer
                                  ffe18bdd        28   func ,l         * 
  _usb_hstd_bus_int_disable
                                  ffe18c05        16   func ,g         * 
  _usb_hstd_interrupt
                                  ffe18c1b       207   func ,l         * 
  _usb_hstd_clr_feature
                                  ffe18e22       14f   func ,g         * 
  _usb_hstd_clr_stall
                                  ffe18f71        40   func ,g         * 
  _usb_hstd_clr_stall_result
                                  ffe18fb1        61   func ,l         * 
  _usb_hstd_hcd_task
                                  ffe19012       54a   func ,g         * 
  _usb_hstd_send_start
                                  ffe1955c        ca   func ,g         * 
  _usb_hstd_fifo_to_buf
                                  ffe19626        88   func ,g         * 
  _usb_hstd_buf_to_fifo
                                  ffe196ae        85   func ,g         * 
  _usb_class_request_complete
                                  ffe19733        72   func ,g         * 
  _usb_hstd_transfer_end
                                  ffe197a5        7e   func ,g         * 
  _usb_hstd_driver_registration
                                  ffe19823        ae   func ,g         * 
  _usb_hstd_driver_release
                                  ffe198d1        52   func ,g         * 
  _usb_hstd_set_pipe_info
                                  ffe19923        6a   func ,g         * 
  _usb_hstd_return_enu_mgr
                                  ffe1998d        22   func ,g         * 
  _usb_hstd_change_device_state
                                  ffe199af        d9   func ,g         * 
  _usb_hstd_hcd_open
                                  ffe19a88       1b2   func ,g         * 
  _usb_hstd_dummy_function
                                  ffe19c3a         a   func ,g         * 
  _usb_hstd_suspend_complete
                                  ffe19c44        30   func ,g         * 
  _usb_hstd_resume_complete
                                  ffe19c74        30   func ,g         * 
  _usb_hstd_device_information
                                  ffe19ca4        be   func ,g         * 
  _usb_host_registration
                                  ffe19d62        13   func ,g         * 
  _usb_hstd_transfer_start
                                  ffe19d75        31   func ,g         * 
  _usb_hstd_connect_err_event_set
                                  ffe19da6        21   func ,g         * 
FILE=.\src\smc_gen\r_usb_basic\src\driver\r_usb_hintfifo.obj
                                  ffe19dc7  ffe1a043       27d
  _usb_hstd_brdy_pipe
                                  ffe19dc7        e8   func ,g         * 
  _usb_hstd_nrdy_pipe
                                  ffe19eaf        74   func ,g         * 
  _usb_hstd_bemp_pipe
                                  ffe19f23       121   func ,g         * 
FILE=.\src\smc_gen\r_usb_basic\src\driver\r_usb_hinthandler_usbip0.obj
                                  ffe1a044  ffe1a0e5        a2
  _usb_hstd_usb_handler
                                  ffe1a044        62   func ,g         * 
  _usb_hstd_init_usb_message
                                  ffe1a0a6        40   func ,g         * 
FILE=.\src\smc_gen\r_usb_basic\src\driver\r_usb_hlibusbip.obj
                                  ffe1a0e6  ffe1ae93       dae
  _usb_hstd_set_dev_addr
                                  ffe1a0e6        22   func ,g         * 
  _usb_hstd_bchg_enable
                                  ffe1a108        10   func ,g         * 
  _usb_hstd_bchg_disable
                                  ffe1a118        10   func ,g         * 
  _usb_hstd_set_uact
                                  ffe1a128        10   func ,g         * 
  _usb_hstd_ovrcr_enable
                                  ffe1a138        10   func ,g         * 
  _usb_hstd_ovrcr_disable
                                  ffe1a148        10   func ,g         * 
  _usb_hstd_attch_enable
                                  ffe1a158        10   func ,g         * 
  _usb_hstd_attch_disable
                                  ffe1a168        10   func ,g         * 
  _usb_hstd_dtch_enable
                                  ffe1a178        10   func ,g         * 
  _usb_hstd_dtch_disable
                                  ffe1a188        10   func ,g         * 
  _usb_hstd_chk_dev_addr
                                  ffe1a198        29   func ,g         * 
  _usb_hstd_get_dev_speed
                                  ffe1a1c1        29   func ,g         * 
  _usb_hstd_pipe_to_epadr
                                  ffe1a1ea        40   func ,g         * 
  _usb_hstd_pipe2fport
                                  ffe1a22a        1d   func ,g         * 
  _usb_hstd_berne_enable
                                  ffe1a247         e   func ,g         * 
  _usb_hstd_sw_reset
                                  ffe1a255        16   func ,g         * 
  _usb_hstd_do_sqtgl
                                  ffe1a26b        29   func ,g         * 
  _usb_hstd_get_devsel
                                  ffe1a294        44   func ,g         * 
  _usb_hstd_get_device_address
                                  ffe1a2d8        6c   func ,g         * 
  _usb_hstd_write_data
                                  ffe1a344       165   func ,g         * 
  _usb_hstd_receive_start
                                  ffe1a4a9        fe   func ,g         * 
  _usb_hstd_read_data
                                  ffe1a5a7       150   func ,g         * 
  _usb_hstd_data_end
                                  ffe1a6f7       143   func ,g         * 
  _usb_hstd_brdy_pipe_process
                                  ffe1a83a        eb   func ,g         * 
  _usb_hstd_nrdy_pipe_process
                                  ffe1a925        8f   func ,g         * 
  _usb_hstd_bemp_pipe_process
                                  ffe1a9b4       152   func ,g         * 
  _usb_hstd_make_pipe_reg_info
                                  ffe1ab06       10e   func ,g         * 
  _usb_hstd_clr_pipe_table
                                  ffe1ac14        b0   func ,g         * 
  _usb_hstd_clr_pipe_table_ip
                                  ffe1acc4        88   func ,g         * 
  _usb_hstd_set_pipe_reg
                                  ffe1ad4c        8d   func ,g         * 
  _usb_hstd_get_pipe_no
                                  ffe1add9        62   func ,g         * 
  _usb_hstd_get_pipe_peri_value
                                  ffe1ae3b        59   func ,g         * 
FILE=.\src\smc_gen\r_usb_basic\src\driver\r_usb_hmanager.obj
                                  ffe1ae94  ffe1cf14      2081
  _usb_hstd_mgr_rel_mpl
                                  ffe1ae94        1d   func ,l         * 
  _usb_hstd_mgr_chgdevst_cb
                                  ffe1aeb1        40   func ,l         * 
  _usb_hstd_enumeration
                                  ffe1aef1       3f7   func ,l         * 
  _usb_hstd_enumeration_err
                                  ffe1b2e8         6   func ,l         * 
  _usb_hstd_chk_device_class
                                  ffe1b2ee       2c9   func ,l         * 
  _usb_hstd_notif_ator_detach
                                  ffe1b5b7        16   func ,g         * 
  _usb_hstd_ovcr_notifiation
                                  ffe1b5cd        12   func ,g         * 
  _usb_hstd_status_result
[...]
  _hw_usb_hset_enb_pddetinte
                                  ffe1fa39         6   func ,g         * 
  _hw_usb_hwrite_intsts
                                  ffe1fa3f         f   func ,g         * 
  _hw_usb_hclear_sts_ovrcr
                                  ffe1fa4e         d   func ,g         * 
  _hw_usb_hclear_sts_bchg
                                  ffe1fa5b         d   func ,g         * 
  _hw_usb_hclear_sts_dtch
                                  ffe1fa68         d   func ,g         * 
  _hw_usb_hclear_sts_attch
                                  ffe1fa75         d   func ,g         * 
  _hw_usb_hclear_sts_sign
                                  ffe1fa82         d   func ,g         * 
  _hw_usb_hclear_sts_sack
                                  ffe1fa8f         d   func ,g         * 
  _hw_usb_hclear_sts_pddetint
                                  ffe1fa9c         6   func ,g         * 
  _hw_usb_hwrite_usbreq
                                  ffe1faa2         f   func ,g         * 
  _hw_usb_hset_usbval
                                  ffe1fab1         f   func ,g         * 
  _hw_usb_hset_usbindx
                                  ffe1fac0         f   func ,g         * 
  _hw_usb_hset_usbleng
                                  ffe1facf         f   func ,g         * 
  _hw_usb_hwrite_dcpctr
                                  ffe1fade        34   func ,g         * 
  _hw_usb_hset_sureq
                                  ffe1fb12        22   func ,g         * 
  _hw_usb_hread_devadd
                                  ffe1fb34        3c   func ,g         * 
  _hw_usb_hrmw_devadd
                                  ffe1fb70        44   func ,g         * 
  _hw_usb_hset_usbspd
                                  ffe1fbb4        35   func ,g         * 
  _hw_usb_hset_dcpmode
                                  ffe1fbe9         6   func ,g         * 
  _hw_usb_hmodule_init
                                  ffe1fbef       109   func ,g         * 
  _hw_usb_hset_trnensel
                                  ffe1fcf8         e   func ,g         * 
FILE=.\src\smc_gen\r_usb_basic\src\hw\r_usb_rx_mcu.obj
                                  ffe1fd06  ffe1ffc4       2bf
  _usb_module_start
                                  ffe1fd06        56   func ,g         * 
  _usb_module_stop
                                  ffe1fd5c       176   func ,g         * 
  _usb_cpu_usbint_init
                                  ffe1fed2        44   func ,g         * 
  _usb_cpu_delay_1us
                                  ffe1ff16        11   func ,g         * 
  _usb_cpu_delay_xms
                                  ffe1ff27        10   func ,g         * 
  _usb_cpu_int_enable
                                  ffe1ff37         8   func ,g         * 
  _usb_cpu_int_disable
                                  ffe1ff3f         8   func ,g         * 
  _usb_chattaring
                                  ffe1ff47        4f   func ,g         * 
  _usbfs_usbi_isr
                                  ffe1ff96        20   func ,l         * 
  _usb_check_use_usba_module
                                  ffe1ffb6         f   func ,g         * 
FILE=.\src\smc_gen\r_usb_hmsc\src\r_usb_hmsc_api.obj
                                  ffe1ffc5  ffe2010f       14b
  _R_USB_HmscStrgCmd
                                  ffe1ffc5        b2   func ,g         * 
  _R_USB_HmscGetDriveNo
                                  ffe20077        99   func ,g         * 
FILE=.\src\smc_gen\r_usb_hmsc\src\r_usb_hmsc_driver.obj
                                  ffe20110  ffe22bfe      2aef
  _usb_hmsc_task
                                  ffe20110        4f   func ,g         * 
  _usb_hmsc_enumeration
                                  ffe2015f       19a   func ,l         * 
  _usb_hmsc_set_rw_cbw
                                  ffe202f9       2e3   func ,g         * 
  _usb_hmsc_set_els_cbw
                                  ffe205dc       328   func ,g         * 
  _usb_hmsc_clr_data
                                  ffe20904        26   func ,g         * 
  _usb_hmsc_no_data
                                  ffe2092a        43   func ,g         * 
  _usb_hmsc_data_in
                                  ffe2096d        75   func ,g         * 
  _usb_hmsc_data_out
                                  ffe209e2        75   func ,g         * 
  _usb_hmsc_data_act
                                  ffe20a57       4e5   func ,l         * 
  _usb_hmsc_stall_err
                                  ffe20f3c       1cb   func ,l         * 
  _usb_hmsc_specified_path
                                  ffe21107        6a   func ,l         * 
  _usb_hmsc_check_result
                                  ffe21171        15   func ,l         * 
  _usb_hmsc_command_result
                                  ffe21186        63   func ,l         * 
  _usb_hmsc_get_string_desc
                                  ffe211e9       1bb   func ,l         * 
  _usb_hmsc_send_cbw
                                  ffe213a4       1f3   func ,l         * 
  _usb_hmsc_send_cbw_check
                                  ffe21597        4f   func ,l         * 
  _usb_hmsc_get_data
                                  ffe215e6       1a2   func ,l         * 
  _usb_hmsc_get_data_check
                                  ffe21788        67   func ,l         * 
  _usb_hmsc_send_data
                                  ffe217ef       1a4   func ,l         * 
  _usb_hmsc_send_data_check
                                  ffe21993        65   func ,l         * 
  _usb_hmsc_get_csw
                                  ffe219f8       1ad   func ,l         * 
  _usb_hmsc_get_csw_check
                                  ffe21ba5       182   func ,l         * 
  _usb_hmsc_clear_stall
                                  ffe21d27        2f   func ,l         * 
  _usb_hmsc_std_req_check
                                  ffe21d56        22   func ,l         * 
  _usb_hmsc_class_check_result
                                  ffe21d78        5d   func ,l         * 
  _usb_hmsc_pipe_info
                                  ffe21dd5       187   func ,g         * 
  _usb_hmsc_configured
                                  ffe21f5c        27   func ,l         * 
  _usb_hmsc_detach
                                  ffe21f83        cf   func ,l         * 
  _usb_hmsc_drive_complete
                                  ffe22052        8c   func ,g         * 
  _usb_registration
                                  ffe220de         9   func ,g         * 
  _usb_hmsc_classinit
                                  ffe220e7        23   func ,l         * 
  _usb_hmsc_registration
                                  ffe2210a        4a   func ,g         * 
  _usb_hmsc_message_retry
                                  ffe22154        6a   func ,g         * 
  _usb_hmsc_smp_drive2_addr
                                  ffe221be        37   func ,g         * 
  _usb_hmsc_strg_cmd_complete
                                  ffe221f5        5c   func ,g         * 
  _usb_hmsc_driver_start
                                  ffe22251       31d   func ,g         * 
  _usb_hmsc_class_check
                                  ffe2256e        b8   func ,g         * 
  _usb_hmsc_read10
                                  ffe22626        3d   func ,g         * 
  _usb_hmsc_write10
                                  ffe22663        3d   func ,g         * 
  _usb_hmsc_test_unit
                                  ffe226a0        2f   func ,g         * 
  _usb_hmsc_request_sense
                                  ffe226cf        3c   func ,g         * 
  _usb_hmsc_inquiry
                                  ffe2270b        3c   func ,g         * 
  _usb_hmsc_read_capacity
                                  ffe22747        38   func ,g         * 
  _usb_hmsc_read_format_capacity
                                  ffe2277f        3c   func ,g         * 
  _usb_hmsc_get_max_unit
                                  ffe227bb        f6   func ,g         * 
  _usb_hmsc_mass_storage_reset
                                  ffe228b1        f3   func ,g         * 
  _usb_hmsc_prevent_allow
                                  ffe229a4        35   func ,g         * 
  _usb_hmsc_mode_sense10
                                  ffe229d9        71   func ,g         * 
  _usb_hmsc_mode_select10
                                  ffe22a4a        67   func ,g         * 
  _usb_hmsc_get_dev_sts
                                  ffe22ab1        16   func ,g         * 
  _usb_hmsc_alloc_drvno
                                  ffe22ac7        7c   func ,g         * 
  _usb_hmsc_free_drvno
                                  ffe22b43        47   func ,g         * 
  _usb_hmsc_ref_drvno
                                  ffe22b8a        6f   func ,g         * 
  _usb_hstd_hub_task
                                  ffe22bf9         6   func ,g         * 
FILE=.\src\smc_gen\r_usb_hmsc\src\r_usb_hstorage_driver.obj
                                  ffe22bff  ffe23594       996
  _usb_hmsc_strg_drive_search_act
                                  ffe22bff       34b   func ,g         * 
  _usb_hmsc_strg_specified_path
                                  ffe22f4a        62   func ,g         * 
  _usb_hmsc_strg_check_result
                                  ffe22fac        15   func ,g         * 
  _usb_hmsc_strg_drive_task
                                  ffe22fc1        d3   func ,g         * 
  _usb_hmsc_strg_drive_search
                                  ffe23094        8b   func ,g         * 
  _usb_hmsc_strg_drive_open
                                  ffe2311f        b7   func ,g         * 
  _usb_hmsc_strg_drive_close
                                  ffe231d6        6c   func ,g         * 
  _usb_hmsc_strg_read_sector
                                  ffe23242        68   func ,g         * 
  _usb_hmsc_strg_write_sector
                                  ffe232aa        68   func ,g         * 
  _usb_hmsc_strg_check_end
                                  ffe23312        27   func ,g         * 
  _usb_hmsc_strg_user_command
                                  ffe23339       1f4   func ,g         * 
  _usb_hmsc_storage_driver_start
                                  ffe2352d        68   func ,g         * 
FILE=freopen
                                  ffe23595  ffe235c1        2d
  _freopen
                                  ffe23595        2d   func ,g         * 
FILE=fclose
                                  ffe235c2  ffe23615        54
  _fclose
                                  ffe235c2        54   func ,g         * 
FILE=printf
                                  ffe23616  ffe2364f        3a
  _prout
                                  ffe23616        1d   func ,l         * 
  _printf
                                  ffe23633        1d   func ,g         * 
FILE=sprintf
                                  ffe23650  ffe23681        32
  _prout
                                  ffe23650         a   func ,l         * 
  _sprintf
                                  ffe2365a        28   func ,g         * 
FILE=strchr
                                  ffe23682  ffe23694        13
  _strchr
                                  ffe23682        13   func ,g         * 
FILE=memcmp
                                  ffe23695  ffe236b9        25
  _memcmp
                                  ffe23695        25   func ,g         * 
FILE=__COM_DIV64u
                                  ffe236ba  ffe23752        99
  __COM_DIV64u
                                  ffe236ba         0   none ,g         * 
  _Loop_Init
                                  ffe236c4         0   none ,l         * 
  _Loop
                                  ffe236cc         0   none ,l         * 
  _DivStart
                                  ffe236d8         0   none ,l         * 
  _Success
                                  ffe236e6         0   none ,l         * 
  _DivEnd
                                  ffe236f2         0   none ,l         * 
  IXI6DIV
                                  ffe236f7         0   none ,l         * 
  IXI4DIV
                                  ffe23709         0   none ,l         * 
  IXI2DIV
                                  ffe23719         0   none ,l         * 
  I8I2DIV
                                  ffe23721         0   none ,l         * 
  I4I2DIV
                                  ffe2374f         0   none ,l         * 
  _i8divU_End
                                  ffe23752         0   none ,l         * 
FILE=__initsct
                                  ffe23753  ffe2379c        4a
  __INITSCT
                                  ffe23753         0   none ,g         * 
  loop1
                                  ffe23765         0   none ,l         * 
  next_loop1
                                  ffe23773         0   none ,l         * 
  loop3
                                  ffe23785         0   none ,l         * 
  next_loop3
                                  ffe23796         0   none ,l         * 
FILE=fwrite
                                  ffe2379d  ffe23872        d6
  _fwrite
                                  ffe2379d        d6   func ,g         * 
FILE=fflush
                                  ffe23873  ffe238f4        82
  _fflush
                                  ffe23873        82   func ,g         * 
FILE=xfoprep
                                  ffe238f5  ffe239c6        d2
  __Foprep
                                  ffe238f5        d2   func ,g         * 
FILE=xfofind
                                  ffe239c7  ffe23a53        8d
  __Fofind
                                  ffe239c7        44   func ,g         * 
  __Fofree
                                  ffe23a0b        49   func ,g         * 
FILE=xprintf
                                  ffe23a54  ffe23ca3       250
  __Printf
                                  ffe23a54       250   func ,g         * 
FILE=free
                                  ffe23ca4  ffe23d25        82
  _free
                                  ffe23ca4        82   func ,g         * 
FILE=xfwprep
                                  ffe23d26  ffe23dbd        98
  __Fwprep
                                  ffe23d26        98   func ,g         * 
FILE=xputfld
                                  ffe23dbe  ffe2421f       462
  __Putfld
                                  ffe23dbe       462   func ,g         * 
FILE=xfopen
                                  ffe24220  ffe2424f        30
  __Fopen
                                  ffe24220        30   func ,g         * 
FILE=xvacopy
                                  ffe24250  ffe24252         3
  __Vacopy
                                  ffe24250         3   func ,g         * 
FILE=xputtxt
                                  ffe24253  ffe244aa       258
  __Puttxt
                                  ffe24253       258   func ,g         * 
FILE=xctype
                                  ffe244ab  ffe244c0        16
  __Getpctype
                                  ffe244ab        16   func ,g         * 
FILE=malloc
                                  ffe244c1  ffe2459b        db
  _findmem
                                  ffe244c1        79   func ,l         * 
  _malloc
                                  ffe2453a        62   func ,g         * 
FILE=xldtob
                                  ffe2459c  ffe24972       3d7
  __Ldtob
                                  ffe2459c       3d7   func ,g         * 
FILE=xputstr
                                  ffe24973  ffe24a4e        dc
  __Putstr
                                  ffe24973        dc   func ,g         * 
FILE=xlitob
                                  ffe24a4f  ffe24b59       10b
  __Litob
                                  ffe24a4f       10b   func ,g         * 
FILE=xgetmem
                                  ffe24b5a  ffe24b74        1b
  __Getmem
                                  ffe24b5a        1b   func ,g         * 
FILE=xgenld
                                  ffe24b75  ffe24dfd       289
  __Genld
                                  ffe24b75       289   func ,g         * 
FILE=xwctomb
                                  ffe24dfe  ffe24f44       147
  __Wctombx
                                  ffe24dfe       103   func ,g         * 
  __Wctomb
                                  ffe24f01        44   func ,g         * 
FILE=xstate
                                  ffe24f45  ffe24f76        32
  __Getmbcurmax
                                  ffe24f45        16   func ,g         * 
  __Getpmbstate
                                  ffe24f5b        1c   func ,g         * 
FILE=xldscale
                                  ffe24f77  ffe24f7a         4
  __LDscale
                                  ffe24f77         4   func ,g         * 
FILE=xldunsca
                                  ffe24f7b  ffe24f7e         4
  __LDunscale
                                  ffe24f7b         4   func ,g         * 
FILE=__COM_MOD64u
                                  ffe24f7f  ffe25005        87
  __COM_MOD64u
                                  ffe24f7f         0   none ,g         * 
  _Loop_Init
                                  ffe24f89         0   none ,l         * 
  _Loop
                                  ffe24f8d         0   none ,l         * 
  _DivStart
                                  ffe24f99         0   none ,l         * 
  _Success
                                  ffe24fa7         0   none ,l         * 
  _DivEnd
                                  ffe24faf         0   none ,l         * 
  IXI6DIV
                                  ffe24fb0         0   none ,l         * 
  IXI4DIV
                                  ffe24fc2         0   none ,l         * 
  IXI2DIV
                                  ffe24fd2         0   none ,l         * 
  I8I2DIV
                                  ffe24fda         0   none ,l         * 
  I4I2DIV
                                  ffe24ffa         0   none ,l         * 
FILE=_div
                                  ffe25006  ffe25011         c
  _ldiv
                                  ffe25006         0   none ,g         * 
  _div
                                  ffe25006         0   none ,g         * 
FILE=localeco
                                  ffe25012  ffe25018         7
  _localeconv
                                  ffe25012         7   func ,g         * 
FILE=xwcstate
                                  ffe25019  ffe25034        1c
  __Getpwcstate
                                  ffe25019        1c   func ,g         * 
FILE=xfdscale
                                  ffe25035  ffe25141       10d
  __FDscale
                                  ffe25035       10d   func ,g         * 
FILE=xfdunsca
                                  ffe25142  ffe25196        55
  __FDunscale
                                  ffe25142        55   func ,g         * 
FILE=xfdnorm
                                  ffe25197  ffe251ff        69
  __FDnorm
                                  ffe25197        69   func ,g         * 

SECTION=EXCEPTVECT
FILE=.\src\smc_gen\r_bsp\mcu\rx65n\vecttbl.obj
                                  ffffff80  fffffffb        7c
  _Except_Vectors
                                  ffffff80        7c   data ,g         * 

SECTION=RESETVECT
FILE=.\src\smc_gen\r_bsp\mcu\rx65n\vecttbl.obj
                                  fffffffc  ffffffff         4
  _Reset_Vector
                                  fffffffc         4   data ,g         * 

*** Unfilled Areas ***

AREA                                START    END

*** Delete Symbols ***

SYMBOL                                SIZE    INFO
