Renesas Optimizing Linker (W3.06.00 )             22-Dec-2024 18:47:53

*** Options ***

-subcommand=LinkerRX65N_USB_HMSC.tmp
-MAKEUD="D:\CAREER_VINH\Git\SovietUnion1970\C_embedded\MICROCONTROLERS\RX65N\USB\RX65N_USB_HMSC\HardwareDebug/RX65N_USB_HMSC_l.ud" 
-noprelink 
-input=".\src/demo_src\main.obj"
-input=".\src/demo_src\r_usb_hmsc_apl.obj"
-input=".\src/smc_gen/general\r_cg_hardware_setup.obj"
-input=".\src/smc_gen/general\r_smc_cgc.obj"
-input=".\src/smc_gen/general\r_smc_cgc_user.obj"
-input=".\src/smc_gen/general\r_smc_interrupt.obj"
-input=".\src/smc_gen/r_bsp/board/generic_rx65n\hwsetup.obj"
-input=".\src/smc_gen/r_bsp/mcu/all\dbsct.obj"
-input=".\src/smc_gen/r_bsp/mcu/all\lowlvl.obj"
-input=".\src/smc_gen/r_bsp/mcu/all\lowsrc.obj"
-input=".\src/smc_gen/r_bsp/mcu/all\mcu_locks.obj"
-input=".\src/smc_gen/r_bsp/mcu/all\r_bsp_common.obj"
-input=".\src/smc_gen/r_bsp/mcu/all\r_bsp_cpu.obj"
-input=".\src/smc_gen/r_bsp/mcu/all\r_bsp_interrupts.obj"
-input=".\src/smc_gen/r_bsp/mcu/all\r_bsp_locking.obj"
-input=".\src/smc_gen/r_bsp/mcu/all\r_bsp_mcu_startup.obj"
-input=".\src/smc_gen/r_bsp/mcu/all\r_bsp_software_interrupt.obj"
-input=".\src/smc_gen/r_bsp/mcu/all\r_rx_intrinsic_functions.obj"
-input=".\src/smc_gen/r_bsp/mcu/all\resetprg.obj"
-input=".\src/smc_gen/r_bsp/mcu/all\sbrk.obj"
-input=".\src/smc_gen/r_bsp/mcu/rx65n\mcu_clocks.obj"
-input=".\src/smc_gen/r_bsp/mcu/rx65n\mcu_init.obj"
-input=".\src/smc_gen/r_bsp/mcu/rx65n\mcu_interrupts.obj"
-input=".\src/smc_gen/r_bsp/mcu/rx65n\mcu_mapped_interrupts.obj"
-input=".\src/smc_gen/r_bsp/mcu/rx65n\vecttbl.obj"
-input=".\src/smc_gen/r_cmt_rx/src\r_cmt_rx.obj"
-input=".\src/smc_gen/r_pincfg\Pin.obj"
-input=".\src/smc_gen/r_pincfg\r_usb_basic_pinset.obj"
-input=".\src/smc_gen/r_sys_time_rx/src\r_sys_time_rx.obj"
-input=".\src/smc_gen/r_tfat_driver_rx/src/device/mmc\r_tfat_drv_if_mmc.obj"
-input=".\src/smc_gen/r_tfat_driver_rx/src/device/sdmem\r_tfat_drv_if_sdmem.obj"
-input=".\src/smc_gen/r_tfat_driver_rx/src/device/serial_flash\r_tfat_drv_if_flash.obj"
-input=".\src/smc_gen/r_tfat_driver_rx/src/device/usb\r_tfat_drv_if_usb.obj"
-input=".\src/smc_gen/r_tfat_driver_rx/src/device/usb_mini\r_tfat_drv_if_usb_mini.obj"
-input=".\src/smc_gen/r_tfat_driver_rx/src\r_tfat_drv_if.obj"
-input=".\src/smc_gen/r_tfat_rx/src\ff.obj"
-input=".\src/smc_gen/r_tfat_rx/src\ffsystem.obj"
-input=".\src/smc_gen/r_tfat_rx/src\ffunicode.obj"
-input=".\src/smc_gen/r_usb_basic/src/driver\r_rtos_abstract.obj"
-input=".\src/smc_gen/r_usb_basic/src/driver\r_usb_cdataio.obj"
-input=".\src/smc_gen/r_usb_basic/src/driver\r_usb_clibusbip.obj"
-input=".\src/smc_gen/r_usb_basic/src/driver\r_usb_cstd_rtos.obj"
-input=".\src/smc_gen/r_usb_basic/src/driver\r_usb_hbc.obj"
-input=".\src/smc_gen/r_usb_basic/src/driver\r_usb_hcontrolrw.obj"
-input=".\src/smc_gen/r_usb_basic/src/driver\r_usb_hdriver.obj"
-input=".\src/smc_gen/r_usb_basic/src/driver\r_usb_hhubsys.obj"
-input=".\src/smc_gen/r_usb_basic/src/driver\r_usb_hintfifo.obj"
-input=".\src/smc_gen/r_usb_basic/src/driver\r_usb_hinthandler_usbip0.obj"
-input=".\src/smc_gen/r_usb_basic/src/driver\r_usb_hinthandler_usbip1.obj"
-input=".\src/smc_gen/r_usb_basic/src/driver\r_usb_hlibusbip.obj"
-input=".\src/smc_gen/r_usb_basic/src/driver\r_usb_hmanager.obj"
-input=".\src/smc_gen/r_usb_basic/src/driver\r_usb_hscheduler.obj"
-input=".\src/smc_gen/r_usb_basic/src/driver\r_usb_hsignal.obj"
-input=".\src/smc_gen/r_usb_basic/src/driver\r_usb_hstdfunction.obj"
-input=".\src/smc_gen/r_usb_basic/src/driver\r_usb_pbc.obj"
-input=".\src/smc_gen/r_usb_basic/src/driver\r_usb_pcontrolrw.obj"
-input=".\src/smc_gen/r_usb_basic/src/driver\r_usb_pdriver.obj"
-input=".\src/smc_gen/r_usb_basic/src/driver\r_usb_pintfifo.obj"
-input=".\src/smc_gen/r_usb_basic/src/driver\r_usb_pinthandler_usbip0.obj"
-input=".\src/smc_gen/r_usb_basic/src/driver\r_usb_plibusbip.obj"
-input=".\src/smc_gen/r_usb_basic/src/driver\r_usb_psignal.obj"
-input=".\src/smc_gen/r_usb_basic/src/driver\r_usb_pstdfunction.obj"
-input=".\src/smc_gen/r_usb_basic/src/driver\r_usb_pstdrequest.obj"
-input=".\src/smc_gen/r_usb_basic/src/driver\r_usb_usbif_api.obj"
-input=".\src/smc_gen/r_usb_basic/src/driver\r_usb_usbx_port.obj"
-input=".\src/smc_gen/r_usb_basic/src/hw\r_usb_creg_abs.obj"
-input=".\src/smc_gen/r_usb_basic/src/hw\r_usb_creg_access.obj"
-input=".\src/smc_gen/r_usb_basic/src/hw\r_usb_dma.obj"
-input=".\src/smc_gen/r_usb_basic/src/hw\r_usb_hostelectrical.obj"
-input=".\src/smc_gen/r_usb_basic/src/hw\r_usb_hreg_abs.obj"
-input=".\src/smc_gen/r_usb_basic/src/hw\r_usb_hreg_access.obj"
-input=".\src/smc_gen/r_usb_basic/src/hw\r_usb_preg_abs.obj"
-input=".\src/smc_gen/r_usb_basic/src/hw\r_usb_preg_access.obj"
-input=".\src/smc_gen/r_usb_basic/src/hw\r_usb_rx_mcu.obj"
-input=".\src/smc_gen/r_usb_hmsc/src\r_usb_hmsc_api.obj"
-input=".\src/smc_gen/r_usb_hmsc/src\r_usb_hmsc_driver.obj"
-input=".\src/smc_gen/r_usb_hmsc/src\r_usb_hstorage_driver.obj"
-library=".\RX65N_USB_HMSC.lib"
-start=SU,SI,B_1,R_1,B_2,R_2,B,R/04,PResetPRG,C_1,C_2,C,C$*,D*,W*,L,P/0FFE00000,EXCEPTVECT/0FFFFFF80,RESETVECT/0FFFFFFFC,BEXRAM_1,REXRAM_1,BEXRAM_2,REXRAM_2,BEXRAM,REXRAM/00800000
-output="RX65N_USB_HMSC.abs" 
-form=absolute 
-nomessage 
-vect=_undefined_interrupt_source_isr 
-list 
-show=symbol 
-nooptimize 
-rom=D=R,D_1=R_1,D_2=R_2,DEXRAM=REXRAM,DEXRAM_1=REXRAM_1,DEXRAM_2=REXRAM_2 
-cpu=RAM=00000000-0003ffff,FIX=00080000-00083fff,FIX=00086000-00087fff,FIX=00088000-0009ffff,FIX=000a0000-000a3fff,RAM=000a4000-000a5fff,FIX=000a6000-000bffff,FIX=000c0000-000dffff,FIX=000e0000-000fffff,ROM=00100000-00107fff,FIX=007fc000-007fcfff,FIX=007fe000-007fffff,RAM=00800000-0085ffff,RAM=fe7f5d00-fe7f5d7f,RAM=fe7f7d70-fe7f7d9f,ROM=ffe00000-ffffffff 
-nologo

*** Error information ***

*** Mapping List ***

SECTION                            START      END         SIZE   ALIGN
SU
                                  00000004  00001003      1000   4
SI
                                  00001004  00001403       400   4
B_1
                                  00001404  00001d48       945   1
R_1
                                  00001d49  00001db0        68   1
B_2
                                  00001db2  00002171       3c0   2
R_2
                                  00002172  00002177         6   2
B
                                  00002178  00004f4f      2dd8   4
R
                                  00004f50  00005263       314   4
BEXRAM_1
                                  00800000  00800000         0   1
REXRAM_1
                                  00800000  00800000         0   1
BEXRAM_2
                                  00800000  00800000         0   1
REXRAM_2
                                  00800000  00800000         0   1
BEXRAM
                                  00800000  00800000         0   1
REXRAM
                                  00800000  00800000         0   1
$ADDR_C_FE7F5D00
                                  fe7f5d00  fe7f5d0b         c   1
$ADDR_C_FE7F5D10
                                  fe7f5d10  fe7f5d13         4   1
$ADDR_C_FE7F5D20
                                  fe7f5d20  fe7f5d23         4   1
$ADDR_C_FE7F5D40
                                  fe7f5d40  fe7f5d43         4   1
$ADDR_C_FE7F5D48
                                  fe7f5d48  fe7f5d4b         4   1
$ADDR_C_FE7F5D50
                                  fe7f5d50  fe7f5d5f        10   1
$ADDR_C_FE7F5D64
                                  fe7f5d64  fe7f5d67         4   1
$ADDR_C_FE7F5D70
                                  fe7f5d70  fe7f5d73         4   1
PResetPRG
                                  ffe00000  ffe00055        56   1
C_1
                                  ffe00056  ffe00171       11c   1
C_2
                                  ffe00172  ffe0ed1f      ebae   2
C
                                  ffe0ed20  ffe0f0df       3c0   4
C$DSEC
                                  ffe0f0e0  ffe0f127        48   4
C$BSEC
                                  ffe0f128  ffe0f157        30   4
C$VECT
                                  ffe0f158  ffe0f557       400   4
D
                                  ffe0f558  ffe0f86b       314   4
DEXRAM
                                  ffe0f86c  ffe0f86c         0   1
DEXRAM_1
                                  ffe0f86c  ffe0f86c         0   1
DEXRAM_2
                                  ffe0f86c  ffe0f86c         0   1
D_1
                                  ffe0f86c  ffe0f8d3        68   1
D_2
                                  ffe0f8d4  ffe0f8d9         6   2
W
                                  ffe0f8dc  ffe0f8dc         0   4
W_1
                                  ffe0f8dc  ffe0f8f4        19   1
W_2
                                  ffe0f8f6  ffe0f8f6         0   2
L
                                  ffe0f8f8  ffe104e8       bf1   4
P
                                  ffe104e9  ffe2596c     15484   1
EXCEPTVECT
                                  ffffff80  fffffffb        7c   4
RESETVECT
                                  fffffffc  ffffffff         4   4

*** Symbol List ***

SECTION=
FILE=                               START        END    SIZE
  SYMBOL                            ADDR        SIZE    INFO      COUNTS  OPT

SECTION=SU
FILE=.\src\smc_gen\r_bsp\mcu\all\resetprg.obj
                                  00000004  00001003      1000

SECTION=SI
FILE=.\src\smc_gen\r_bsp\mcu\all\resetprg.obj
                                  00001004  00001403       400

SECTION=B_1
FILE=.\src\demo_src\r_usb_hmsc_apl.obj
                                  00001404  00001704       301
  _g_file_data
                                  00001404       200   data ,l         * 
  _track_id
                                  00001604         1   data ,g         * 
  _scaned_path_str$2
                                  00001605       100   data ,l         * 
FILE=.\src\smc_gen\r_bsp\mcu\all\lowsrc.obj
                                  00001705  0000172c        28
  _flmod
                                  00001705        14   data ,g         * 
  _sml_buf
                                  00001719        14   data ,g         * 
FILE=.\src\smc_gen\r_usb_basic\src\driver\r_usb_hmanager.obj
                                  0000172d  0000192c       200
  _g_usb_hstd_class_data
                                  0000172d       200   data ,g         * 
FILE=.\src\smc_gen\r_usb_basic\src\driver\r_usb_hscheduler.obj
                                  0000192d  000019fd        d1
  _usb_scheduler_table_id
                                  0000192d        a0   data ,l         * 
  _usb_scheduler_pri_r
                                  000019cd         8   data ,l         * 
  _usb_scheduler_pri_w
                                  000019d5         8   data ,l         * 
  _usb_scheduler_pri
                                  000019dd         b   data ,l         * 
  _usb_scheduler_schedule_flag
                                  000019e8         1   data ,l         * 
  _usb_scheduler_blk_flg
                                  000019e9        14   data ,l         * 
  _usb_scheduler_id_use
                                  000019fd         1   data ,l         * 
FILE=.\src\smc_gen\r_usb_hmsc\src\r_usb_hmsc_driver.obj
                                  000019fe  00001b48       14b
  _g_usb_hmsc_sub_class
                                  000019fe         4   data ,g         * 
  _g_usb_hmsc_tmp_sub_class
                                  00001a02         1   data ,g         * 
  _g_usb_hmsc_class_data
                                  00001a03       100   data ,g         * 
  _g_drive_search_que
                                  00001b03         4   data ,g         * 
  _g_drive_search_que_cnt
                                  00001b07         1   data ,g         * 
  _g_drive_search_lock
                                  00001b08         1   data ,g         * 
  _hmsc_rs_data$2
                                  00001b09        40   data ,l         * 
FILE=.\src\smc_gen\r_usb_hmsc\src\r_usb_hstorage_driver.obj
                                  00001b49  00001d48       200
  _g_usb_hmsc_data
                                  00001b49       200   data ,l         * 

SECTION=R_1
FILE=.\src\smc_gen\r_tfat_driver_rx\src\r_tfat_drv_if.obj
                                  00001d49  00001d5c        14
  _drive_alloc_tbl
                                  00001d49        14   data ,l         * 
FILE=.\src\smc_gen\r_usb_basic\src\driver\r_usb_hdriver.obj
                                  00001d5d  00001d5d         1
  _is_init$1
                                  00001d5d         1   data ,l         * 
FILE=.\src\smc_gen\r_usb_basic\src\driver\r_usb_hmanager.obj
                                  00001d5e  00001d5e         1
  _is_init$1
                                  00001d5e         1   data ,l         * 
FILE=.\src\smc_gen\r_usb_basic\src\driver\r_usb_usbif_api.obj
                                  00001d5f  00001d5f         1
  _is_init
                                  00001d5f         1   data ,l         * 
FILE=xfiles
                                  00001d60  00001daf        50
  _ebuf
                                  00001d60        50   data ,l         * 
FILE=xstate
                                  00001db0  00001db0         1
  __Mbcurmax
                                  00001db0         1   data ,g         * 

SECTION=B_2
FILE=.\src\demo_src\r_usb_hmsc_apl.obj
                                  00001db2  00001db3         2
  _g_state
                                  00001db2         2   data ,l         * 
FILE=.\src\smc_gen\r_bsp\mcu\all\r_bsp_cpu.obj
                                  00001db4  00001dbb         8
  _s_protect_counters
                                  00001db4         8   data ,l         * 
FILE=.\src\smc_gen\r_tfat_rx\src\ff.obj
                                  00001dbc  00001dbd         2
  _Fsid
                                  00001dbc         2   data ,l         * 
FILE=.\src\smc_gen\r_usb_basic\src\driver\r_usb_cdataio.obj
                                  00001dbe  00001e21        64
  _g_usb_pipe_table
                                  00001dbe        50   data ,g         * 
  _g_usb_cstd_bemp_skip
                                  00001e0e        14   data ,g         * 
FILE=.\src\smc_gen\r_usb_basic\src\driver\r_usb_hdriver.obj
                                  00001e22  00001f0b        ea
  _usb_shstd_clr_stall_pipe
                                  00001e22         2   data ,l         * 
  _usb_shstd_clr_stall_request
                                  00001e24         a   data ,l         * 
  _g_usb_hstd_device_info
                                  00001e2e        60   data ,g         * 
  _g_usb_hstd_remort_port
                                  00001e8e         2   data ,g         * 
  _g_usb_hstd_ctsq
                                  00001e90         2   data ,g         * 
  _g_usb_hstd_mgr_mode
                                  00001e92         2   data ,g         * 
  _g_usb_hstd_dcp_register
                                  00001e94         c   data ,g         * 
  _g_usb_hstd_device_addr
                                  00001ea0         2   data ,g         * 
  _g_usb_hstd_device_speed
                                  00001ea2         2   data ,g         * 
  _g_usb_hstd_device_num
                                  00001ea4         2   data ,g         * 
  _g_usb_hstd_ignore_cnt
                                  00001ea6        14   data ,g         * 
  _g_usb_hstd_hs_enable
                                  00001eba         2   data ,g         * 
  _g_usb_ctrl_request
                                  00001ebc        3c   data ,g         * 
  _g_usb_hstd_pipe_request
                                  00001ef8        14   data ,g         * 
FILE=.\src\smc_gen\r_usb_basic\src\driver\r_usb_hinthandler_usbip0.obj
                                  00001f0c  00001f0d         2
  _g_usb_cstd_int_msg_cnt
                                  00001f0c         2   data ,g         * 
FILE=.\src\smc_gen\r_usb_basic\src\driver\r_usb_hmanager.obj
                                  00001f0e  00002055       148
  _usb_shstd_std_request
                                  00001f0e         a   data ,l         * 
  _usb_shstd_reg_pointer
                                  00001f18         2   data ,l         * 
  _usb_shstd_mgr_msginfo
                                  00001f1a         2   data ,l         * 
  _usb_shstd_suspend_seq
                                  00001f1c         2   data ,l         * 
  _usb_shstd_resume_seq
                                  00001f1e         2   data ,l         * 
  _g_usb_hstd_enum_seq
                                  00001f20         2   data ,g         * 
  _g_usb_hstd_device_descriptor
                                  00001f22        14   data ,g         * 
  _g_usb_hstd_config_descriptor
                                  00001f36       100   data ,g         * 
  _g_usb_hstd_suspend_pipe
                                  00002036        14   data ,g         * 
  _g_usb_hstd_check_enu_result
                                  0000204a         2   data ,g         * 
  _g_usb_hstd_class_request
                                  0000204c         a   data ,g         * 
FILE=.\src\smc_gen\r_usb_basic\src\driver\r_usb_hscheduler.obj
                                  00002056  000020c3        6e
  _usb_scheduler_wait_counter
                                  00002056        6e   data ,l         * 
FILE=.\src\smc_gen\r_usb_basic\src\driver\r_usb_usbif_api.obj
                                  000020c4  000020c9         6
  _g_usb_change_device_state
                                  000020c4         2   data ,g         * 
  _g_usb_usbmode
                                  000020c6         2   data ,g         * 
  _g_usb_open_class
                                  000020c8         2   data ,g         * 
FILE=.\src\smc_gen\r_usb_basic\src\hw\r_usb_creg_abs.obj
                                  000020ca  000020cb         2
  _g_usb_hstd_use_pipe
                                  000020ca         2   data ,g         * 
FILE=.\src\smc_gen\r_usb_hmsc\src\r_usb_hmsc_driver.obj
                                  000020cc  00002165        9a
  _usb_shmsc_process
                                  000020cc         2   data ,l         * 
  _usb_shmsc_data_seq
                                  000020ce         2   data ,l         * 
  _usb_shmsc_stall_err_seq
                                  000020d0         2   data ,l         * 
  _usb_hmsc_csw_err_loop
                                  000020d2         2   data ,l         * 
  _g_usb_hmsc_pipe_table
                                  000020d4        30   data ,g         * 
  _g_usb_hmsc_drvno_tbl
                                  00002104        18   data ,g         * 
  _g_usb_hmsc_out_pipe
                                  0000211c         8   data ,g         * 
  _g_usb_hmsc_in_pipe
                                  00002124         8   data ,g         * 
  _g_usb_hmsc_out_pipectr
                                  0000212c         8   data ,g         * 
  _g_usb_hmsc_in_pipectr
                                  00002134         8   data ,g         * 
  _g_usb_hmsc_init_seq
                                  0000213c         2   data ,g         * 
  _g_usb_hmsc_devaddr
                                  0000213e         2   data ,g         * 
  _g_usb_shmsc_data_stall_seq
                                  00002140         2   data ,g         * 
  _g_usb_hmsc_speed
                                  00002142         2   data ,g         * 
  _side$1
                                  00002144         2   data ,l         * 
  _devadr$3
                                  00002146         2   data ,l         * 
  _string_setup$4
                                  00002148         a   data ,l         * 
  _get_max_lun_table$6
                                  00002152         a   data ,l         * 
  _mass_storage_reset_table$7
                                  0000215c         a   data ,l         * 
FILE=.\src\smc_gen\r_usb_hmsc\src\r_usb_hstorage_driver.obj
                                  00002166  00002171         c
  _g_usb_hmsc_strg_process
                                  00002166         2   data ,g         * 
  _g_usb_hmsc_read_partition_retry_count
                                  00002168         2   data ,l         * 
  _usb_shmsc_command_end_flag
                                  0000216a         2   data ,l         * 
  _g_usb_hmsc_root_devaddr
                                  0000216c         2   data ,g         * 
  _g_usb_hmsc_drive_search_seq
                                  0000216e         2   data ,g         * 
  _side$1
                                  00002170         2   data ,l         * 

SECTION=R_2
FILE=.\src\smc_gen\r_tfat_driver_rx\src\device\usb\r_tfat_drv_if_usb.obj
                                  00002172  00002173         2
  _g_usb_hmsc_tfatSecSize
                                  00002172         2   data ,l         * 
FILE=.\src\smc_gen\r_usb_basic\src\driver\r_usb_hstdfunction.obj
                                  00002174  00002175         2
  _g_usb_cstd_driver_open
                                  00002174         2   data ,l         * 
FILE=.\src\smc_gen\r_usb_hmsc\src\r_usb_hmsc_driver.obj
                                  00002176  00002177         2
  _init_flag$5
                                  00002176         2   data ,l         * 

SECTION=B
FILE=.\src\demo_src\r_usb_hmsc_apl.obj
                                  00002178  000024d7       360
  _fd_temp
                                  00002178        14   data ,g         * 
  _g_file_object
                                  0000218c       234   data ,l         * 
  _fno$1
                                  000023c0       118   data ,l         * 
FILE=.\src\smc_gen\r_bsp\mcu\all\lowsrc.obj
                                  000024d8  00002527        50
  __Files
                                  000024d8        50   data ,g         * 
FILE=.\src\smc_gen\r_bsp\mcu\all\mcu_locks.obj
                                  00002528  000026f7       1d0
  _g_bsp_Locks
                                  00002528       1d0   data ,g         * 
FILE=.\src\smc_gen\r_bsp\mcu\all\r_bsp_interrupts.obj
                                  000026f8  0000287b       184
  _g_bsp_vectors
                                  000026f8       184   data ,l         * 
FILE=.\src\smc_gen\r_bsp\mcu\all\sbrk.obj
                                  0000287c  00002c7f       404
  __s1ptr
                                  0000287c         4   data ,g         * 
  _s_heap_area
                                  00002880       400   data ,l         * 
FILE=.\src\smc_gen\r_cmt_rx\src\r_cmt_rx.obj
                                  00002c80  00002c9f        20
  _g_cmt_modes
                                  00002c80        10   data ,l         * 
  _g_cmt_callbacks
                                  00002c90        10   data ,l         * 
FILE=.\src\smc_gen\r_sys_time_rx\src\r_sys_time_rx.obj
                                  00002ca0  00002eb3       214
  _sys_time_private
                                  00002ca0        2c   data ,l         * 
  _sys_time_cmt_channel
                                  00002ccc         4   data ,l         * 
  _process_list
                                  00002cd0       1e0   data ,l         * 
  __1s_timer$1
                                  00002eb0         4   data ,l         * 
FILE=.\src\smc_gen\r_tfat_rx\src\ff.obj
                                  00002eb4  00002eb7         4
  _FatFs
                                  00002eb4         4   data ,l         * 
FILE=.\src\smc_gen\r_usb_basic\src\driver\r_usb_hdriver.obj
                                  00002eb8  0000303f       188
  _usb_shstd_clr_stall_ctrl
                                  00002eb8        30   data ,l         * 
  _usb_shstd_clr_stall_call
                                  00002ee8         4   data ,l         * 
  _g_usb_hstd_device_drv
                                  00002eec        d8   data ,g         * 
  _g_usb_hstd_data_cnt
                                  00002fc4        28   data ,g         * 
  _g_usb_hstd_data_cnt_pipe0
                                  00002fec         4   data ,g         * 
  _gp_usb_hstd_data_ptr
                                  00002ff0        28   data ,g         * 
  _g_p_usb_hstd_pipe
                                  00003018        28   data ,g         * 
FILE=.\src\smc_gen\r_usb_basic\src\driver\r_usb_hinthandler_usbip0.obj
                                  00003040  0000330f       2d0
  _g_usb_cstd_int_msg
                                  00003040       2d0   data ,g         * 
FILE=.\src\smc_gen\r_usb_basic\src\driver\r_usb_hmanager.obj
                                  00003310  00003377        68
  _usb_shstd_std_req_msg
                                  00003310        30   data ,l         * 
  _p_usb_shstd_mgr_msg
                                  00003340         4   data ,l         * 
  _usb_shstd_mgr_callback
                                  00003344         4   data ,l         * 
  _g_usb_hstd_class_ctrl
                                  00003348        30   data ,g         * 
FILE=.\src\smc_gen\r_usb_basic\src\driver\r_usb_hscheduler.obj
                                  00003378  00003a97       720
  _p_usb_scheduler_table_add
                                  00003378       280   data ,l         * 
  _usb_scheduler_block
                                  000035f8       3c0   data ,l         * 
  _p_usb_scheduler_add_use
                                  000039b8         4   data ,l         * 
  _p_usb_scheduler_wait_add
                                  000039bc        dc   data ,l         * 
FILE=.\src\smc_gen\r_usb_basic\src\driver\r_usb_usbif_api.obj
                                  00003a98  00003d6b       2d4
  _g_usb_cstd_event
                                  00003a98        f4   data ,g         * 
  _g_usb_hdata
                                  00003b8c       1e0   data ,g         * 
FILE=.\src\smc_gen\r_usb_hmsc\src\r_usb_hmsc_driver.obj
                                  00003d6c  00004f47      11dc
  _usb_hmsc_trans_data
                                  00003d6c        c0   data ,l         * 
  _usb_hmsc_receive_data
                                  00003e2c        c0   data ,l         * 
  _usb_hmsc_trans_size
                                  00003eec         4   data ,l         * 
  _pusb_hmsc_buff
                                  00003ef0         4   data ,l         * 
  _g_usb_hmsc_cmd_data_length
                                  00003ef4         4   data ,g         * 
  _g_usb_hmsc_cmd_data_length_rtos_tmp
                                  00003ef8         4   data ,g         * 
  _g_usb_hmsc_cbw
                                  00003efc       800   data ,g         * 
  _g_usb_hmsc_csw
                                  000046fc       800   data ,g         * 
  _g_usb_hmsc_csw_tag_no
                                  00004efc        10   data ,g         * 
  _g_p_usb_hmsc_device_table
                                  00004f0c         4   data ,g         * 
  _g_p_usb_hmsc_config_table
                                  00004f10         4   data ,g         * 
  _g_p_usb_hmsc_interface_table
                                  00004f14         4   data ,g         * 
  _g_usb_hmsc_class_control
                                  00004f18        30   data ,g         * 
FILE=.\src\smc_gen\r_usb_hmsc\src\r_usb_hstorage_driver.obj
                                  00004f48  00004f4b         4
  _usb_shmsc_command_result
                                  00004f48         4   data ,l         * 
FILE=_errno
                                  00004f4c  00004f4f         4
  __errno
                                  00004f4c         4   data ,g         * 

SECTION=R
FILE=.\src\demo_src\main.obj
                                  00004f50  00004f53         4
  _USBB
                                  00004f50         4   data ,g         * 
FILE=.\src\demo_src\r_usb_hmsc_apl.obj
                                  00004f54  00004f63        10
  _g_pfat
                                  00004f54         4   data ,l         * 
  _a
                                  00004f58         4   data ,g         * 
  _space$3
                                  00004f5c         4   data ,l         * 
  _branch$4
                                  00004f60         4   data ,l         * 
FILE=.\src\smc_gen\r_bsp\mcu\all\lowsrc.obj
                                  00004f64  00004f77        14
  _env_list
                                  00004f64        10   data ,g         * 
  _environ
                                  00004f74         4   data ,g         * 
FILE=.\src\smc_gen\r_bsp\mcu\all\sbrk.obj
                                  00004f78  00004f7b         4
  _sp_brk
                                  00004f78         4   data ,l         * 
FILE=.\src\smc_gen\r_sys_time_rx\src\r_sys_time_rx.obj
                                  00004f7c  00004f7f         4
  _sys_time_opened_flag
                                  00004f7c         4   data ,l         * 
FILE=.\src\smc_gen\r_tfat_driver_rx\src\r_tfat_drv_if.obj
                                  00004f80  00004f83         4
  _TFAT_DRIVE_USB_ALLOC
                                  00004f80         4   data ,l         * 
FILE=.\src\smc_gen\r_usb_basic\src\driver\r_usb_cdataio.obj
                                  00004f84  00004ffb        78
  _g_usb_callback
                                  00004f84        78   data ,g         * 
FILE=.\src\smc_gen\r_usb_basic\src\driver\r_usb_clibusbip.obj
                                  00004ffc  00004fff         4
  _v
                                  00004ffc         4   data ,g         * 
FILE=.\src\smc_gen\r_usb_basic\src\driver\r_usb_hmanager.obj
                                  00005000  0000501f        20
  _g_usb_hstd_enumaration_process
                                  00005000        20   data ,g         * 
FILE=xfiles
                                  00005020  000050f7        d8
  __Stdin
                                  00005020        48   data ,g         * 
  __Stdout
                                  00005068        48   data ,g         * 
  __Stderr
                                  000050b0        48   data ,g         * 
FILE=xprintf
                                  000050f8  000050fb         4
  _stderr
                                  000050f8         4   data ,g         * 
FILE=xctype
                                  000050fc  00005103         8
  __Ctype
                                  000050fc         4   data ,g         * 
  __Tls_setup__Ctype
                                  00005100         4   data ,g         * 
FILE=malloc
                                  00005104  0000510b         8
  __Aldata
                                  00005104         8   data ,g         * 
FILE=xstate
                                  0000510c  00005153        48
  __Tls_setup__Mbcurmax
                                  0000510c         4   data ,g         * 
  __Mbstate
                                  00005110        40   data ,g         * 
  __Tls_setup__Mbstate
                                  00005150         4   data ,g         * 
FILE=localeco
                                  00005154  000051a7        54
  __Locale
                                  00005154        50   data ,g         * 
  __Tls_setup__Locale
                                  000051a4         4   data ,g         * 
FILE=xwcstate
                                  000051a8  000051eb        44
  __Wcstate
                                  000051a8        40   data ,g         * 
  __Tls_setup__Wcstate
                                  000051e8         4   data ,g         * 
FILE=xfvalues
                                  000051ec  00005263        78
  __FDenorm
                                  000051ec        10   data ,g         * 
  __FEps
                                  000051fc        10   data ,g         * 
  __FHugeval
                                  0000520c        10   data ,g         * 
  __FInf
                                  0000521c        10   data ,g         * 
  __FNan
                                  0000522c        10   data ,g         * 
  __FSnan
                                  0000523c        10   data ,g         * 
  __FRteps
                                  0000524c        10   data ,g         * 
  __FXbig
                                  0000525c         4   data ,g         * 
  __FZero
                                  00005260         4   data ,g         * 

SECTION=$ADDR_C_FE7F5D00
FILE=.\src\smc_gen\r_bsp\mcu\rx65n\vecttbl.obj
                                  fe7f5d00  fe7f5d0b         c
  ___MDEreg
                                  fe7f5d00         4   data ,g         * 
  ___OFS0reg
                                  fe7f5d04         4   data ,g         * 
  ___OFS1reg
                                  fe7f5d08         4   data ,g         * 

SECTION=$ADDR_C_FE7F5D10
FILE=.\src\smc_gen\r_bsp\mcu\rx65n\vecttbl.obj
                                  fe7f5d10  fe7f5d13         4
  ___TMINFreg
                                  fe7f5d10         4   data ,g         * 

SECTION=$ADDR_C_FE7F5D20
FILE=.\src\smc_gen\r_bsp\mcu\rx65n\vecttbl.obj
                                  fe7f5d20  fe7f5d23         4
  ___BANKSELreg
                                  fe7f5d20         4   data ,g         * 

SECTION=$ADDR_C_FE7F5D40
FILE=.\src\smc_gen\r_bsp\mcu\rx65n\vecttbl.obj
                                  fe7f5d40  fe7f5d43         4
  ___SPCCreg
                                  fe7f5d40         4   data ,g         * 

SECTION=$ADDR_C_FE7F5D48
FILE=.\src\smc_gen\r_bsp\mcu\rx65n\vecttbl.obj
                                  fe7f5d48  fe7f5d4b         4
  ___TMEFreg
                                  fe7f5d48         4   data ,g         * 

SECTION=$ADDR_C_FE7F5D50
FILE=.\src\smc_gen\r_bsp\mcu\rx65n\vecttbl.obj
                                  fe7f5d50  fe7f5d5f        10
  ___OSIS1reg
                                  fe7f5d50         4   data ,g         * 
  ___OSIS2reg
                                  fe7f5d54         4   data ,g         * 
  ___OSIS3reg
                                  fe7f5d58         4   data ,g         * 
  ___OSIS4reg
                                  fe7f5d5c         4   data ,g         * 

SECTION=$ADDR_C_FE7F5D64
FILE=.\src\smc_gen\r_bsp\mcu\rx65n\vecttbl.obj
                                  fe7f5d64  fe7f5d67         4
  ___FAWreg
                                  fe7f5d64         4   data ,g         * 

SECTION=$ADDR_C_FE7F5D70
FILE=.\src\smc_gen\r_bsp\mcu\rx65n\vecttbl.obj
                                  fe7f5d70  fe7f5d73         4
  ___ROMCODEreg
                                  fe7f5d70         4   data ,g         * 

SECTION=PResetPRG
FILE=.\src\smc_gen\r_bsp\mcu\all\resetprg.obj
                                  ffe00000  ffe00055        56
  _PowerON_Reset_PC
                                  ffe00000        56   entry,g         * 

SECTION=C_1
FILE=.\src\demo_src\r_usb_hmsc_apl.obj
                                  ffe00056  ffe00064         f
  _g_msc_file
                                  ffe00056         f   data ,l         * 
FILE=.\src\smc_gen\r_sys_time_rx\src\r_sys_time_rx.obj
                                  ffe00065  ffe00070         c
  _year_data
                                  ffe00065         c   data ,l         * 
FILE=.\src\smc_gen\r_tfat_rx\src\ff.obj
                                  ffe00071  ffe00087        17
  _LfnOfs
                                  ffe00071         d   data ,l         * 
  _DbcTbl
                                  ffe0007e         a   data ,l         * 
FILE=.\src\smc_gen\r_usb_basic\src\driver\r_usb_cdataio.obj
                                  ffe00088  ffe0009f        18
  _g_usb_pipe_host
                                  ffe00088        18   data ,l         * 
FILE=xprintf
                                  ffe000a0  ffe000a9         a
  _fchar$1
                                  ffe000a0         a   data ,l         * 
FILE=xputtxt
                                  ffe000aa  ffe0014e        a5
  _spaces
                                  ffe000aa        21   data ,l         * 
  _zeroes
                                  ffe000cb        21   data ,l         * 
  _asterisk
                                  ffe000ec        21   data ,l         * 
  _plus
                                  ffe0010d        21   data ,l         * 
  _minus
                                  ffe0012e        21   data ,l         * 
FILE=xlitob
                                  ffe0014f  ffe00170        22
  _ldigs
                                  ffe0014f        11   data ,l         * 
  _udigs
                                  ffe00160        11   data ,l         * 
FILE=localeco
                                  ffe00171  ffe00171         1
  _null
                                  ffe00171         1   data ,l         * 

SECTION=C_2
FILE=.\src\smc_gen\r_bsp\mcu\all\r_bsp_cpu.obj
                                  ffe00172  ffe00177         6
  _s_prcr_masks
                                  ffe00172         6   data ,l         * 
FILE=.\src\smc_gen\r_tfat_rx\src\ffunicode.obj
                                  ffe00178  ffe0eb15      e99e
  _uni2oem932
                                  ffe00178      7378   data ,l         * 
  _oem2uni932
                                  ffe074f0      7378   data ,l         * 
  _cvt2$2
                                  ffe0e868        bc   data ,l         * 
  _cvt1$1
                                  ffe0e924       1f2   data ,l         * 
FILE=.\src\smc_gen\r_usb_hmsc\src\r_usb_hmsc_driver.obj
                                  ffe0eb16  ffe0eb1d         8
  _g_usb_hmsc_devicetpl
                                  ffe0eb16         8   data ,g         * 
FILE=xctype
                                  ffe0eb1e  ffe0ed1f       202
  _ctyp_tab
                                  ffe0eb1e       202   data ,l         * 

SECTION=C
FILE=.\src\smc_gen\r_bsp\mcu\all\dbsct.obj
                                  ffe0ed20  ffe0ed37        18
  __CTBL
                                  ffe0ed20        18   data ,g         * 
FILE=.\src\smc_gen\r_cmt_rx\src\r_cmt_rx.obj
                                  ffe0ed38  ffe0ed57        20
  _g_cmt_channels
                                  ffe0ed38        10   data ,l         * 
  _g_cmt_clock_dividers
                                  ffe0ed48        10   data ,l         * 
FILE=.\src\smc_gen\r_sys_time_rx\src\r_sys_time_rx.obj
                                  ffe0ed58  ffe0f04f       2f8
  _time_offset_tbl
                                  ffe0ed58       2f8   data ,l         * 
FILE=_nfiles
                                  ffe0f050  ffe0f053         4
  __nfiles
                                  ffe0f050         4   data ,g         * 
FILE=xfoprep
                                  ffe0f054  ffe0f09b        48
  _init$1
                                  ffe0f054        48   data ,l         * 
FILE=xprintf
                                  ffe0f09c  ffe0f0b3        18
  _fbit$2
                                  ffe0f09c        18   data ,l         * 
FILE=xfopen
                                  ffe0f0b4  ffe0f0c3        10
  _rwacc$1
                                  ffe0f0b4        10   data ,l         * 
FILE=xldtob
                                  ffe0f0c4  ffe0f0db        18
  _pows
                                  ffe0f0c4        18   data ,l         * 
FILE=_sbrk_si
                                  ffe0f0dc  ffe0f0df         4
  __sbrk_size
                                  ffe0f0dc         4   data ,g         * 

SECTION=C$DSEC
FILE=.\src\smc_gen\r_bsp\mcu\all\dbsct.obj
                                  ffe0f0e0  ffe0f127        48
  __DTBL
                                  ffe0f0e0        48   data ,g         * 

SECTION=C$BSEC
FILE=.\src\smc_gen\r_bsp\mcu\all\dbsct.obj
                                  ffe0f128  ffe0f157        30
  __BTBL
                                  ffe0f128        30   data ,g         * 

SECTION=C$VECT
FILE=.\src\smc_gen\r_bsp\mcu\all\resetprg.obj
                                  ffe0f158  ffe0f557       400

SECTION=D
FILE=.\src\demo_src\main.obj
                                  ffe0f558  ffe0f55b         4
FILE=.\src\demo_src\r_usb_hmsc_apl.obj
                                  ffe0f55c  ffe0f56b        10
FILE=.\src\smc_gen\r_bsp\mcu\all\lowsrc.obj
                                  ffe0f56c  ffe0f57f        14
FILE=.\src\smc_gen\r_bsp\mcu\all\sbrk.obj
                                  ffe0f580  ffe0f583         4
FILE=.\src\smc_gen\r_sys_time_rx\src\r_sys_time_rx.obj
                                  ffe0f584  ffe0f587         4
FILE=.\src\smc_gen\r_tfat_driver_rx\src\r_tfat_drv_if.obj
                                  ffe0f588  ffe0f58b         4
FILE=.\src\smc_gen\r_usb_basic\src\driver\r_usb_cdataio.obj
                                  ffe0f58c  ffe0f603        78
FILE=.\src\smc_gen\r_usb_basic\src\driver\r_usb_clibusbip.obj
                                  ffe0f604  ffe0f607         4
FILE=.\src\smc_gen\r_usb_basic\src\driver\r_usb_hmanager.obj
                                  ffe0f608  ffe0f627        20
FILE=xfiles
                                  ffe0f628  ffe0f6ff        d8
FILE=xprintf
                                  ffe0f700  ffe0f703         4
FILE=xctype
                                  ffe0f704  ffe0f70b         8
FILE=malloc
                                  ffe0f70c  ffe0f713         8
FILE=xstate
                                  ffe0f714  ffe0f75b        48
FILE=localeco
                                  ffe0f75c  ffe0f7af        54
FILE=xwcstate
                                  ffe0f7b0  ffe0f7f3        44
FILE=xfvalues
                                  ffe0f7f4  ffe0f86b        78

SECTION=D_1
FILE=.\src\smc_gen\r_tfat_driver_rx\src\r_tfat_drv_if.obj
                                  ffe0f86c  ffe0f87f        14
FILE=.\src\smc_gen\r_usb_basic\src\driver\r_usb_hdriver.obj
                                  ffe0f880  ffe0f880         1
FILE=.\src\smc_gen\r_usb_basic\src\driver\r_usb_hmanager.obj
                                  ffe0f881  ffe0f881         1
FILE=.\src\smc_gen\r_usb_basic\src\driver\r_usb_usbif_api.obj
                                  ffe0f882  ffe0f882         1
FILE=xfiles
                                  ffe0f883  ffe0f8d2        50
FILE=xstate
                                  ffe0f8d3  ffe0f8d3         1

SECTION=D_2
FILE=.\src\smc_gen\r_tfat_driver_rx\src\device\usb\r_tfat_drv_if_usb.obj
                                  ffe0f8d4  ffe0f8d5         2
FILE=.\src\smc_gen\r_usb_basic\src\driver\r_usb_hstdfunction.obj
                                  ffe0f8d6  ffe0f8d7         2
FILE=.\src\smc_gen\r_usb_hmsc\src\r_usb_hmsc_driver.obj
                                  ffe0f8d8  ffe0f8d9         2

SECTION=W_1
FILE=.\src\smc_gen\r_bsp\mcu\all\r_bsp_cpu.obj
                                  ffe0f8dc  ffe0f8eb        10
FILE=.\src\smc_gen\r_tfat_rx\src\ffunicode.obj
                                  ffe0f8ec  ffe0f8f4         9

SECTION=L
FILE=.\src\demo_src\r_usb_hmsc_apl.obj
                                  ffe0f8f8  ffe0fa27       130
FILE=.\src\smc_gen\r_bsp\mcu\all\dbsct.obj
                                  ffe0fa28  ffe0fa2b         4
  _deadSpace
                                  ffe0fa28         4   data ,g         * 
FILE=.\src\smc_gen\r_bsp\mcu\all\lowsrc.obj
                                  ffe0fa2c  ffe0fa6d        42
FILE=.\src\smc_gen\r_bsp\mcu\rx65n\mcu_clocks.obj
                                  ffe0fa70  ffe0fa7b         c
FILE=.\src\smc_gen\r_sys_time_rx\src\r_sys_time_rx.obj
                                  ffe0fa7c  ffe0fa7f         4
FILE=.\src\smc_gen\r_tfat_driver_rx\src\device\usb\r_tfat_drv_if_usb.obj
                                  ffe0fa80  ffe0fadb        5c
FILE=.\src\smc_gen\r_tfat_driver_rx\src\r_tfat_drv_if.obj
                                  ffe0fadc  ffe0faf4        19
FILE=.\src\smc_gen\r_tfat_rx\src\ff.obj
                                  ffe0faf8  ffe0fc03       10c
FILE=.\src\smc_gen\r_usb_basic\src\driver\r_usb_clibusbip.obj
                                  ffe0fc04  ffe0fca8        a5
FILE=.\src\smc_gen\r_usb_basic\src\driver\r_usb_hcontrolrw.obj
                                  ffe0fcac  ffe0fcde        33
FILE=.\src\smc_gen\r_usb_basic\src\driver\r_usb_hdriver.obj
                                  ffe0fce0  ffe0ff4d       26e
FILE=.\src\smc_gen\r_usb_basic\src\driver\r_usb_hintfifo.obj
                                  ffe0ff50  ffe0ff66        17
FILE=.\src\smc_gen\r_usb_basic\src\driver\r_usb_hlibusbip.obj
                                  ffe0ff68  ffe0ffd9        72
FILE=.\src\smc_gen\r_usb_basic\src\driver\r_usb_hmanager.obj
                                  ffe0ffdc  ffe1023f       264
FILE=.\src\smc_gen\r_usb_basic\src\driver\r_usb_usbif_api.obj
                                  ffe10240  ffe10271        32
FILE=.\src\smc_gen\r_usb_basic\src\hw\r_usb_creg_access.obj
                                  ffe10274  ffe1029b        28
FILE=.\src\smc_gen\r_usb_basic\src\hw\r_usb_hreg_abs.obj
                                  ffe1029c  ffe102d8        3d
FILE=.\src\smc_gen\r_usb_basic\src\hw\r_usb_hreg_access.obj
                                  ffe102dc  ffe10312        37
FILE=.\src\smc_gen\r_usb_hmsc\src\r_usb_hmsc_driver.obj
                                  ffe10314  ffe10409        f6
FILE=.\src\smc_gen\r_usb_hmsc\src\r_usb_hstorage_driver.obj
                                  ffe1040c  ffe104a8        9d
FILE=xprintf
                                  ffe104ac  ffe104b2         7
FILE=xldtob
                                  ffe104b4  ffe104d5        22
FILE=xgenld
                                  ffe104d8  ffe104d9         2
FILE=localeco
                                  ffe104dc  ffe104e8         d

SECTION=P
FILE=.\src\demo_src\main.obj
                                  ffe104e9  ffe10518        30
  _main
                                  ffe104e9         5   func ,g         * 
  _PinSet_USB0_HOST
                                  ffe104ee        2b   func ,g         * 
FILE=.\src\demo_src\r_usb_hmsc_apl.obj
                                  ffe10519  ffe10942       42a
  _usb_main
                                  ffe10519        e9   func ,g         * 
  _msc_file_read
                                  ffe10602        30   func ,l         * 
  _usb_pin_setting
                                  ffe10632         5   func ,l         * 
  _apl_init
                                  ffe10637        50   func ,l         * 
  _usb_compliance_disp
                                  ffe10687         6   func ,g         * 
  _tree
                                  ffe1068d        87   func ,g         * 
  _scan_directory
                                  ffe10714       1c3   func ,l         * 
  _str_hierarchy
                                  ffe108d7        6c   func ,l         * 
FILE=.\src\smc_gen\general\r_cg_hardware_setup.obj
                                  ffe10943  ffe1098a        48
  _r_undefined_exception
                                  ffe10943         1   func ,g         * 
  _R_Systeminit
                                  ffe10944        47   func ,g         * 
FILE=.\src\smc_gen\general\r_smc_cgc.obj
                                  ffe1098b  ffe1098f         5
  _R_CGC_Create
                                  ffe1098b         5   func ,g         * 
FILE=.\src\smc_gen\general\r_smc_cgc_user.obj
                                  ffe10990  ffe10990         1
  _R_CGC_Create_UserInit
                                  ffe10990         1   func ,g         * 
FILE=.\src\smc_gen\general\r_smc_interrupt.obj
                                  ffe10991  ffe10991         1
  _R_Interrupt_Create
                                  ffe10991         1   func ,g         * 
FILE=.\src\smc_gen\r_bsp\board\generic_rx65n\hwsetup.obj
                                  ffe10992  ffe10a60        cf
  _hardware_setup
                                  ffe10992        14   func ,g         * 
  _output_ports_configure
                                  ffe109a6         2   func ,l         * 
  _interrupts_configure
                                  ffe109a8         2   func ,l         * 
  _peripheral_modules_enable
                                  ffe109aa         5   func ,l         * 
  _bsp_adc_initial_configure
                                  ffe109af        70   func ,l         * 
  _bsp_bsc_initial_configure
                                  ffe10a1f        42   func ,l         * 
FILE=.\src\smc_gen\r_bsp\mcu\all\lowlvl.obj
                                  ffe10a61  ffe10a9a        3a
  _charput
                                  ffe10a61        1d   func ,g         * 
  _charget
                                  ffe10a7e        1d   func ,g         * 
FILE=.\src\smc_gen\r_bsp\mcu\all\lowsrc.obj
                                  ffe10a9b  ffe10d80       2e6
  _init_iolib
                                  ffe10a9b        e8   func ,g         * 
  _close_all
                                  ffe10b83        3e   func ,g         * 
  _open
                                  ffe10bc1        a7   func ,g         * 
  _close
                                  ffe10c68         b   func ,g         * 
  _write
                                  ffe10c73        8c   func ,g         * 
  _read
                                  ffe10cff        71   func ,g         * 
  _lseek
                                  ffe10d70        11   func ,g         * 
FILE=.\src\smc_gen\r_bsp\mcu\all\r_bsp_common.obj
                                  ffe10d81  ffe10eae       12e
  _R_BSP_GetVersion
                                  ffe10d81         e   func ,g         * 
  _R_BSP_GetIClkFreqHz
                                  ffe10d8f         a   func ,g         * 
  _R_BSP_SoftwareDelay
                                  ffe10d99       116   func ,g         * 
FILE=.\src\smc_gen\r_bsp\mcu\all\r_bsp_cpu.obj
                                  ffe10eaf  ffe110c3       215
  _R_BSP_InterruptsDisable
                                  ffe10eaf        17   func ,g         * 
  _R_BSP_InterruptsEnable
                                  ffe10ec6        17   func ,g         * 
  _R_BSP_CpuInterruptLevelRead
                                  ffe10edd        1d   func ,g         * 
  _R_BSP_CpuInterruptLevelWrite
                                  ffe10efa        84   func ,g         * 
  _R_BSP_RegisterProtectEnable
                                  ffe10f7e        84   func ,g         * 
  _R_BSP_RegisterProtectDisable
                                  ffe11002        6c   func ,g         * 
  _R_BSP_SoftwareReset
                                  ffe1106e        11   func ,g         * 
  _bsp_register_protect_open
                                  ffe1107f        22   func ,g         * 
  _bsp_ram_initialize
                                  ffe110a1        23   func ,g         * 
FILE=.\src\smc_gen\r_bsp\mcu\all\r_bsp_interrupts.obj
                                  ffe110c4  ffe1199a       8d7
  _R_BSP_InterruptRequestEnable
                                  ffe110c4        21   func ,g         * 
  _R_BSP_InterruptRequestDisable
                                  ffe110e5        21   func ,g         * 
  _bsp_interrupt_open
                                  ffe11106        2b   func ,g         * 
  _R_BSP_InterruptWrite
                                  ffe11131        77   func ,g         * 
  _R_BSP_InterruptRead
                                  ffe111a8        51   func ,g         * 
  _R_BSP_InterruptControl
                                  ffe111f9        ea   func ,g         * 
  _bsp_fit_interrupts_control
                                  ffe112e3        77   func ,l         * 
  _bsp_gr_int_enable_disable
                                  ffe1135a       3b7   func ,l         * 
  _excep_supervisor_inst_isr
                                  ffe11711        17   func ,g         * 
  _excep_access_isr
                                  ffe11728        17   func ,g         * 
  _excep_undefined_inst_isr
                                  ffe1173f        17   func ,g         * 
  _excep_floating_point_isr
                                  ffe11756        29   func ,g         * 
  _non_maskable_isr
                                  ffe1177f       1e7   func ,g         * 
  _undefined_interrupt_source_isr
                                  ffe11966        17   func ,g         * 
  _bus_error_isr
                                  ffe1197d        1e   func ,g         * 
FILE=.\src\smc_gen\r_bsp\mcu\all\r_bsp_locking.obj
                                  ffe1199b  ffe119ff        65
  _R_BSP_SoftwareLock
                                  ffe1199b        27   func ,g         * 
  _R_BSP_SoftwareUnlock
                                  ffe119c2         e   func ,g         * 
  _R_BSP_HardwareLock
                                  ffe119d0        18   func ,g         * 
  _R_BSP_HardwareUnlock
                                  ffe119e8        18   func ,g         * 
FILE=.\src\smc_gen\r_bsp\mcu\all\r_rx_intrinsic_functions.obj
                                  ffe11a00  ffe11a9e        9f
  _R_BSP_ChangeToUserMode
                                  ffe11a00        20   func ,g         * 
  _R_BSP_SetBPSW
                                  ffe11a20         4   func ,g         * 
  _R_BSP_GetBPSW
                                  ffe11a24        13   func ,g         * 
  _R_BSP_SetBPC
                                  ffe11a37         4   func ,g         * 
  _R_BSP_GetBPC
                                  ffe11a3b        13   func ,g         * 
  _R_BSP_SetEXTB
                                  ffe11a4e         4   func ,g         * 
  _R_BSP_GetEXTB
                                  ffe11a52        13   func ,g         * 
  _R_BSP_MoveToAccHiLong
                                  ffe11a65         4   func ,g         * 
  _R_BSP_MoveToAccLoLong
                                  ffe11a69         4   func ,g         * 
  _R_BSP_MoveFromAccHiLong
                                  ffe11a6d        13   func ,g         * 
  _R_BSP_MoveFromAccMiLong
                                  ffe11a80        13   func ,g         * 
  _R_BSP_BitSet
                                  ffe11a93         4   func ,g         * 
  _R_BSP_BitClear
                                  ffe11a97         4   func ,g         * 
  _R_BSP_BitReverse
                                  ffe11a9b         4   func ,g         * 
FILE=.\src\smc_gen\r_bsp\mcu\all\sbrk.obj
                                  ffe11a9f  ffe11ada        3c
  _sbrk
                                  ffe11a9f        3c   func ,g         * 
FILE=.\src\smc_gen\r_bsp\mcu\rx65n\mcu_clocks.obj
                                  ffe11adb  ffe11ddf       305
  _get_iclk_freq_hz
                                  ffe11adb        d4   func ,g         * 
  _mcu_clock_setup
                                  ffe11baf         4   func ,g         * 
  _operating_frequency_set
                                  ffe11bb3        ba   func ,l         * 
  _clock_source_select
                                  ffe11c6d       173   func ,l         * 
FILE=.\src\smc_gen\r_bsp\mcu\rx65n\mcu_init.obj
                                  ffe11de0  ffe11e83        a4
  _bsp_non_existent_port_init
                                  ffe11de0        a4   func ,g         * 
FILE=.\src\smc_gen\r_bsp\mcu\rx65n\mcu_interrupts.obj
                                  ffe11e84  ffe12890       a0d
  _bsp_interrupt_enable_disable
                                  ffe11e84       143   func ,g         * 
  _group_bl0_handler_isr
                                  ffe11fc7       374   func ,l         * 
  _group_bl1_handler_isr
                                  ffe1233b       2e0   func ,l         * 
  _group_bl2_handler_isr
                                  ffe1261b        2e   func ,l         * 
  _group_al0_handler_isr
                                  ffe12649       13c   func ,l         * 
  _group_al1_handler_isr
                                  ffe12785        a6   func ,l         * 
  _group_be0_handler_isr
                                  ffe1282b        66   func ,l         * 
FILE=.\src\smc_gen\r_bsp\mcu\rx65n\mcu_mapped_interrupts.obj
                                  ffe12891  ffe12d0f       47f
  _bsp_mapped_interrupt_open
                                  ffe12891       47f   func ,g         * 
FILE=.\src\smc_gen\r_cmt_rx\src\r_cmt_rx.obj
                                  ffe12d10  ffe13792       a83
  _R_CMT_CreatePeriodic
                                  ffe12d10        1a   func ,g         * 
  _R_CMT_CreatePeriodicAssignChannelPriority
                                  ffe12d2a        24   func ,g         * 
  _R_CMT_CreateOneShot
                                  ffe12d4e        22   func ,g         * 
  _R_CMT_CreateOneShotAssignChannelPriority
                                  ffe12d70        2c   func ,g         * 
  _R_CMT_Stop
                                  ffe12d9c        37   func ,g         * 
  _R_CMT_Control
                                  ffe12dd3       2e5   func ,g         * 
  _cmt_create
                                  ffe130b8        74   func ,l         * 
  _cmt_create_priority
                                  ffe1312c        a0   func ,l         * 
  _cmt_lock_state
                                  ffe131cc        12   func ,l         * 
  _cmt_unlock_state
                                  ffe131de         7   func ,l         * 
  _cmt_find_channel
                                  ffe131e5        37   func ,l         * 
  _power_on
                                  ffe1321c        a4   func ,l         * 
  _power_off
                                  ffe132c0        d7   func ,l         * 
  _cmt_counter_start
                                  ffe13397        f2   func ,l         * 
  _cmt_counter_start_priority
                                  ffe13489       102   func ,l         * 
  _cmt_counter_stop
                                  ffe1358b        d3   func ,l         * 
  _cmt_setup_channel
                                  ffe1365e        94   func ,l         * 
  _R_CMT_GetVersion
                                  ffe136f2         e   func ,g         * 
  _cmt_isr_common
                                  ffe13700        57   func ,l         * 
  _cmt0_isr
                                  ffe13757         f   func ,l         * 
  _cmt1_isr
                                  ffe13766         f   func ,l         * 
  _cmt2_isr
                                  ffe13775         f   func ,l         * 
  _cmt3_isr
                                  ffe13784         f   func ,l         * 
FILE=.\src\smc_gen\r_pincfg\Pin.obj
                                  ffe13793  ffe137c5        33
  _R_Pins_Create
                                  ffe13793        33   func ,g         * 
FILE=.\src\smc_gen\r_pincfg\r_usb_basic_pinset.obj
                                  ffe137c6  ffe137f0        2b
  _R_USB_PinSet_USB0_HOST
                                  ffe137c6        2b   func ,g         * 
FILE=.\src\smc_gen\r_sys_time_rx\src\r_sys_time_rx.obj
                                  ffe137f1  ffe1404a       85a
  _R_SYS_TIME_Open
                                  ffe137f1        7f   func ,g         * 
  _R_SYS_TIME_GetCurrentTime
                                  ffe13870        3b   func ,g         * 
  _R_SYS_TIME_SetCurrentTime
                                  ffe138ab       214   func ,g         * 
  _R_SYS_TIME_ConvertUnixTimeToSystemTime
                                  ffe13abf       1d2   func ,g         * 
  _R_SYS_TIME_RegisterPeriodicCallback
                                  ffe13c91        c6   func ,g         * 
  _R_SYS_TIME_UnregisterPeriodicCallback
                                  ffe13d57        71   func ,g         * 
  _R_SYS_TIME_IsPeriodicCallbackRegistered
                                  ffe13dc8        53   func ,g         * 
  _R_SYS_TIME_Close
                                  ffe13e1b        38   func ,g         * 
  _R_SYS_TIME_GetVersion
                                  ffe13e53         d   func ,g         * 
  _sys_time_process
                                  ffe13e60       199   func ,l         * 
  _is_leap_year
                                  ffe13ff9        52   func ,l         * 
FILE=.\src\smc_gen\r_tfat_driver_rx\src\device\usb\r_tfat_drv_if_usb.obj
                                  ffe1404b  ffe14327       2dd
  _usb_disk_initialize
                                  ffe1404b         b   func ,g         * 
  _usb_disk_read
                                  ffe14056        fb   func ,g         * 
  _usb_disk_write
                                  ffe14151        d2   func ,g         * 
  _usb_disk_ioctl
                                  ffe14223        4c   func ,g         * 
  _usb_disk_status
                                  ffe1426f         b   func ,g         * 
  _R_usb_hmsc_WaitLoop
                                  ffe1427a        ae   func ,l         * 
FILE=.\src\smc_gen\r_tfat_driver_rx\src\r_tfat_drv_if.obj
                                  ffe14328  ffe1451b       1f4
  _chk_use_usb
                                  ffe14328        21   func ,l         * 
  _disk_initialize
                                  ffe14349        2c   func ,g         * 
  _disk_read
                                  ffe14375        5b   func ,g         * 
  _disk_write
                                  ffe143d0        37   func ,g         * 
  _disk_ioctl
                                  ffe14407        33   func ,g         * 
  _disk_status
                                  ffe1443a        2c   func ,g         * 
  _disk_1ms_interval
                                  ffe14466         1   func ,g         * 
  _get_fattime
                                  ffe14467        52   func ,g         * 
  _drv_change_alloc
                                  ffe144b9        63   func ,g         * 
FILE=.\src\smc_gen\r_tfat_rx\src\ff.obj
                                  ffe1451c  ffe17c79      375e
  _ld_word
                                  ffe1451c        19   func ,l         * 
  _ld_dword
                                  ffe14535        2e   func ,l         * 
  _st_word
                                  ffe14563        26   func ,l         * 
  _st_dword
                                  ffe14589        48   func ,l         * 
  _dbc_1st
                                  ffe145d1        56   func ,l         * 
  _dbc_2nd
                                  ffe14627        82   func ,l         * 
  _tchar2uni
                                  ffe146a9        7c   func ,l         * 
  _put_utf
                                  ffe14725        76   func ,l         * 
  _sync_window
                                  ffe1479b        5a   func ,l         * 
  _move_window
                                  ffe147f5        46   func ,l         * 
  _sync_fs
                                  ffe1483b        af   func ,l         * 
  _clst2sect
                                  ffe148ea        30   func ,l         * 
  _get_fat
                                  ffe1491a       110   func ,l         * 
  _put_fat
                                  ffe14a2a       174   func ,l         * 
  _remove_chain
                                  ffe14b9e        c6   func ,l         * 
  _create_chain
                                  ffe14c64       1c3   func ,l         * 
  _dir_clear
                                  ffe14e27        8b   func ,l         * 
  _dir_sdi
                                  ffe14eb2       118   func ,l         * 
  _dir_next
                                  ffe14fca       12a   func ,l         * 
  _dir_alloc
                                  ffe150f4        7c   func ,l         * 
  _ld_clust
                                  ffe15170        2c   func ,l         * 
  _st_clust
                                  ffe1519c        28   func ,l         * 
  _cmp_lfn
                                  ffe151c4        d1   func ,l         * 
  _pick_lfn
                                  ffe15295        b0   func ,l         * 
  _put_lfn
                                  ffe15345        a8   func ,l         * 
  _gen_numname
                                  ffe153ed       131   func ,l         * 
  _sum_sfn
                                  ffe1551e        31   func ,l         * 
  _dir_read
                                  ffe1554f       13e   func ,l         * 
  _dir_find
                                  ffe1568d       18e   func ,l         * 
  _dir_register
                                  ffe1581b       18f   func ,l         * 
  _dir_remove
                                  ffe159aa        6f   func ,l         * 
  _get_fileinfo
                                  ffe15a19       236   func ,l         * 
  _create_name
                                  ffe15c4f       3b9   func ,l         * 
  _follow_path
                                  ffe16008        c7   func ,l         * 
  _get_ldnumber
                                  ffe160cf        c4   func ,l         * 
  _check_fs
                                  ffe16193       1b7   func ,l         * 
  _find_volume
                                  ffe1634a        d8   func ,l         * 
  _mount_volume
                                  ffe16422       43e   func ,l         * 
  _validate
                                  ffe16860        85   func ,l         * 
  _f_mount
                                  ffe168e5        a5   func ,g         * 
  _f_open
                                  ffe1698a       300   func ,g         * 
  _f_read
                                  ffe16c8a       231   func ,g         * 
  _f_write
                                  ffe16ebb       28e   func ,g         * 
  _f_sync
                                  ffe17149        a8   func ,g         * 
  _f_close
                                  ffe171f1        29   func ,g         * 
  _f_lseek
                                  ffe1721a       256   func ,g         * 
  _f_opendir
                                  ffe17470        ca   func ,g         * 
  _f_closedir
                                  ffe1753a        1c   func ,g         * 
  _f_readdir
                                  ffe17556        88   func ,g         * 
  _f_stat
                                  ffe175de        60   func ,g         * 
  _f_getfree
                                  ffe1763e       117   func ,g         * 
  _f_truncate
                                  ffe17755       10a   func ,g         * 
  _f_unlink
                                  ffe1785f        fc   func ,g         * 
  _f_mkdir
                                  ffe1795b       160   func ,g         * 
  _f_rename
                                  ffe17abb       1bf   func ,g         * 
FILE=.\src\smc_gen\r_tfat_rx\src\ffunicode.obj
                                  ffe17c7a  ffe17eb1       238
  _ff_uni2oem
                                  ffe17c7a        a3   func ,g         * 
  _ff_oem2uni
                                  ffe17d1d        8c   func ,g         * 
  _ff_wtoupper
                                  ffe17da9       109   func ,g         * 
FILE=.\src\smc_gen\r_usb_basic\src\driver\r_usb_cdataio.obj
                                  ffe17eb2  ffe18219       368
  _usb_cstd_debug_hook
                                  ffe17eb2         6   func ,g         * 
  _usb_ctrl_read
                                  ffe17eb8        d1   func ,g         * 
  _usb_ctrl_write
                                  ffe17f89        d1   func ,g         * 
  _usb_ctrl_stop
                                  ffe1805a        2b   func ,g         * 
  _usb_data_read
                                  ffe18085        89   func ,g         * 
  _usb_data_write
                                  ffe1810e        84   func ,g         * 
  _usb_data_stop
                                  ffe18192        4e   func ,g         * 
  _usb_get_usepipe
                                  ffe181e0        3a   func ,g         * 
FILE=.\src\smc_gen\r_usb_basic\src\driver\r_usb_clibusbip.obj
                                  ffe1821a  ffe185c0       3a7
  _usb_cstd_nrdy_enable
                                  ffe1821a        18   func ,g         * 
  _usb_cstd_get_pid
                                  ffe18232        28   func ,g         * 
  _usb_cstd_get_maxpacket_size
                                  ffe1825a        43   func ,g         * 
  _usb_cstd_get_pipe_dir
                                  ffe1829d        2f   func ,g         * 
  _usb_cstd_get_pipe_type
                                  ffe182cc        31   func ,g         * 
  _usb_cstd_do_aclrm
                                  ffe182fd        20   func ,g         * 
  _usb_cstd_set_buf
                                  ffe1831d        1a   func ,g         * 
  _usb_cstd_clr_stall
                                  ffe18337        22   func ,g         * 
  _usb_cstd_port_speed
                                  ffe18359        3f   func ,g         * 
  _usb_set_event
                                  ffe18398        78   func ,g         * 
  _usb_cstd_usb_task
                                  ffe18410        e0   func ,g         * 
  _usb_class_task
                                  ffe184f0        d1   func ,g         * 
FILE=.\src\smc_gen\r_usb_basic\src\driver\r_usb_hcontrolrw.obj
                                  ffe185c1  ffe18c19       659
  _usb_hstd_ctrl_write_start
                                  ffe185c1       11f   func ,g         * 
  _usb_hstd_ctrl_read_start
                                  ffe186e0        ce   func ,g         * 
  _usb_hstd_status_start
                                  ffe187ae        f8   func ,g         * 
  _usb_hstd_ctrl_end
                                  ffe188a6       196   func ,g         * 
  _usb_hstd_setup_start
                                  ffe18a3c       1de   func ,g         * 
FILE=.\src\smc_gen\r_usb_basic\src\driver\r_usb_hdriver.obj
                                  ffe18c1a  ffe1a30d      16f4
  _usb_hstd_dev_descriptor
                                  ffe18c1a        15   func ,g         * 
  _usb_hstd_con_descriptor
                                  ffe18c2f        14   func ,g         * 
  _usb_hstd_transfer_start_req
                                  ffe18c43        e0   func ,g         * 
  _usb_hstd_device_resume
                                  ffe18d23        15   func ,g         * 
  _usb_hstd_hcd_snd_mbx
                                  ffe18d38        73   func ,g         * 
  _usb_hstd_mgr_snd_mbx
                                  ffe18dab        66   func ,g         * 
  _usb_hstd_hcd_rel_mpl
                                  ffe18e11        12   func ,g         * 
  _usb_hstd_suspend
                                  ffe18e23        50   func ,g         * 
  _usb_hstd_set_submitutr
                                  ffe18e73       1b5   func ,l         * 
  _usb_hstd_set_retransfer
                                  ffe19028        28   func ,l         * 
  _usb_hstd_bus_int_disable
                                  ffe19050        16   func ,g         * 
  _usb_hstd_interrupt
                                  ffe19066       25b   func ,l         * 
  _usb_hstd_clr_feature
                                  ffe192c1       14f   func ,g         * 
  _usb_hstd_clr_stall
                                  ffe19410        40   func ,g         * 
  _usb_hstd_clr_stall_result
                                  ffe19450        61   func ,l         * 
  _usb_hstd_hcd_task
                                  ffe194b1       5e6   func ,g         * 
  _usb_hstd_send_start
                                  ffe19a97        ca   func ,g         * 
  _usb_hstd_fifo_to_buf
                                  ffe19b61        88   func ,g         * 
  _usb_hstd_buf_to_fifo
                                  ffe19be9        85   func ,g         * 
  _usb_class_request_complete
                                  ffe19c6e        72   func ,g         * 
  _usb_hstd_transfer_end
                                  ffe19ce0        7e   func ,g         * 
  _usb_hstd_driver_registration
                                  ffe19d5e        ae   func ,g         * 
  _usb_hstd_driver_release
                                  ffe19e0c        52   func ,g         * 
  _usb_hstd_set_pipe_info
                                  ffe19e5e        6a   func ,g         * 
  _usb_hstd_return_enu_mgr
                                  ffe19ec8        22   func ,g         * 
  _usb_hstd_change_device_state
                                  ffe19eea        e5   func ,g         * 
  _usb_hstd_hcd_open
                                  ffe19fcf       1b2   func ,g         * 
  _usb_hstd_dummy_function
                                  ffe1a181         a   func ,g         * 
  _usb_hstd_suspend_complete
                                  ffe1a18b        30   func ,g         * 
  _usb_hstd_resume_complete
                                  ffe1a1bb        30   func ,g         * 
  _usb_hstd_device_information
                                  ffe1a1eb        be   func ,g         * 
  _usb_host_registration
                                  ffe1a2a9        13   func ,g         * 
  _usb_hstd_transfer_start
                                  ffe1a2bc        31   func ,g         * 
  _usb_hstd_connect_err_event_set
                                  ffe1a2ed        21   func ,g         * 
FILE=.\src\smc_gen\r_usb_basic\src\driver\r_usb_hintfifo.obj
                                  ffe1a30e  ffe1a58a       27d
  _usb_hstd_brdy_pipe
                                  ffe1a30e        e8   func ,g         * 
  _usb_hstd_nrdy_pipe
                                  ffe1a3f6        74   func ,g         * 
  _usb_hstd_bemp_pipe
                                  ffe1a46a       121   func ,g         * 
FILE=.\src\smc_gen\r_usb_basic\src\driver\r_usb_hinthandler_usbip0.obj
                                  ffe1a58b  ffe1a62c        a2
  _usb_hstd_usb_handler
                                  ffe1a58b        62   func ,g         * 
  _usb_hstd_init_usb_message
                                  ffe1a5ed        40   func ,g         * 
FILE=.\src\smc_gen\r_usb_basic\src\driver\r_usb_hlibusbip.obj
                                  ffe1a62d  ffe1b41f       df3
  _usb_hstd_set_dev_addr
                                  ffe1a62d        22   func ,g         * 
  _usb_hstd_bchg_enable
                                  ffe1a64f        10   func ,g         * 
  _usb_hstd_bchg_disable
                                  ffe1a65f        10   func ,g         * 
  _usb_hstd_set_uact
                                  ffe1a66f        10   func ,g         * 
  _usb_hstd_ovrcr_enable
                                  ffe1a67f        10   func ,g         * 
  _usb_hstd_ovrcr_disable
                                  ffe1a68f        10   func ,g         * 
  _usb_hstd_attch_enable
                                  ffe1a69f        10   func ,g         * 
  _usb_hstd_attch_disable
                                  ffe1a6af        10   func ,g         * 
  _usb_hstd_dtch_enable
                                  ffe1a6bf        10   func ,g         * 
  _usb_hstd_dtch_disable
                                  ffe1a6cf        10   func ,g         * 
  _usb_hstd_chk_dev_addr
                                  ffe1a6df        29   func ,g         * 
  _usb_hstd_get_dev_speed
                                  ffe1a708        29   func ,g         * 
  _usb_hstd_pipe_to_epadr
                                  ffe1a731        40   func ,g         * 
  _usb_hstd_pipe2fport
                                  ffe1a771        1d   func ,g         * 
  _usb_hstd_berne_enable
                                  ffe1a78e         e   func ,g         * 
  _usb_hstd_sw_reset
                                  ffe1a79c        16   func ,g         * 
  _usb_hstd_do_sqtgl
                                  ffe1a7b2        29   func ,g         * 
  _usb_hstd_get_devsel
                                  ffe1a7db        44   func ,g         * 
  _usb_hstd_get_device_address
                                  ffe1a81f        6c   func ,g         * 
  _usb_hstd_write_data
                                  ffe1a88b       165   func ,g         * 
  _usb_hstd_receive_start
                                  ffe1a9f0        fe   func ,g         * 
  _usb_hstd_read_data
                                  ffe1aaee       150   func ,g         * 
  _usb_hstd_data_end
                                  ffe1ac3e       143   func ,g         * 
  _usb_hstd_brdy_pipe_process
                                  ffe1ad81       118   func ,g         * 
  _usb_hstd_nrdy_pipe_process
                                  ffe1ae99        9b   func ,g         * 
  _usb_hstd_bemp_pipe_process
                                  ffe1af34       15e   func ,g         * 
  _usb_hstd_make_pipe_reg_info
                                  ffe1b092       10e   func ,g         * 
  _usb_hstd_clr_pipe_table
                                  ffe1b1a0        b0   func ,g         * 
  _usb_hstd_clr_pipe_table_ip
                                  ffe1b250        88   func ,g         * 
  _usb_hstd_set_pipe_reg
                                  ffe1b2d8        8d   func ,g         * 
  _usb_hstd_get_pipe_no
                                  ffe1b365        62   func ,g         * 
  _usb_hstd_get_pipe_peri_value
                                  ffe1b3c7        59   func ,g         * 
FILE=.\src\smc_gen\r_usb_basic\src\driver\r_usb_hmanager.obj
                                  ffe1b420  ffe1d50e      20ef
  _usb_hstd_mgr_rel_mpl
                                  ffe1b420        1d   func ,l         * 
  _usb_hstd_mgr_chgdevst_cb
                                  ffe1b43d        40   func ,l         * 
  _usb_hstd_enumeration
                                  ffe1b47d       41c   func ,l         * 
  _usb_hstd_enumeration_err
                                  ffe1b899         6   func ,l         * 
  _usb_hstd_chk_device_class
[...]
  _hw_usb_hset_enb_pddetinte
                                  ffe20093         6   func ,g         * 
  _hw_usb_hwrite_intsts
                                  ffe20099         f   func ,g         * 
  _hw_usb_hclear_sts_ovrcr
                                  ffe200a8         d   func ,g         * 
  _hw_usb_hclear_sts_bchg
                                  ffe200b5         d   func ,g         * 
  _hw_usb_hclear_sts_dtch
                                  ffe200c2         d   func ,g         * 
  _hw_usb_hclear_sts_attch
                                  ffe200cf         d   func ,g         * 
  _hw_usb_hclear_sts_sign
                                  ffe200dc         d   func ,g         * 
  _hw_usb_hclear_sts_sack
                                  ffe200e9         d   func ,g         * 
  _hw_usb_hclear_sts_pddetint
                                  ffe200f6         6   func ,g         * 
  _hw_usb_hwrite_usbreq
                                  ffe200fc         f   func ,g         * 
  _hw_usb_hset_usbval
                                  ffe2010b         f   func ,g         * 
  _hw_usb_hset_usbindx
                                  ffe2011a         f   func ,g         * 
  _hw_usb_hset_usbleng
                                  ffe20129         f   func ,g         * 
  _hw_usb_hwrite_dcpctr
                                  ffe20138        4b   func ,g         * 
  _hw_usb_hset_sureq
                                  ffe20183        2e   func ,g         * 
  _hw_usb_hread_devadd
                                  ffe201b1        3c   func ,g         * 
  _hw_usb_hrmw_devadd
                                  ffe201ed        44   func ,g         * 
  _hw_usb_hset_usbspd
                                  ffe20231        35   func ,g         * 
  _hw_usb_hset_dcpmode
                                  ffe20266         6   func ,g         * 
  _hw_usb_hmodule_init
                                  ffe2026c       109   func ,g         * 
  _hw_usb_hset_trnensel
                                  ffe20375         e   func ,g         * 
FILE=.\src\smc_gen\r_usb_basic\src\hw\r_usb_rx_mcu.obj
                                  ffe20383  ffe20641       2bf
  _usb_module_start
                                  ffe20383        56   func ,g         * 
  _usb_module_stop
                                  ffe203d9       176   func ,g         * 
  _usb_cpu_usbint_init
                                  ffe2054f        44   func ,g         * 
  _usb_cpu_delay_1us
                                  ffe20593        11   func ,g         * 
  _usb_cpu_delay_xms
                                  ffe205a4        10   func ,g         * 
  _usb_cpu_int_enable
                                  ffe205b4         8   func ,g         * 
  _usb_cpu_int_disable
                                  ffe205bc         8   func ,g         * 
  _usb_chattaring
                                  ffe205c4        4f   func ,g         * 
  _usbfs_usbi_isr
                                  ffe20613        20   func ,l         * 
  _usb_check_use_usba_module
                                  ffe20633         f   func ,g         * 
FILE=.\src\smc_gen\r_usb_hmsc\src\r_usb_hmsc_api.obj
                                  ffe20642  ffe2078c       14b
  _R_USB_HmscStrgCmd
                                  ffe20642        b2   func ,g         * 
  _R_USB_HmscGetDriveNo
                                  ffe206f4        99   func ,g         * 
FILE=.\src\smc_gen\r_usb_hmsc\src\r_usb_hmsc_driver.obj
                                  ffe2078d  ffe2330b      2b7f
  _usb_hmsc_task
                                  ffe2078d        4f   func ,g         * 
  _usb_hmsc_enumeration
                                  ffe207dc       19a   func ,l         * 
  _usb_hmsc_set_rw_cbw
                                  ffe20976       2e3   func ,g         * 
  _usb_hmsc_set_els_cbw
                                  ffe20c59       328   func ,g         * 
  _usb_hmsc_clr_data
                                  ffe20f81        26   func ,g         * 
  _usb_hmsc_no_data
                                  ffe20fa7        43   func ,g         * 
  _usb_hmsc_data_in
                                  ffe20fea        81   func ,g         * 
  _usb_hmsc_data_out
                                  ffe2106b        75   func ,g         * 
  _usb_hmsc_data_act
                                  ffe210e0       539   func ,l         * 
  _usb_hmsc_stall_err
                                  ffe21619       1cb   func ,l         * 
  _usb_hmsc_specified_path
                                  ffe217e4        6a   func ,l         * 
  _usb_hmsc_check_result
                                  ffe2184e        15   func ,l         * 
  _usb_hmsc_command_result
                                  ffe21863        63   func ,l         * 
  _usb_hmsc_get_string_desc
                                  ffe218c6       1bb   func ,l         * 
  _usb_hmsc_send_cbw
                                  ffe21a81       1ff   func ,l         * 
  _usb_hmsc_send_cbw_check
                                  ffe21c80        4f   func ,l         * 
  _usb_hmsc_get_data
                                  ffe21ccf       1ae   func ,l         * 
  _usb_hmsc_get_data_check
                                  ffe21e7d        67   func ,l         * 
  _usb_hmsc_send_data
                                  ffe21ee4       1b0   func ,l         * 
  _usb_hmsc_send_data_check
                                  ffe22094        65   func ,l         * 
  _usb_hmsc_get_csw
                                  ffe220f9       1b9   func ,l         * 
  _usb_hmsc_get_csw_check
                                  ffe222b2       182   func ,l         * 
  _usb_hmsc_clear_stall
                                  ffe22434        2f   func ,l         * 
  _usb_hmsc_std_req_check
                                  ffe22463        22   func ,l         * 
  _usb_hmsc_class_check_result
                                  ffe22485        5d   func ,l         * 
  _usb_hmsc_pipe_info
                                  ffe224e2       187   func ,g         * 
  _usb_hmsc_configured
                                  ffe22669        27   func ,l         * 
  _usb_hmsc_detach
                                  ffe22690        cf   func ,l         * 
  _usb_hmsc_drive_complete
                                  ffe2275f        8c   func ,g         * 
  _usb_registration
                                  ffe227eb         9   func ,g         * 
  _usb_hmsc_classinit
                                  ffe227f4        23   func ,l         * 
  _usb_hmsc_registration
                                  ffe22817        4a   func ,g         * 
  _usb_hmsc_message_retry
                                  ffe22861        6a   func ,g         * 
  _usb_hmsc_smp_drive2_addr
                                  ffe228cb        37   func ,g         * 
  _usb_hmsc_strg_cmd_complete
                                  ffe22902        5c   func ,g         * 
  _usb_hmsc_driver_start
                                  ffe2295e       31d   func ,g         * 
  _usb_hmsc_class_check
                                  ffe22c7b        b8   func ,g         * 
  _usb_hmsc_read10
                                  ffe22d33        3d   func ,g         * 
  _usb_hmsc_write10
                                  ffe22d70        3d   func ,g         * 
  _usb_hmsc_test_unit
                                  ffe22dad        2f   func ,g         * 
  _usb_hmsc_request_sense
                                  ffe22ddc        3c   func ,g         * 
  _usb_hmsc_inquiry
                                  ffe22e18        3c   func ,g         * 
  _usb_hmsc_read_capacity
                                  ffe22e54        38   func ,g         * 
  _usb_hmsc_read_format_capacity
                                  ffe22e8c        3c   func ,g         * 
  _usb_hmsc_get_max_unit
                                  ffe22ec8        f6   func ,g         * 
  _usb_hmsc_mass_storage_reset
                                  ffe22fbe        f3   func ,g         * 
  _usb_hmsc_prevent_allow
                                  ffe230b1        35   func ,g         * 
  _usb_hmsc_mode_sense10
                                  ffe230e6        71   func ,g         * 
  _usb_hmsc_mode_select10
                                  ffe23157        67   func ,g         * 
  _usb_hmsc_get_dev_sts
                                  ffe231be        16   func ,g         * 
  _usb_hmsc_alloc_drvno
                                  ffe231d4        7c   func ,g         * 
  _usb_hmsc_free_drvno
                                  ffe23250        47   func ,g         * 
  _usb_hmsc_ref_drvno
                                  ffe23297        6f   func ,g         * 
  _usb_hstd_hub_task
                                  ffe23306         6   func ,g         * 
FILE=.\src\smc_gen\r_usb_hmsc\src\r_usb_hstorage_driver.obj
                                  ffe2330c  ffe23d01       9f6
  _usb_hmsc_strg_drive_search_act
                                  ffe2330c       3ab   func ,g         * 
  _usb_hmsc_strg_specified_path
                                  ffe236b7        62   func ,g         * 
  _usb_hmsc_strg_check_result
                                  ffe23719        15   func ,g         * 
  _usb_hmsc_strg_drive_task
                                  ffe2372e        d3   func ,g         * 
  _usb_hmsc_strg_drive_search
                                  ffe23801        8b   func ,g         * 
  _usb_hmsc_strg_drive_open
                                  ffe2388c        b7   func ,g         * 
  _usb_hmsc_strg_drive_close
                                  ffe23943        6c   func ,g         * 
  _usb_hmsc_strg_read_sector
                                  ffe239af        68   func ,g         * 
  _usb_hmsc_strg_write_sector
                                  ffe23a17        68   func ,g         * 
  _usb_hmsc_strg_check_end
                                  ffe23a7f        27   func ,g         * 
  _usb_hmsc_strg_user_command
                                  ffe23aa6       1f4   func ,g         * 
  _usb_hmsc_storage_driver_start
                                  ffe23c9a        68   func ,g         * 
FILE=freopen
                                  ffe23d02  ffe23d2e        2d
  _freopen
                                  ffe23d02        2d   func ,g         * 
FILE=fclose
                                  ffe23d2f  ffe23d82        54
  _fclose
                                  ffe23d2f        54   func ,g         * 
FILE=printf
                                  ffe23d83  ffe23dbc        3a
  _prout
                                  ffe23d83        1d   func ,l         * 
  _printf
                                  ffe23da0        1d   func ,g         * 
FILE=sprintf
                                  ffe23dbd  ffe23dee        32
  _prout
                                  ffe23dbd         a   func ,l         * 
  _sprintf
                                  ffe23dc7        28   func ,g         * 
FILE=strchr
                                  ffe23def  ffe23e01        13
  _strchr
                                  ffe23def        13   func ,g         * 
FILE=memcmp
                                  ffe23e02  ffe23e26        25
  _memcmp
                                  ffe23e02        25   func ,g         * 
FILE=__COM_DIV64u
                                  ffe23e27  ffe23ebf        99
  __COM_DIV64u
                                  ffe23e27         0   none ,g         * 
  _Loop_Init
                                  ffe23e31         0   none ,l         * 
  _Loop
                                  ffe23e39         0   none ,l         * 
  _DivStart
                                  ffe23e45         0   none ,l         * 
  _Success
                                  ffe23e53         0   none ,l         * 
  _DivEnd
                                  ffe23e5f         0   none ,l         * 
  IXI6DIV
                                  ffe23e64         0   none ,l         * 
  IXI4DIV
                                  ffe23e76         0   none ,l         * 
  IXI2DIV
                                  ffe23e86         0   none ,l         * 
  I8I2DIV
                                  ffe23e8e         0   none ,l         * 
  I4I2DIV
                                  ffe23ebc         0   none ,l         * 
  _i8divU_End
                                  ffe23ebf         0   none ,l         * 
FILE=__initsct
                                  ffe23ec0  ffe23f09        4a
  __INITSCT
                                  ffe23ec0         0   none ,g         * 
  loop1
                                  ffe23ed2         0   none ,l         * 
  next_loop1
                                  ffe23ee0         0   none ,l         * 
  loop3
                                  ffe23ef2         0   none ,l         * 
  next_loop3
                                  ffe23f03         0   none ,l         * 
FILE=fwrite
                                  ffe23f0a  ffe23fdf        d6
  _fwrite
                                  ffe23f0a        d6   func ,g         * 
FILE=fflush
                                  ffe23fe0  ffe24061        82
  _fflush
                                  ffe23fe0        82   func ,g         * 
FILE=xfoprep
                                  ffe24062  ffe24133        d2
  __Foprep
                                  ffe24062        d2   func ,g         * 
FILE=xfofind
                                  ffe24134  ffe241c0        8d
  __Fofind
                                  ffe24134        44   func ,g         * 
  __Fofree
                                  ffe24178        49   func ,g         * 
FILE=xprintf
                                  ffe241c1  ffe24410       250
  __Printf
                                  ffe241c1       250   func ,g         * 
FILE=free
                                  ffe24411  ffe24492        82
  _free
                                  ffe24411        82   func ,g         * 
FILE=xfwprep
                                  ffe24493  ffe2452a        98
  __Fwprep
                                  ffe24493        98   func ,g         * 
FILE=xputfld
                                  ffe2452b  ffe2498c       462
  __Putfld
                                  ffe2452b       462   func ,g         * 
FILE=xfopen
                                  ffe2498d  ffe249bc        30
  __Fopen
                                  ffe2498d        30   func ,g         * 
FILE=xvacopy
                                  ffe249bd  ffe249bf         3
  __Vacopy
                                  ffe249bd         3   func ,g         * 
FILE=xputtxt
                                  ffe249c0  ffe24c17       258
  __Puttxt
                                  ffe249c0       258   func ,g         * 
FILE=xctype
                                  ffe24c18  ffe24c2d        16
  __Getpctype
                                  ffe24c18        16   func ,g         * 
FILE=malloc
                                  ffe24c2e  ffe24d08        db
  _findmem
                                  ffe24c2e        79   func ,l         * 
  _malloc
                                  ffe24ca7        62   func ,g         * 
FILE=xldtob
                                  ffe24d09  ffe250df       3d7
  __Ldtob
                                  ffe24d09       3d7   func ,g         * 
FILE=xputstr
                                  ffe250e0  ffe251bb        dc
  __Putstr
                                  ffe250e0        dc   func ,g         * 
FILE=xlitob
                                  ffe251bc  ffe252c6       10b
  __Litob
                                  ffe251bc       10b   func ,g         * 
FILE=xgetmem
                                  ffe252c7  ffe252e1        1b
  __Getmem
                                  ffe252c7        1b   func ,g         * 
FILE=xgenld
                                  ffe252e2  ffe2556a       289
  __Genld
                                  ffe252e2       289   func ,g         * 
FILE=xwctomb
                                  ffe2556b  ffe256b1       147
  __Wctombx
                                  ffe2556b       103   func ,g         * 
  __Wctomb
                                  ffe2566e        44   func ,g         * 
FILE=xstate
                                  ffe256b2  ffe256e3        32
  __Getmbcurmax
                                  ffe256b2        16   func ,g         * 
  __Getpmbstate
                                  ffe256c8        1c   func ,g         * 
FILE=xldscale
                                  ffe256e4  ffe256e7         4
  __LDscale
                                  ffe256e4         4   func ,g         * 
FILE=xldunsca
                                  ffe256e8  ffe256eb         4
  __LDunscale
                                  ffe256e8         4   func ,g         * 
FILE=__COM_MOD64u
                                  ffe256ec  ffe25772        87
  __COM_MOD64u
                                  ffe256ec         0   none ,g         * 
  _Loop_Init
                                  ffe256f6         0   none ,l         * 
  _Loop
                                  ffe256fa         0   none ,l         * 
  _DivStart
                                  ffe25706         0   none ,l         * 
  _Success
                                  ffe25714         0   none ,l         * 
  _DivEnd
                                  ffe2571c         0   none ,l         * 
  IXI6DIV
                                  ffe2571d         0   none ,l         * 
  IXI4DIV
                                  ffe2572f         0   none ,l         * 
  IXI2DIV
                                  ffe2573f         0   none ,l         * 
  I8I2DIV
                                  ffe25747         0   none ,l         * 
  I4I2DIV
                                  ffe25767         0   none ,l         * 
FILE=_div
                                  ffe25773  ffe2577e         c
  _ldiv
                                  ffe25773         0   none ,g         * 
  _div
                                  ffe25773         0   none ,g         * 
FILE=localeco
                                  ffe2577f  ffe25785         7
  _localeconv
                                  ffe2577f         7   func ,g         * 
FILE=xwcstate
                                  ffe25786  ffe257a1        1c
  __Getpwcstate
                                  ffe25786        1c   func ,g         * 
FILE=xfdscale
                                  ffe257a2  ffe258ae       10d
  __FDscale
                                  ffe257a2       10d   func ,g         * 
FILE=xfdunsca
                                  ffe258af  ffe25903        55
  __FDunscale
                                  ffe258af        55   func ,g         * 
FILE=xfdnorm
                                  ffe25904  ffe2596c        69
  __FDnorm
                                  ffe25904        69   func ,g         * 

SECTION=EXCEPTVECT
FILE=.\src\smc_gen\r_bsp\mcu\rx65n\vecttbl.obj
                                  ffffff80  fffffffb        7c
  _Except_Vectors
                                  ffffff80        7c   data ,g         * 

SECTION=RESETVECT
FILE=.\src\smc_gen\r_bsp\mcu\rx65n\vecttbl.obj
                                  fffffffc  ffffffff         4
  _Reset_Vector
                                  fffffffc         4   data ,g         * 

*** Unfilled Areas ***

AREA                                START    END

*** Delete Symbols ***

SYMBOL                                SIZE    INFO
