Renesas Optimizing Linker (W3.06.00 )             08-Feb-2025 15:45:58

*** Options ***

-subcommand=LinkerBDF_BCDF_USB_HCDC_CK_RX65N_V_2.tmp
-MAKEUD="D:\CAREER_VINH\Git\SovietUnion1970\C_embedded\MICROCONTROLERS\RX65N\USB_HCDC\BDF_BCDF_USB_HCDC_CK_RX65N_V_2\HardwareDebug/BDF_BCDF_USB_HCDC_CK_RX65N_V_2_l.ud" 
-noprelink 
-input=".\src/demo_src\main.obj"
-input=".\src/demo_src\r_usb_hcdc_apl.obj"
-input=".\src/smc_gen/general\r_cg_hardware_setup.obj"
-input=".\src/smc_gen/general\r_smc_cgc.obj"
-input=".\src/smc_gen/general\r_smc_cgc_user.obj"
-input=".\src/smc_gen/general\r_smc_interrupt.obj"
-input=".\src/smc_gen/r_bsp/board/generic_rx65n\hwsetup.obj"
-input=".\src/smc_gen/r_bsp/mcu/all\dbsct.obj"
-input=".\src/smc_gen/r_bsp/mcu/all\lowlvl.obj"
-input=".\src/smc_gen/r_bsp/mcu/all\lowsrc.obj"
-input=".\src/smc_gen/r_bsp/mcu/all\mcu_locks.obj"
-input=".\src/smc_gen/r_bsp/mcu/all\r_bsp_common.obj"
-input=".\src/smc_gen/r_bsp/mcu/all\r_bsp_cpu.obj"
-input=".\src/smc_gen/r_bsp/mcu/all\r_bsp_interrupts.obj"
-input=".\src/smc_gen/r_bsp/mcu/all\r_bsp_locking.obj"
-input=".\src/smc_gen/r_bsp/mcu/all\r_bsp_mcu_startup.obj"
-input=".\src/smc_gen/r_bsp/mcu/all\r_bsp_software_interrupt.obj"
-input=".\src/smc_gen/r_bsp/mcu/all\r_rx_intrinsic_functions.obj"
-input=".\src/smc_gen/r_bsp/mcu/all\resetprg.obj"
-input=".\src/smc_gen/r_bsp/mcu/all\sbrk.obj"
-input=".\src/smc_gen/r_bsp/mcu/rx65n\mcu_clocks.obj"
-input=".\src/smc_gen/r_bsp/mcu/rx65n\mcu_init.obj"
-input=".\src/smc_gen/r_bsp/mcu/rx65n\mcu_interrupts.obj"
-input=".\src/smc_gen/r_bsp/mcu/rx65n\mcu_mapped_interrupts.obj"
-input=".\src/smc_gen/r_bsp/mcu/rx65n\vecttbl.obj"
-input=".\src/smc_gen/r_pincfg\Pin.obj"
-input=".\src/smc_gen/r_pincfg\r_usb_basic_pinset.obj"
-input=".\src/smc_gen/r_usb_basic/src/driver\r_rtos_abstract.obj"
-input=".\src/smc_gen/r_usb_basic/src/driver\r_usb_cdataio.obj"
-input=".\src/smc_gen/r_usb_basic/src/driver\r_usb_clibusbip.obj"
-input=".\src/smc_gen/r_usb_basic/src/driver\r_usb_cstd_rtos.obj"
-input=".\src/smc_gen/r_usb_basic/src/driver\r_usb_hbc.obj"
-input=".\src/smc_gen/r_usb_basic/src/driver\r_usb_hcontrolrw.obj"
-input=".\src/smc_gen/r_usb_basic/src/driver\r_usb_hdriver.obj"
-input=".\src/smc_gen/r_usb_basic/src/driver\r_usb_hhubsys.obj"
-input=".\src/smc_gen/r_usb_basic/src/driver\r_usb_hintfifo.obj"
-input=".\src/smc_gen/r_usb_basic/src/driver\r_usb_hinthandler_usbip0.obj"
-input=".\src/smc_gen/r_usb_basic/src/driver\r_usb_hinthandler_usbip1.obj"
-input=".\src/smc_gen/r_usb_basic/src/driver\r_usb_hlibusbip.obj"
-input=".\src/smc_gen/r_usb_basic/src/driver\r_usb_hmanager.obj"
-input=".\src/smc_gen/r_usb_basic/src/driver\r_usb_hscheduler.obj"
-input=".\src/smc_gen/r_usb_basic/src/driver\r_usb_hsignal.obj"
-input=".\src/smc_gen/r_usb_basic/src/driver\r_usb_hstdfunction.obj"
-input=".\src/smc_gen/r_usb_basic/src/driver\r_usb_pbc.obj"
-input=".\src/smc_gen/r_usb_basic/src/driver\r_usb_pcontrolrw.obj"
-input=".\src/smc_gen/r_usb_basic/src/driver\r_usb_pdriver.obj"
-input=".\src/smc_gen/r_usb_basic/src/driver\r_usb_pintfifo.obj"
-input=".\src/smc_gen/r_usb_basic/src/driver\r_usb_pinthandler_usbip0.obj"
-input=".\src/smc_gen/r_usb_basic/src/driver\r_usb_plibusbip.obj"
-input=".\src/smc_gen/r_usb_basic/src/driver\r_usb_psignal.obj"
-input=".\src/smc_gen/r_usb_basic/src/driver\r_usb_pstdfunction.obj"
-input=".\src/smc_gen/r_usb_basic/src/driver\r_usb_pstdrequest.obj"
-input=".\src/smc_gen/r_usb_basic/src/driver\r_usb_usbif_api.obj"
-input=".\src/smc_gen/r_usb_basic/src/driver\r_usb_usbx_port.obj"
-input=".\src/smc_gen/r_usb_basic/src/hw\r_usb_creg_abs.obj"
-input=".\src/smc_gen/r_usb_basic/src/hw\r_usb_creg_access.obj"
-input=".\src/smc_gen/r_usb_basic/src/hw\r_usb_dma.obj"
-input=".\src/smc_gen/r_usb_basic/src/hw\r_usb_hostelectrical.obj"
-input=".\src/smc_gen/r_usb_basic/src/hw\r_usb_hreg_abs.obj"
-input=".\src/smc_gen/r_usb_basic/src/hw\r_usb_hreg_access.obj"
-input=".\src/smc_gen/r_usb_basic/src/hw\r_usb_preg_abs.obj"
-input=".\src/smc_gen/r_usb_basic/src/hw\r_usb_preg_access.obj"
-input=".\src/smc_gen/r_usb_basic/src/hw\r_usb_rx_mcu.obj"
-input=".\src/smc_gen/r_usb_hcdc/src\r_usb_hcdc_driver.obj"
-library=".\BDF_BCDF_USB_HCDC_CK_RX65N_V_2.lib"
-start=SU,SI,B_1,R_1,B_2,R_2,B,R/04,PResetPRG,C_1,C_2,C,C$*,D*,W*,L,P/0FFE00000,EXCEPTVECT/0FFFFFF80,RESETVECT/0FFFFFFFC,BEXRAM_1,REXRAM_1,BEXRAM_2,REXRAM_2,BEXRAM,REXRAM/00800000
-output="BDF_BCDF_USB_HCDC_CK_RX65N_V_2.abs" 
-form=absolute 
-nomessage 
-vect=_undefined_interrupt_source_isr 
-list 
-show=symbol 
-nooptimize 
-rom=D=R,D_1=R_1,D_2=R_2,DEXRAM=REXRAM,DEXRAM_1=REXRAM_1,DEXRAM_2=REXRAM_2 
-cpu=RAM=00000000-0003ffff,FIX=00080000-00083fff,FIX=00086000-00087fff,FIX=00088000-0009ffff,FIX=000a0000-000a3fff,RAM=000a4000-000a5fff,FIX=000a6000-000bffff,FIX=000c0000-000dffff,FIX=000e0000-000fffff,ROM=00100000-00107fff,FIX=007fc000-007fcfff,FIX=007fe000-007fffff,RAM=00800000-0085ffff,RAM=fe7f5d00-fe7f5d7f,RAM=fe7f7d70-fe7f7d9f,ROM=ffe00000-ffffffff 
-nologo

*** Error information ***

*** Mapping List ***

SECTION                            START      END         SIZE   ALIGN
SU
                                  00000004  00001003      1000   4
SI
                                  00001004  00001403       400   4
B_1
                                  00001404  00001781       37e   1
R_1
                                  00001782  00001817        96   1
B_2
                                  00001818  00001b3d       326   2
R_2
                                  00001b3e  00001b3f         2   2
B
                                  00001b40  000031b3      1674   4
R
                                  000031b4  000034ab       2f8   4
BEXRAM_1
                                  00800000  00800000         0   1
REXRAM_1
                                  00800000  00800000         0   1
BEXRAM_2
                                  00800000  00800000         0   1
REXRAM_2
                                  00800000  00800000         0   1
BEXRAM
                                  00800000  00800000         0   1
REXRAM
                                  00800000  00800000         0   1
$ADDR_C_FE7F5D00
                                  fe7f5d00  fe7f5d0b         c   1
$ADDR_C_FE7F5D10
                                  fe7f5d10  fe7f5d13         4   1
$ADDR_C_FE7F5D20
                                  fe7f5d20  fe7f5d23         4   1
$ADDR_C_FE7F5D40
                                  fe7f5d40  fe7f5d43         4   1
$ADDR_C_FE7F5D48
                                  fe7f5d48  fe7f5d4b         4   1
$ADDR_C_FE7F5D50
                                  fe7f5d50  fe7f5d5f        10   1
$ADDR_C_FE7F5D64
                                  fe7f5d64  fe7f5d67         4   1
$ADDR_C_FE7F5D70
                                  fe7f5d70  fe7f5d73         4   1
PResetPRG
                                  ffe00000  ffe00055        56   1
C_1
                                  ffe00056  ffe0013f        ea   1
C_2
                                  ffe00140  ffe0034f       210   2
C
                                  ffe00350  ffe003f7        a8   4
C$DSEC
                                  ffe003f8  ffe0043f        48   4
C$BSEC
                                  ffe00440  ffe0046f        30   4
C$VECT
                                  ffe00470  ffe0086f       400   4
D_1
                                  ffe00870  ffe00905        96   1
D
                                  ffe00908  ffe00bff       2f8   4
DEXRAM
                                  ffe00c00  ffe00c00         0   1
DEXRAM_1
                                  ffe00c00  ffe00c00         0   1
DEXRAM_2
                                  ffe00c00  ffe00c00         0   1
D_2
                                  ffe00c00  ffe00c01         2   2
W
                                  ffe00c04  ffe00c04         0   4
W_1
                                  ffe00c04  ffe00c13        10   1
W_2
                                  ffe00c14  ffe00c41        2e   2
L
                                  ffe00c44  ffe013f0       7ad   4
P
                                  ffe013f1  ffe0e591      d1a1   1
EXCEPTVECT
                                  ffffff80  fffffffb        7c   4
RESETVECT
                                  fffffffc  ffffffff         4   4

*** Symbol List ***

SECTION=
FILE=                               START        END    SIZE
  SYMBOL                            ADDR        SIZE    INFO      COUNTS  OPT

SECTION=SU
FILE=.\src\smc_gen\r_bsp\mcu\all\resetprg.obj
                                  00000004  00001003      1000

SECTION=SI
FILE=.\src\smc_gen\r_bsp\mcu\all\resetprg.obj
                                  00001004  00001403       400

SECTION=B_1
FILE=.\src\demo_src\r_usb_hcdc_apl.obj
                                  00001404  00001488        85
  _g_data
                                  00001404        44   data ,l         * 
  _rx_buffer
                                  00001448        40   data ,g         * 
  _track_id
                                  00001488         1   data ,g         * 
FILE=.\src\smc_gen\r_bsp\mcu\all\lowsrc.obj
                                  00001489  000014b0        28
  _flmod
                                  00001489        14   data ,g         * 
  _sml_buf
                                  0000149d        14   data ,g         * 
FILE=.\src\smc_gen\r_usb_basic\src\driver\r_usb_hmanager.obj
                                  000014b1  000016b0       200
  _g_usb_hstd_class_data
                                  000014b1       200   data ,g         * 
FILE=.\src\smc_gen\r_usb_basic\src\driver\r_usb_hscheduler.obj
                                  000016b1  00001781        d1
  _usb_scheduler_table_id
                                  000016b1        a0   data ,l         * 
  _usb_scheduler_pri_r
                                  00001751         8   data ,l         * 
  _usb_scheduler_pri_w
                                  00001759         8   data ,l         * 
  _usb_scheduler_pri
                                  00001761         b   data ,l         * 
  _usb_scheduler_schedule_flag
                                  0000176c         1   data ,l         * 
  _usb_scheduler_blk_flg
                                  0000176d        14   data ,l         * 
  _usb_scheduler_id_use
                                  00001781         1   data ,l         * 

SECTION=R_1
FILE=.\src\demo_src\r_usb_hcdc_apl.obj
                                  00001782  000017c1        40
  _tx_buffer
                                  00001782        40   data ,g         * 
FILE=.\src\smc_gen\r_usb_basic\src\driver\r_usb_hdriver.obj
                                  000017c2  000017c2         1
  _is_init$1
                                  000017c2         1   data ,l         * 
FILE=.\src\smc_gen\r_usb_basic\src\driver\r_usb_hmanager.obj
                                  000017c3  000017c3         1
  _is_init$1
                                  000017c3         1   data ,l         * 
FILE=.\src\smc_gen\r_usb_basic\src\driver\r_usb_usbif_api.obj
                                  000017c4  000017c4         1
  _is_init
                                  000017c4         1   data ,l         * 
FILE=.\src\smc_gen\r_usb_hcdc\src\r_usb_hcdc_driver.obj
                                  000017c5  000017c6         2
  _init$1
                                  000017c5         1   data ,l         * 
  _is_init$2
                                  000017c6         1   data ,l         * 
FILE=xfiles
                                  000017c7  00001816        50
  _ebuf
                                  000017c7        50   data ,l         * 
FILE=xstate
                                  00001817  00001817         1
  __Mbcurmax
                                  00001817         1   data ,g         * 

SECTION=B_2
FILE=.\src\demo_src\r_usb_hcdc_apl.obj
                                  00001818  00001821         a
  _g_serial_state
                                  00001818         a   data ,l         * 
FILE=.\src\smc_gen\r_bsp\mcu\all\r_bsp_cpu.obj
                                  00001822  00001829         8
  _s_protect_counters
                                  00001822         8   data ,l         * 
FILE=.\src\smc_gen\r_usb_basic\src\driver\r_usb_cdataio.obj
                                  0000182a  0000188d        64
  _g_usb_pipe_table
                                  0000182a        50   data ,g         * 
  _g_usb_cstd_bemp_skip
                                  0000187a        14   data ,g         * 
FILE=.\src\smc_gen\r_usb_basic\src\driver\r_usb_hdriver.obj
                                  0000188e  00001977        ea
  _usb_shstd_clr_stall_pipe
                                  0000188e         2   data ,l         * 
  _usb_shstd_clr_stall_request
                                  00001890         a   data ,l         * 
  _g_usb_hstd_device_info
                                  0000189a        60   data ,g         * 
  _g_usb_hstd_remort_port
                                  000018fa         2   data ,g         * 
  _g_usb_hstd_ctsq
                                  000018fc         2   data ,g         * 
  _g_usb_hstd_mgr_mode
                                  000018fe         2   data ,g         * 
  _g_usb_hstd_dcp_register
                                  00001900         c   data ,g         * 
  _g_usb_hstd_device_addr
                                  0000190c         2   data ,g         * 
  _g_usb_hstd_device_speed
                                  0000190e         2   data ,g         * 
  _g_usb_hstd_device_num
                                  00001910         2   data ,g         * 
  _g_usb_hstd_ignore_cnt
                                  00001912        14   data ,g         * 
  _g_usb_hstd_hs_enable
                                  00001926         2   data ,g         * 
  _g_usb_ctrl_request
                                  00001928        3c   data ,g         * 
  _g_usb_hstd_pipe_request
                                  00001964        14   data ,g         * 
FILE=.\src\smc_gen\r_usb_basic\src\driver\r_usb_hinthandler_usbip0.obj
                                  00001978  00001979         2
  _g_usb_cstd_int_msg_cnt
                                  00001978         2   data ,g         * 
FILE=.\src\smc_gen\r_usb_basic\src\driver\r_usb_hmanager.obj
                                  0000197a  00001ac1       148
  _usb_shstd_std_request
                                  0000197a         a   data ,l         * 
  _usb_shstd_reg_pointer
                                  00001984         2   data ,l         * 
  _usb_shstd_mgr_msginfo
                                  00001986         2   data ,l         * 
  _usb_shstd_suspend_seq
                                  00001988         2   data ,l         * 
  _usb_shstd_resume_seq
                                  0000198a         2   data ,l         * 
  _g_usb_hstd_enum_seq
                                  0000198c         2   data ,g         * 
  _g_usb_hstd_device_descriptor
                                  0000198e        14   data ,g         * 
  _g_usb_hstd_config_descriptor
                                  000019a2       100   data ,g         * 
  _g_usb_hstd_suspend_pipe
                                  00001aa2        14   data ,g         * 
  _g_usb_hstd_check_enu_result
                                  00001ab6         2   data ,g         * 
  _g_usb_hstd_class_request
                                  00001ab8         a   data ,g         * 
FILE=.\src\smc_gen\r_usb_basic\src\driver\r_usb_hscheduler.obj
                                  00001ac2  00001b2f        6e
  _usb_scheduler_wait_counter
                                  00001ac2        6e   data ,l         * 
FILE=.\src\smc_gen\r_usb_basic\src\driver\r_usb_usbif_api.obj
                                  00001b30  00001b35         6
  _g_usb_change_device_state
                                  00001b30         2   data ,g         * 
  _g_usb_usbmode
                                  00001b32         2   data ,g         * 
  _g_usb_open_class
                                  00001b34         2   data ,g         * 
FILE=.\src\smc_gen\r_usb_basic\src\hw\r_usb_creg_abs.obj
                                  00001b36  00001b37         2
  _g_usb_hstd_use_pipe
                                  00001b36         2   data ,g         * 
FILE=.\src\smc_gen\r_usb_hcdc\src\r_usb_hcdc_driver.obj
                                  00001b38  00001b3d         6
  _g_usb_hcdc_smpl_class_seq
                                  00001b38         2   data ,g         * 
  _g_usb_hcdc_speed
                                  00001b3a         2   data ,g         * 
  _g_usb_hcdc_devaddr
                                  00001b3c         2   data ,g         * 

SECTION=R_2
FILE=.\src\smc_gen\r_usb_basic\src\driver\r_usb_hstdfunction.obj
                                  00001b3e  00001b3f         2
  _g_usb_cstd_driver_open
                                  00001b3e         2   data ,l         * 

SECTION=B
FILE=.\src\demo_src\r_usb_hcdc_apl.obj
                                  00001b40  00001b47         8
  _g_com_parm
                                  00001b40         8   data ,l         * 
FILE=.\src\smc_gen\r_bsp\mcu\all\lowsrc.obj
                                  00001b48  00001b97        50
  __Files
                                  00001b48        50   data ,g         * 
FILE=.\src\smc_gen\r_bsp\mcu\all\mcu_locks.obj
                                  00001b98  00001d67       1d0
  _g_bsp_Locks
                                  00001b98       1d0   data ,g         * 
FILE=.\src\smc_gen\r_bsp\mcu\all\r_bsp_interrupts.obj
                                  00001d68  00001eeb       184
  _g_bsp_vectors
                                  00001d68       184   data ,l         * 
FILE=.\src\smc_gen\r_bsp\mcu\all\sbrk.obj
                                  00001eec  000022ef       404
  __s1ptr
                                  00001eec         4   data ,g         * 
  _s_heap_area
                                  00001ef0       400   data ,l         * 
FILE=.\src\smc_gen\r_usb_basic\src\driver\r_usb_hdriver.obj
                                  000022f0  00002477       188
  _usb_shstd_clr_stall_ctrl
                                  000022f0        30   data ,l         * 
  _usb_shstd_clr_stall_call
                                  00002320         4   data ,l         * 
  _g_usb_hstd_device_drv
                                  00002324        d8   data ,g         * 
  _g_usb_hstd_data_cnt
                                  000023fc        28   data ,g         * 
  _g_usb_hstd_data_cnt_pipe0
                                  00002424         4   data ,g         * 
  _gp_usb_hstd_data_ptr
                                  00002428        28   data ,g         * 
  _g_p_usb_hstd_pipe
                                  00002450        28   data ,g         * 
FILE=.\src\smc_gen\r_usb_basic\src\driver\r_usb_hinthandler_usbip0.obj
                                  00002478  00002747       2d0
  _g_usb_cstd_int_msg
                                  00002478       2d0   data ,g         * 
FILE=.\src\smc_gen\r_usb_basic\src\driver\r_usb_hmanager.obj
                                  00002748  000027af        68
  _usb_shstd_std_req_msg
                                  00002748        30   data ,l         * 
  _p_usb_shstd_mgr_msg
                                  00002778         4   data ,l         * 
  _usb_shstd_mgr_callback
                                  0000277c         4   data ,l         * 
  _g_usb_hstd_class_ctrl
                                  00002780        30   data ,g         * 
FILE=.\src\smc_gen\r_usb_basic\src\driver\r_usb_hscheduler.obj
                                  000027b0  00002ecf       720
  _p_usb_scheduler_table_add
                                  000027b0       280   data ,l         * 
  _usb_scheduler_block
                                  00002a30       3c0   data ,l         * 
  _p_usb_scheduler_add_use
                                  00002df0         4   data ,l         * 
  _p_usb_scheduler_wait_add
                                  00002df4        dc   data ,l         * 
FILE=.\src\smc_gen\r_usb_basic\src\driver\r_usb_usbif_api.obj
                                  00002ed0  000031a3       2d4
  _g_usb_cstd_event
                                  00002ed0        f4   data ,g         * 
  _g_usb_hdata
                                  00002fc4       1e0   data ,g         * 
FILE=.\src\smc_gen\r_usb_hcdc\src\r_usb_hcdc_driver.obj
                                  000031a4  000031af         c
  _g_p_usb_hcdc_device_table
                                  000031a4         4   data ,g         * 
  _g_p_usb_hcdc_config_table
                                  000031a8         4   data ,g         * 
  _g_p_usb_hcdc_interface_table
                                  000031ac         4   data ,g         * 
FILE=_errno
                                  000031b0  000031b3         4
  __errno
                                  000031b0         4   data ,g         * 

SECTION=R
FILE=.\src\smc_gen\r_bsp\mcu\all\lowsrc.obj
                                  000031b4  000031c7        14
  _env_list
                                  000031b4        10   data ,g         * 
  _environ
                                  000031c4         4   data ,g         * 
FILE=.\src\smc_gen\r_bsp\mcu\all\sbrk.obj
                                  000031c8  000031cb         4
  _sp_brk
                                  000031c8         4   data ,l         * 
FILE=.\src\smc_gen\r_usb_basic\src\driver\r_usb_cdataio.obj
                                  000031cc  00003243        78
  _g_usb_callback
                                  000031cc        78   data ,g         * 
FILE=.\src\smc_gen\r_usb_basic\src\driver\r_usb_clibusbip.obj
                                  00003244  00003247         4
  _v
                                  00003244         4   data ,g         * 
FILE=.\src\smc_gen\r_usb_basic\src\driver\r_usb_hmanager.obj
                                  00003248  00003267        20
  _g_usb_hstd_enumaration_process
                                  00003248        20   data ,g         * 
FILE=xfiles
                                  00003268  0000333f        d8
  __Stdin
                                  00003268        48   data ,g         * 
  __Stdout
                                  000032b0        48   data ,g         * 
  __Stderr
                                  000032f8        48   data ,g         * 
FILE=xprintf
                                  00003340  00003343         4
  _stderr
                                  00003340         4   data ,g         * 
FILE=xctype
                                  00003344  0000334b         8
  __Ctype
                                  00003344         4   data ,g         * 
  __Tls_setup__Ctype
                                  00003348         4   data ,g         * 
FILE=malloc
                                  0000334c  00003353         8
  __Aldata
                                  0000334c         8   data ,g         * 
FILE=xstate
                                  00003354  0000339b        48
  __Tls_setup__Mbcurmax
                                  00003354         4   data ,g         * 
  __Mbstate
                                  00003358        40   data ,g         * 
  __Tls_setup__Mbstate
                                  00003398         4   data ,g         * 
FILE=localeco
                                  0000339c  000033ef        54
  __Locale
                                  0000339c        50   data ,g         * 
  __Tls_setup__Locale
                                  000033ec         4   data ,g         * 
FILE=xwcstate
                                  000033f0  00003433        44
  __Wcstate
                                  000033f0        40   data ,g         * 
  __Tls_setup__Wcstate
                                  00003430         4   data ,g         * 
FILE=xfvalues
                                  00003434  000034ab        78
  __FDenorm
                                  00003434        10   data ,g         * 
  __FEps
                                  00003444        10   data ,g         * 
  __FHugeval
                                  00003454        10   data ,g         * 
  __FInf
                                  00003464        10   data ,g         * 
  __FNan
                                  00003474        10   data ,g         * 
  __FSnan
                                  00003484        10   data ,g         * 
  __FRteps
                                  00003494        10   data ,g         * 
  __FXbig
                                  000034a4         4   data ,g         * 
  __FZero
                                  000034a8         4   data ,g         * 

SECTION=$ADDR_C_FE7F5D00
FILE=.\src\smc_gen\r_bsp\mcu\rx65n\vecttbl.obj
                                  fe7f5d00  fe7f5d0b         c
  ___MDEreg
                                  fe7f5d00         4   data ,g         * 
  ___OFS0reg
                                  fe7f5d04         4   data ,g         * 
  ___OFS1reg
                                  fe7f5d08         4   data ,g         * 

SECTION=$ADDR_C_FE7F5D10
FILE=.\src\smc_gen\r_bsp\mcu\rx65n\vecttbl.obj
                                  fe7f5d10  fe7f5d13         4
  ___TMINFreg
                                  fe7f5d10         4   data ,g         * 

SECTION=$ADDR_C_FE7F5D20
FILE=.\src\smc_gen\r_bsp\mcu\rx65n\vecttbl.obj
                                  fe7f5d20  fe7f5d23         4
  ___BANKSELreg
                                  fe7f5d20         4   data ,g         * 

SECTION=$ADDR_C_FE7F5D40
FILE=.\src\smc_gen\r_bsp\mcu\rx65n\vecttbl.obj
                                  fe7f5d40  fe7f5d43         4
  ___SPCCreg
                                  fe7f5d40         4   data ,g         * 

SECTION=$ADDR_C_FE7F5D48
FILE=.\src\smc_gen\r_bsp\mcu\rx65n\vecttbl.obj
                                  fe7f5d48  fe7f5d4b         4
  ___TMEFreg
                                  fe7f5d48         4   data ,g         * 

SECTION=$ADDR_C_FE7F5D50
FILE=.\src\smc_gen\r_bsp\mcu\rx65n\vecttbl.obj
                                  fe7f5d50  fe7f5d5f        10
  ___OSIS1reg
                                  fe7f5d50         4   data ,g         * 
  ___OSIS2reg
                                  fe7f5d54         4   data ,g         * 
  ___OSIS3reg
                                  fe7f5d58         4   data ,g         * 
  ___OSIS4reg
                                  fe7f5d5c         4   data ,g         * 

SECTION=$ADDR_C_FE7F5D64
FILE=.\src\smc_gen\r_bsp\mcu\rx65n\vecttbl.obj
                                  fe7f5d64  fe7f5d67         4
  ___FAWreg
                                  fe7f5d64         4   data ,g         * 

SECTION=$ADDR_C_FE7F5D70
FILE=.\src\smc_gen\r_bsp\mcu\rx65n\vecttbl.obj
                                  fe7f5d70  fe7f5d73         4
  ___ROMCODEreg
                                  fe7f5d70         4   data ,g         * 

SECTION=PResetPRG
FILE=.\src\smc_gen\r_bsp\mcu\all\resetprg.obj
                                  ffe00000  ffe00055        56
  _PowerON_Reset_PC
                                  ffe00000        56   entry,g         * 

SECTION=C_1
FILE=.\src\smc_gen\r_usb_basic\src\driver\r_usb_cdataio.obj
                                  ffe00056  ffe0006d        18
  _g_usb_pipe_host
                                  ffe00056        18   data ,l         * 
FILE=xprintf
                                  ffe0006e  ffe00077         a
  _fchar$1
                                  ffe0006e         a   data ,l         * 
FILE=xputtxt
                                  ffe00078  ffe0011c        a5
  _spaces
                                  ffe00078        21   data ,l         * 
  _zeroes
                                  ffe00099        21   data ,l         * 
  _asterisk
                                  ffe000ba        21   data ,l         * 
  _plus
                                  ffe000db        21   data ,l         * 
  _minus
                                  ffe000fc        21   data ,l         * 
FILE=xlitob
                                  ffe0011d  ffe0013e        22
  _ldigs
                                  ffe0011d        11   data ,l         * 
  _udigs
                                  ffe0012e        11   data ,l         * 
FILE=localeco
                                  ffe0013f  ffe0013f         1
  _null
                                  ffe0013f         1   data ,l         * 

SECTION=C_2
FILE=.\src\smc_gen\r_bsp\mcu\all\r_bsp_cpu.obj
                                  ffe00140  ffe00145         6
  _s_prcr_masks
                                  ffe00140         6   data ,l         * 
FILE=.\src\smc_gen\r_usb_hcdc\src\r_usb_hcdc_driver.obj
                                  ffe00146  ffe0014d         8
  _g_usb_hcdc_device_tpl
                                  ffe00146         8   data ,g         * 
FILE=xctype
                                  ffe0014e  ffe0034f       202
  _ctyp_tab
                                  ffe0014e       202   data ,l         * 

SECTION=C
FILE=.\src\smc_gen\r_bsp\mcu\all\dbsct.obj
                                  ffe00350  ffe00367        18
  __CTBL
                                  ffe00350        18   data ,g         * 
FILE=_nfiles
                                  ffe00368  ffe0036b         4
  __nfiles
                                  ffe00368         4   data ,g         * 
FILE=xfoprep
                                  ffe0036c  ffe003b3        48
  _init$1
                                  ffe0036c        48   data ,l         * 
FILE=xprintf
                                  ffe003b4  ffe003cb        18
  _fbit$2
                                  ffe003b4        18   data ,l         * 
FILE=xfopen
                                  ffe003cc  ffe003db        10
  _rwacc$1
                                  ffe003cc        10   data ,l         * 
FILE=xldtob
                                  ffe003dc  ffe003f3        18
  _pows
                                  ffe003dc        18   data ,l         * 
FILE=_sbrk_si
                                  ffe003f4  ffe003f7         4
  __sbrk_size
                                  ffe003f4         4   data ,g         * 

SECTION=C$DSEC
FILE=.\src\smc_gen\r_bsp\mcu\all\dbsct.obj
                                  ffe003f8  ffe0043f        48
  __DTBL
                                  ffe003f8        48   data ,g         * 

SECTION=C$BSEC
FILE=.\src\smc_gen\r_bsp\mcu\all\dbsct.obj
                                  ffe00440  ffe0046f        30
  __BTBL
                                  ffe00440        30   data ,g         * 

SECTION=C$VECT
FILE=.\src\smc_gen\r_bsp\mcu\all\resetprg.obj
                                  ffe00470  ffe0086f       400

SECTION=D_1
FILE=.\src\demo_src\r_usb_hcdc_apl.obj
                                  ffe00870  ffe008af        40
FILE=.\src\smc_gen\r_usb_basic\src\driver\r_usb_hdriver.obj
                                  ffe008b0  ffe008b0         1
FILE=.\src\smc_gen\r_usb_basic\src\driver\r_usb_hmanager.obj
                                  ffe008b1  ffe008b1         1
FILE=.\src\smc_gen\r_usb_basic\src\driver\r_usb_usbif_api.obj
                                  ffe008b2  ffe008b2         1
FILE=.\src\smc_gen\r_usb_hcdc\src\r_usb_hcdc_driver.obj
                                  ffe008b3  ffe008b4         2
FILE=xfiles
                                  ffe008b5  ffe00904        50
FILE=xstate
                                  ffe00905  ffe00905         1

SECTION=D
FILE=.\src\smc_gen\r_bsp\mcu\all\lowsrc.obj
                                  ffe00908  ffe0091b        14
FILE=.\src\smc_gen\r_bsp\mcu\all\sbrk.obj
                                  ffe0091c  ffe0091f         4
FILE=.\src\smc_gen\r_usb_basic\src\driver\r_usb_cdataio.obj
                                  ffe00920  ffe00997        78
FILE=.\src\smc_gen\r_usb_basic\src\driver\r_usb_clibusbip.obj
                                  ffe00998  ffe0099b         4
FILE=.\src\smc_gen\r_usb_basic\src\driver\r_usb_hmanager.obj
                                  ffe0099c  ffe009bb        20
FILE=xfiles
                                  ffe009bc  ffe00a93        d8
FILE=xprintf
                                  ffe00a94  ffe00a97         4
FILE=xctype
                                  ffe00a98  ffe00a9f         8
FILE=malloc
                                  ffe00aa0  ffe00aa7         8
FILE=xstate
                                  ffe00aa8  ffe00aef        48
FILE=localeco
                                  ffe00af0  ffe00b43        54
FILE=xwcstate
                                  ffe00b44  ffe00b87        44
FILE=xfvalues
                                  ffe00b88  ffe00bff        78

SECTION=D_2
FILE=.\src\smc_gen\r_usb_basic\src\driver\r_usb_hstdfunction.obj
                                  ffe00c00  ffe00c01         2

SECTION=W_1
FILE=.\src\smc_gen\r_bsp\mcu\all\r_bsp_cpu.obj
                                  ffe00c04  ffe00c13        10

SECTION=W_2
FILE=.\src\smc_gen\r_usb_basic\src\driver\r_usb_hdriver.obj
                                  ffe00c14  ffe00c41        2e

SECTION=L
FILE=.\src\demo_src\r_usb_hcdc_apl.obj
                                  ffe00c44  ffe00e6b       228
FILE=.\src\smc_gen\r_bsp\mcu\all\dbsct.obj
                                  ffe00e6c  ffe00e6f         4
  _deadSpace
                                  ffe00e6c         4   data ,g         * 
FILE=.\src\smc_gen\r_bsp\mcu\all\lowsrc.obj
                                  ffe00e70  ffe00eb1        42
FILE=.\src\smc_gen\r_bsp\mcu\rx65n\mcu_clocks.obj
                                  ffe00eb4  ffe00ebf         c
FILE=.\src\smc_gen\r_usb_basic\src\driver\r_usb_cdataio.obj
                                  ffe00ec0  ffe00eeb        2c
FILE=.\src\smc_gen\r_usb_basic\src\driver\r_usb_clibusbip.obj
                                  ffe00eec  ffe00fdd        f2
FILE=.\src\smc_gen\r_usb_basic\src\driver\r_usb_hcontrolrw.obj
                                  ffe00fe0  ffe01011        32
FILE=.\src\smc_gen\r_usb_basic\src\driver\r_usb_hdriver.obj
                                  ffe01014  ffe01194       181
FILE=.\src\smc_gen\r_usb_basic\src\driver\r_usb_hintfifo.obj
                                  ffe01198  ffe011ca        33
FILE=.\src\smc_gen\r_usb_basic\src\driver\r_usb_hlibusbip.obj
                                  ffe011cc  ffe01207        3c
FILE=.\src\smc_gen\r_usb_basic\src\driver\r_usb_hmanager.obj
                                  ffe01208  ffe01353       14c
FILE=.\src\smc_gen\r_usb_basic\src\hw\r_usb_creg_access.obj
                                  ffe01354  ffe01363        10
FILE=.\src\smc_gen\r_usb_basic\src\hw\r_usb_hreg_abs.obj
                                  ffe01364  ffe013a0        3d
FILE=.\src\smc_gen\r_usb_basic\src\hw\r_usb_hreg_access.obj
                                  ffe013a4  ffe013b2         f
FILE=xprintf
                                  ffe013b4  ffe013ba         7
FILE=xldtob
                                  ffe013bc  ffe013dd        22
FILE=xgenld
                                  ffe013e0  ffe013e1         2
FILE=localeco
                                  ffe013e4  ffe013f0         d

SECTION=P
FILE=.\src\demo_src\main.obj
                                  ffe013f1  ffe013f5         5
  _main
                                  ffe013f1         5   func ,g         * 
FILE=.\src\demo_src\r_usb_hcdc_apl.obj
                                  ffe013f6  ffe0177f       38a
  _parse_serial_state
                                  ffe013f6        a0   func ,g         * 
  _Reset
                                  ffe01496        24   func ,g         * 
  _usb_main
                                  ffe014ba       1dc   func ,g         * 
  _set_control_line_state
                                  ffe01696        29   func ,g         * 
  _set_line_coding
                                  ffe016bf        54   func ,l         * 
  _get_line_coding
                                  ffe01713        2d   func ,g         * 
  _cdc_serial_state
                                  ffe01740        13   func ,l         * 
  _usb_pin_setting
                                  ffe01753         5   func ,l         * 
  _apl_init
                                  ffe01758        28   func ,l         * 
FILE=.\src\smc_gen\general\r_cg_hardware_setup.obj
                                  ffe01780  ffe017c7        48
  _r_undefined_exception
                                  ffe01780         1   func ,g         * 
  _R_Systeminit
                                  ffe01781        47   func ,g         * 
FILE=.\src\smc_gen\general\r_smc_cgc.obj
                                  ffe017c8  ffe017cc         5
  _R_CGC_Create
                                  ffe017c8         5   func ,g         * 
FILE=.\src\smc_gen\general\r_smc_cgc_user.obj
                                  ffe017cd  ffe017cd         1
  _R_CGC_Create_UserInit
                                  ffe017cd         1   func ,g         * 
FILE=.\src\smc_gen\general\r_smc_interrupt.obj
                                  ffe017ce  ffe017ce         1
  _R_Interrupt_Create
                                  ffe017ce         1   func ,g         * 
FILE=.\src\smc_gen\r_bsp\board\generic_rx65n\hwsetup.obj
                                  ffe017cf  ffe0189d        cf
  _hardware_setup
                                  ffe017cf        14   func ,g         * 
  _output_ports_configure
                                  ffe017e3         2   func ,l         * 
  _interrupts_configure
                                  ffe017e5         2   func ,l         * 
  _peripheral_modules_enable
                                  ffe017e7         5   func ,l         * 
  _bsp_adc_initial_configure
                                  ffe017ec        70   func ,l         * 
  _bsp_bsc_initial_configure
                                  ffe0185c        42   func ,l         * 
FILE=.\src\smc_gen\r_bsp\mcu\all\lowlvl.obj
                                  ffe0189e  ffe018d7        3a
  _charput
                                  ffe0189e        1d   func ,g         * 
  _charget
                                  ffe018bb        1d   func ,g         * 
FILE=.\src\smc_gen\r_bsp\mcu\all\lowsrc.obj
                                  ffe018d8  ffe01bbd       2e6
  _init_iolib
                                  ffe018d8        e8   func ,g         * 
  _close_all
                                  ffe019c0        3e   func ,g         * 
  _open
                                  ffe019fe        a7   func ,g         * 
  _close
                                  ffe01aa5         b   func ,g         * 
  _write
                                  ffe01ab0        8c   func ,g         * 
  _read
                                  ffe01b3c        71   func ,g         * 
  _lseek
                                  ffe01bad        11   func ,g         * 
FILE=.\src\smc_gen\r_bsp\mcu\all\r_bsp_common.obj
                                  ffe01bbe  ffe01ceb       12e
  _R_BSP_GetVersion
                                  ffe01bbe         e   func ,g         * 
  _R_BSP_GetIClkFreqHz
                                  ffe01bcc         a   func ,g         * 
  _R_BSP_SoftwareDelay
                                  ffe01bd6       116   func ,g         * 
FILE=.\src\smc_gen\r_bsp\mcu\all\r_bsp_cpu.obj
                                  ffe01cec  ffe01f00       215
  _R_BSP_InterruptsDisable
                                  ffe01cec        17   func ,g         * 
  _R_BSP_InterruptsEnable
                                  ffe01d03        17   func ,g         * 
  _R_BSP_CpuInterruptLevelRead
                                  ffe01d1a        1d   func ,g         * 
  _R_BSP_CpuInterruptLevelWrite
                                  ffe01d37        84   func ,g         * 
  _R_BSP_RegisterProtectEnable
                                  ffe01dbb        84   func ,g         * 
  _R_BSP_RegisterProtectDisable
                                  ffe01e3f        6c   func ,g         * 
  _R_BSP_SoftwareReset
                                  ffe01eab        11   func ,g         * 
  _bsp_register_protect_open
                                  ffe01ebc        22   func ,g         * 
  _bsp_ram_initialize
                                  ffe01ede        23   func ,g         * 
FILE=.\src\smc_gen\r_bsp\mcu\all\r_bsp_interrupts.obj
                                  ffe01f01  ffe027d7       8d7
  _R_BSP_InterruptRequestEnable
                                  ffe01f01        21   func ,g         * 
  _R_BSP_InterruptRequestDisable
                                  ffe01f22        21   func ,g         * 
  _bsp_interrupt_open
                                  ffe01f43        2b   func ,g         * 
  _R_BSP_InterruptWrite
                                  ffe01f6e        77   func ,g         * 
  _R_BSP_InterruptRead
                                  ffe01fe5        51   func ,g         * 
  _R_BSP_InterruptControl
                                  ffe02036        ea   func ,g         * 
  _bsp_fit_interrupts_control
                                  ffe02120        77   func ,l         * 
  _bsp_gr_int_enable_disable
                                  ffe02197       3b7   func ,l         * 
  _excep_supervisor_inst_isr
                                  ffe0254e        17   func ,g         * 
  _excep_access_isr
                                  ffe02565        17   func ,g         * 
  _excep_undefined_inst_isr
                                  ffe0257c        17   func ,g         * 
  _excep_floating_point_isr
                                  ffe02593        29   func ,g         * 
  _non_maskable_isr
                                  ffe025bc       1e7   func ,g         * 
  _undefined_interrupt_source_isr
                                  ffe027a3        17   func ,g         * 
  _bus_error_isr
                                  ffe027ba        1e   func ,g         * 
FILE=.\src\smc_gen\r_bsp\mcu\all\r_bsp_locking.obj
                                  ffe027d8  ffe0283c        65
  _R_BSP_SoftwareLock
                                  ffe027d8        27   func ,g         * 
  _R_BSP_SoftwareUnlock
                                  ffe027ff         e   func ,g         * 
  _R_BSP_HardwareLock
                                  ffe0280d        18   func ,g         * 
  _R_BSP_HardwareUnlock
                                  ffe02825        18   func ,g         * 
FILE=.\src\smc_gen\r_bsp\mcu\all\r_rx_intrinsic_functions.obj
                                  ffe0283d  ffe028db        9f
  _R_BSP_ChangeToUserMode
                                  ffe0283d        20   func ,g         * 
  _R_BSP_SetBPSW
                                  ffe0285d         4   func ,g         * 
  _R_BSP_GetBPSW
                                  ffe02861        13   func ,g         * 
  _R_BSP_SetBPC
                                  ffe02874         4   func ,g         * 
  _R_BSP_GetBPC
                                  ffe02878        13   func ,g         * 
  _R_BSP_SetEXTB
                                  ffe0288b         4   func ,g         * 
  _R_BSP_GetEXTB
                                  ffe0288f        13   func ,g         * 
  _R_BSP_MoveToAccHiLong
                                  ffe028a2         4   func ,g         * 
  _R_BSP_MoveToAccLoLong
                                  ffe028a6         4   func ,g         * 
  _R_BSP_MoveFromAccHiLong
                                  ffe028aa        13   func ,g         * 
  _R_BSP_MoveFromAccMiLong
                                  ffe028bd        13   func ,g         * 
  _R_BSP_BitSet
                                  ffe028d0         4   func ,g         * 
  _R_BSP_BitClear
                                  ffe028d4         4   func ,g         * 
  _R_BSP_BitReverse
                                  ffe028d8         4   func ,g         * 
FILE=.\src\smc_gen\r_bsp\mcu\all\sbrk.obj
                                  ffe028dc  ffe02917        3c
  _sbrk
                                  ffe028dc        3c   func ,g         * 
FILE=.\src\smc_gen\r_bsp\mcu\rx65n\mcu_clocks.obj
                                  ffe02918  ffe02c1c       305
  _get_iclk_freq_hz
                                  ffe02918        d4   func ,g         * 
  _mcu_clock_setup
                                  ffe029ec         4   func ,g         * 
  _operating_frequency_set
                                  ffe029f0        ba   func ,l         * 
  _clock_source_select
                                  ffe02aaa       173   func ,l         * 
FILE=.\src\smc_gen\r_bsp\mcu\rx65n\mcu_init.obj
                                  ffe02c1d  ffe02cc0        a4
  _bsp_non_existent_port_init
                                  ffe02c1d        a4   func ,g         * 
FILE=.\src\smc_gen\r_bsp\mcu\rx65n\mcu_interrupts.obj
                                  ffe02cc1  ffe036cd       a0d
  _bsp_interrupt_enable_disable
                                  ffe02cc1       143   func ,g         * 
  _group_bl0_handler_isr
                                  ffe02e04       374   func ,l         * 
  _group_bl1_handler_isr
                                  ffe03178       2e0   func ,l         * 
  _group_bl2_handler_isr
                                  ffe03458        2e   func ,l         * 
  _group_al0_handler_isr
                                  ffe03486       13c   func ,l         * 
  _group_al1_handler_isr
                                  ffe035c2        a6   func ,l         * 
  _group_be0_handler_isr
                                  ffe03668        66   func ,l         * 
FILE=.\src\smc_gen\r_bsp\mcu\rx65n\mcu_mapped_interrupts.obj
                                  ffe036ce  ffe03b4c       47f
  _bsp_mapped_interrupt_open
                                  ffe036ce       47f   func ,g         * 
FILE=.\src\smc_gen\r_pincfg\Pin.obj
                                  ffe03b4d  ffe03b7f        33
  _R_Pins_Create
                                  ffe03b4d        33   func ,g         * 
FILE=.\src\smc_gen\r_pincfg\r_usb_basic_pinset.obj
                                  ffe03b80  ffe03baa        2b
  _R_USB_PinSet_USB0_HOST
                                  ffe03b80        2b   func ,g         * 
FILE=.\src\smc_gen\r_usb_basic\src\driver\r_usb_cdataio.obj
                                  ffe03bab  ffe03f4a       3a0
  _usb_cstd_debug_hook
                                  ffe03bab         6   func ,g         * 
  _usb_ctrl_read
                                  ffe03bb1        ed   func ,g         * 
  _usb_ctrl_write
                                  ffe03c9e        d1   func ,g         * 
  _usb_ctrl_stop
                                  ffe03d6f        2b   func ,g         * 
  _usb_data_read
                                  ffe03d9a        a5   func ,g         * 
  _usb_data_write
                                  ffe03e3f        84   func ,g         * 
  _usb_data_stop
                                  ffe03ec3        4e   func ,g         * 
  _usb_get_usepipe
                                  ffe03f11        3a   func ,g         * 
FILE=.\src\smc_gen\r_usb_basic\src\driver\r_usb_clibusbip.obj
                                  ffe03f4b  ffe042ef       3a5
  _usb_cstd_nrdy_enable
                                  ffe03f4b        18   func ,g         * 
  _usb_cstd_get_pid
                                  ffe03f63        28   func ,g         * 
  _usb_cstd_get_maxpacket_size
                                  ffe03f8b        43   func ,g         * 
  _usb_cstd_get_pipe_dir
                                  ffe03fce        2f   func ,g         * 
  _usb_cstd_get_pipe_type
                                  ffe03ffd        31   func ,g         * 
  _usb_cstd_do_aclrm
                                  ffe0402e        20   func ,g         * 
  _usb_cstd_set_buf
                                  ffe0404e        e7   func ,g         * 
  _usb_cstd_clr_stall
                                  ffe04135        22   func ,g         * 
  _usb_cstd_port_speed
                                  ffe04157        3f   func ,g         * 
  _usb_set_event
                                  ffe04196        52   func ,g         * 
  _usb_cstd_usb_task
                                  ffe041e8       101   func ,g         * 
  _usb_class_task
                                  ffe042e9         7   func ,g         * 
FILE=.\src\smc_gen\r_usb_basic\src\driver\r_usb_hcontrolrw.obj
                                  ffe042f0  ffe0492e       63f
  _usb_hstd_ctrl_write_start
                                  ffe042f0       11f   func ,g         * 
  _usb_hstd_ctrl_read_start
                                  ffe0440f        ce   func ,g         * 
  _usb_hstd_status_start
                                  ffe044dd        ee   func ,g         * 
  _usb_hstd_ctrl_end
                                  ffe045cb       186   func ,g         * 
  _usb_hstd_setup_start
                                  ffe04751       1de   func ,g         * 
FILE=.\src\smc_gen\r_usb_basic\src\driver\r_usb_hdriver.obj
                                  ffe0492f  ffe05ec0      1592
  _usb_hstd_dev_descriptor
                                  ffe0492f        15   func ,g         * 
  _usb_hstd_con_descriptor
                                  ffe04944        14   func ,g         * 
  _usb_hstd_transfer_start_req
                                  ffe04958        e0   func ,g         * 
  _usb_hstd_device_resume
                                  ffe04a38        15   func ,g         * 
  _usb_hstd_hcd_snd_mbx
                                  ffe04a4d        73   func ,g         * 
  _usb_hstd_mgr_snd_mbx
                                  ffe04ac0        66   func ,g         * 
  _usb_hstd_hcd_rel_mpl
                                  ffe04b26        12   func ,g         * 
  _usb_hstd_suspend
                                  ffe04b38        50   func ,g         * 
  _usb_hstd_set_submitutr
                                  ffe04b88       1b1   func ,l         * 
  _usb_hstd_set_retransfer
                                  ffe04d39        28   func ,l         * 
  _usb_hstd_bus_int_disable
                                  ffe04d61        16   func ,g         * 
  _usb_hstd_interrupt
                                  ffe04d77       29b   func ,l         * 
  _usb_hstd_clr_feature
                                  ffe05012       14f   func ,g         * 
  _usb_hstd_clr_stall
                                  ffe05161        40   func ,g         * 
  _usb_hstd_clr_stall_result
                                  ffe051a1        61   func ,l         * 
  _usb_hstd_hcd_task
                                  ffe05202       464   func ,g         * 
  _usb_hstd_send_start
                                  ffe05666        ca   func ,g         * 
  _usb_hstd_fifo_to_buf
                                  ffe05730        88   func ,g         * 
  _usb_hstd_buf_to_fifo
                                  ffe057b8        85   func ,g         * 
  _usb_class_request_complete
                                  ffe0583d        72   func ,g         * 
  _usb_hstd_transfer_end
                                  ffe058af        7e   func ,g         * 
  _usb_hstd_driver_registration
                                  ffe0592d        ae   func ,g         * 
  _usb_hstd_driver_release
                                  ffe059db        52   func ,g         * 
  _usb_hstd_set_pipe_info
                                  ffe05a2d        6a   func ,g         * 
  _usb_hstd_return_enu_mgr
                                  ffe05a97        22   func ,g         * 
  _usb_hstd_change_device_state
                                  ffe05ab9        c9   func ,g         * 
  _usb_hstd_hcd_open
                                  ffe05b82       1b2   func ,g         * 
  _usb_hstd_dummy_function
                                  ffe05d34         a   func ,g         * 
  _usb_hstd_suspend_complete
                                  ffe05d3e        30   func ,g         * 
  _usb_hstd_resume_complete
                                  ffe05d6e        30   func ,g         * 
  _usb_hstd_device_information
                                  ffe05d9e        be   func ,g         * 
  _usb_host_registration
                                  ffe05e5c        13   func ,g         * 
  _usb_hstd_transfer_start
                                  ffe05e6f        31   func ,g         * 
  _usb_hstd_connect_err_event_set
                                  ffe05ea0        21   func ,g         * 
FILE=.\src\smc_gen\r_usb_basic\src\driver\r_usb_hintfifo.obj
                                  ffe05ec1  ffe061c1       301
  _usb_hstd_brdy_pipe
                                  ffe05ec1       16c   func ,g         * 
  _usb_hstd_nrdy_pipe
                                  ffe0602d        74   func ,g         * 
  _usb_hstd_bemp_pipe
                                  ffe060a1       121   func ,g         * 
FILE=.\src\smc_gen\r_usb_basic\src\driver\r_usb_hinthandler_usbip0.obj
                                  ffe061c2  ffe06263        a2
  _usb_hstd_usb_handler
                                  ffe061c2        62   func ,g         * 
  _usb_hstd_init_usb_message
                                  ffe06224        40   func ,g         * 
FILE=.\src\smc_gen\r_usb_basic\src\driver\r_usb_hlibusbip.obj
                                  ffe06264  ffe06fe5       d82
  _usb_hstd_set_dev_addr
                                  ffe06264        22   func ,g         * 
  _usb_hstd_bchg_enable
                                  ffe06286        10   func ,g         * 
  _usb_hstd_bchg_disable
                                  ffe06296        10   func ,g         * 
  _usb_hstd_set_uact
                                  ffe062a6        10   func ,g         * 
  _usb_hstd_ovrcr_enable
                                  ffe062b6        10   func ,g         * 
  _usb_hstd_ovrcr_disable
                                  ffe062c6        10   func ,g         * 
  _usb_hstd_attch_enable
                                  ffe062d6        10   func ,g         * 
  _usb_hstd_attch_disable
                                  ffe062e6        10   func ,g         * 
  _usb_hstd_dtch_enable
                                  ffe062f6        10   func ,g         * 
  _usb_hstd_dtch_disable
                                  ffe06306        10   func ,g         * 
  _usb_hstd_chk_dev_addr
                                  ffe06316        29   func ,g         * 
  _usb_hstd_get_dev_speed
                                  ffe0633f        29   func ,g         * 
  _usb_hstd_pipe_to_epadr
                                  ffe06368        40   func ,g         * 
  _usb_hstd_pipe2fport
                                  ffe063a8        1d   func ,g         * 
  _usb_hstd_berne_enable
                                  ffe063c5         e   func ,g         * 
  _usb_hstd_sw_reset
                                  ffe063d3        16   func ,g         * 
  _usb_hstd_do_sqtgl
                                  ffe063e9        29   func ,g         * 
  _usb_hstd_get_devsel
                                  ffe06412        44   func ,g         * 
  _usb_hstd_get_device_address
                                  ffe06456        6c   func ,g         * 
  _usb_hstd_write_data
                                  ffe064c2       165   func ,g         * 
  _usb_hstd_receive_start
                                  ffe06627        fe   func ,g         * 
  _usb_hstd_read_data
                                  ffe06725       150   func ,g         * 
  _usb_hstd_data_end
                                  ffe06875       143   func ,g         * 
  _usb_hstd_brdy_pipe_process
                                  ffe069b8        a6   func ,g         * 
  _usb_hstd_nrdy_pipe_process
                                  ffe06a5e        9b   func ,g         * 
  _usb_hstd_bemp_pipe_process
                                  ffe06af9       136   func ,g         * 
  _usb_hstd_make_pipe_reg_info
                                  ffe06c2f       10e   func ,g         * 
  _usb_hstd_clr_pipe_table
                                  ffe06d3d        b0   func ,g         * 
  _usb_hstd_clr_pipe_table_ip
                                  ffe06ded        88   func ,g         * 
  _usb_hstd_set_pipe_reg
                                  ffe06e75        8d   func ,g         * 
  _usb_hstd_get_pipe_no
                                  ffe06f02        8b   func ,g         * 
  _usb_hstd_get_pipe_peri_value
                                  ffe06f8d        59   func ,g         * 
FILE=.\src\smc_gen\r_usb_basic\src\driver\r_usb_hmanager.obj
                                  ffe06fe6  ffe09088      20a3
  _usb_hstd_mgr_rel_mpl
                                  ffe06fe6        1d   func ,l         * 
  _usb_hstd_mgr_chgdevst_cb
                                  ffe07003        40   func ,l         * 
  _usb_hstd_enumeration
                                  ffe07043       3a8   func ,l         * 
  _usb_hstd_enumeration_err
                                  ffe073eb         6   func ,l         * 
  _usb_hstd_chk_device_class
                                  ffe073f1       2c9   func ,l         * 
  _usb_hstd_notif_ator_detach
                                  ffe076ba        16   func ,g         * 
  _usb_hstd_ovcr_notifiation
                                  ffe076d0        12   func ,g         * 
  _usb_hstd_status_result
                                  ffe076e2        18   func ,g         * 
  _usb_hstd_submit_result
                                  ffe076fa        18   func ,g         * 
  _usb_hstd_enum_get_descriptor
                                  ffe07712       3a8   func ,g         * 
  _usb_hstd_enum_set_address
                                  ffe07aba       14d   func ,g         * 
  _usb_hstd_enum_set_configuration
                                  ffe07c07       14d   func ,g         * 
  _usb_hstd_enum_dummy_request
                                  ffe07d54         a   func ,g         * 
  _usb_hstd_mgr_suspend
                                  ffe07d5e        a0   func ,g         * 
  _usb_hstd_device_state_ctrl
                                  ffe07dfe        2e   func ,g         * 
  _usb_hstd_device_state_ctrl2
                                  ffe07e2c        38   func ,g         * 
  _usb_hstd_mgr_reset
                                  ffe07e64        2b   func ,g         * 
  _usb_hstd_mgr_resume
                                  ffe07e8f        65   func ,g         * 
  _usb_hstd_susp_cont
                                  ffe07ef4        ca   func ,l         * 
  _usb_hstd_resu_cont
                                  ffe07fbe       1a5   func ,l         * 
  _usb_hstd_chk_remote
                                  ffe08163        22   func ,l         * 
  _usb_hstd_cmd_submit
                                  ffe08185        d7   func ,l         * 
  _usb_hstd_set_feature
                                  ffe0825c        a3   func ,g         * 
  _usb_hstd_get_config_desc
                                  ffe082ff        ce   func ,g         * 
  _usb_hstd_std_req_check
                                  ffe083cd        2c   func ,g         * 
  _usb_hstd_get_string_desc
                                  ffe083f9        f8   func ,g         * 
  _usb_hstd_mgr_task
                                  ffe084f1       923   func ,g         * 
  _usb_hstd_mgr_open
                                  ffe08e14       275   func ,g         * 
FILE=.\src\smc_gen\r_usb_basic\src\driver\r_usb_hscheduler.obj
                                  ffe09089  ffe095a9       521
  _usb_cstd_rec_msg
                                  ffe09089        4b   func ,g         * 
  _usb_cstd_snd_msg
                                  ffe090d4        1e   func ,g         * 
  _usb_cstd_isnd_msg
                                  ffe090f2        97   func ,g         * 
  _usb_cstd_pget_blk
                                  ffe09189        5a   func ,g         * 
  _usb_cstd_rel_blk
                                  ffe091e3        4b   func ,g         * 
  _usb_cstd_wai_msg
                                  ffe0922e        6a   func ,g         * 
  _usb_cstd_wait_scheduler
                                  ffe09298        9d   func ,g         * 
  _usb_cstd_sche_init
                                  ffe09335       173   func ,g         * 
  _usb_cstd_scheduler
                                  ffe094a8        ac   func ,g         * 
  _usb_cstd_set_task_pri
                                  ffe09554        3a   func ,g         * 
  _usb_cstd_check_schedule
                                  ffe0958e        1c   func ,g         * 
FILE=.\src\smc_gen\r_usb_basic\src\driver\r_usb_hsignal.obj
                                  ffe095aa  ffe0963e        95
  _usb_hstd_vbus_control
                                  ffe095aa        19   func ,g         * 
  _usb_hstd_suspend_process
                                  ffe095c3        44   func ,g         * 
  _usb_hstd_attach
                                  ffe09607        1c   func ,g         * 
  _usb_hstd_detach
                                  ffe09623        1c   func ,g         * 
FILE=.\src\smc_gen\r_usb_basic\src\driver\r_usb_hstdfunction.obj
                                  ffe0963f  ffe09794       156
  _usb_hstd_bchg0function
                                  ffe0963f        78   func ,g         * 
  _usb_hstd_ls_connect_function
                                  ffe096b7        14   func ,g         * 
  _usb_hstd_attach_function
                                  ffe096cb         8   func ,g         * 
  _usb_hstd_ovrcr0function
                                  ffe096d3         a   func ,g         * 
  _usb_hdriver_init
                                  ffe096dd        a5   func ,g         * 
  _usb_class_driver_start
                                  ffe09782        13   func ,g         * 
FILE=.\src\smc_gen\r_usb_basic\src\driver\r_usb_usbif_api.obj
                                  ffe09795  ffe0a634       ea0
  _R_USB_GetVersion
                                  ffe09795        10   func ,g         * 
  _R_USB_GetEvent
                                  ffe097a5        65   func ,g         * 
  _R_USB_Open
                                  ffe0980a       2c6   func ,g         * 
  _R_USB_Close
                                  ffe09ad0        c9   func ,g         * 
  _R_USB_Read
                                  ffe09b99       14c   func ,g         * 
  _R_USB_Write
                                  ffe09ce5       14d   func ,g         * 
  _R_USB_Stop
                                  ffe09e32       174   func ,g         * 
  _R_USB_Suspend
                                  ffe09fa6        da   func ,g         * 
  _R_USB_Resume
                                  ffe0a080       10b   func ,g         * 
  _R_USB_VbusSetting
                                  ffe0a18b        99   func ,g         * 
  _R_USB_GetInformation
                                  ffe0a224       1ad   func ,g         * 
  _R_USB_PipeRead
                                  ffe0a3d1        10   func ,g         * 
  _R_USB_PipeWrite
                                  ffe0a3e1        10   func ,g         * 
  _R_USB_PipeStop
                                  ffe0a3f1         b   func ,g         * 
  _R_USB_GetUsePipe
                                  ffe0a3fc        f9   func ,g         * 
  _R_USB_GetPipeInfo
                                  ffe0a4f5       135   func ,g         * 
  _R_USB_PullUp
                                  ffe0a62a         b   func ,g         * 
FILE=.\src\smc_gen\r_usb_basic\src\hw\r_usb_creg_abs.obj
                                  ffe0a635  ffe0a9a9       375
  _usb_cstd_get_buf_size
                                  ffe0a635        55   func ,g         * 
  _usb_cstd_pipe_init
                                  ffe0a68a       15b   func ,g         * 
  _usb_cstd_clr_pipe_cnfg
                                  ffe0a7e5        ae   func ,g         * 
  _usb_cstd_set_nak
                                  ffe0a893        3a   func ,g         * 
  _usb_cstd_is_set_frdy
                                  ffe0a8cd        5f   func ,g         * 
  _usb_cstd_chg_curpipe
                                  ffe0a92c        42   func ,g         * 
  _usb_cstd_set_transaction_counter
                                  ffe0a96e        24   func ,g         * 
  _usb_cstd_clr_transaction_counter
                                  ffe0a992        18   func ,g         * 
FILE=.\src\smc_gen\r_usb_basic\src\hw\r_usb_creg_access.obj
                                  ffe0a9aa  ffe0b3b0       a07
  _hw_usb_read_syscfg
                                  ffe0a9aa        18   func ,g         * 
  _hw_usb_write_syscfg
                                  ffe0a9c2         e   func ,g         * 
  _hw_usb_clear_dcfm
                                  ffe0a9d0        19   func ,g         * 
  _hw_usb_clear_drpd
                                  ffe0a9e9        11   func ,g         * 
  _hw_usb_set_usbe
                                  ffe0a9fa        16   func ,g         * 
  _hw_usb_clear_usbe
                                  ffe0aa10        19   func ,g         * 
  _hw_usb_read_syssts
                                  ffe0aa29        19   func ,g         * 
  _hw_usb_read_dvstctr
                                  ffe0aa42        19   func ,g         * 
  _hw_usb_write_dvstctr
                                  ffe0aa5b         e   func ,g         * 
  _hw_usb_rmw_dvstctr
                                  ffe0aa69        30   func ,g         * 
  _hw_usb_clear_dvstctr
                                  ffe0aa99        16   func ,g         * 
  _hw_usb_set_vbout
                                  ffe0aaaf         e   func ,g         * 
  _hw_usb_clear_vbout
                                  ffe0aabd        11   func ,g         * 
  _hw_usb_read_fifo16
                                  ffe0aace        45   func ,g         * 
  _hw_usb_write_fifo16
                                  ffe0ab13        49   func ,g         * 
  _hw_usb_write_fifo8
                                  ffe0ab5c        49   func ,g         * 
  _hw_usb_get_fifosel_adr
                                  ffe0aba5        3f   func ,l         * 
  _hw_usb_read_fifosel
                                  ffe0abe4        18   func ,g         * 
  _hw_usb_rmw_fifosel
                                  ffe0abfc        37   func ,g         * 
  _hw_usb_set_dclrm
                                  ffe0ac33        19   func ,g         * 
  _hw_usb_clear_dclrm
                                  ffe0ac4c        1c   func ,g         * 
  _hw_usb_set_dreqe
                                  ffe0ac68        42   func ,g         * 
  _hw_usb_clear_dreqe
                                  ffe0acaa        1c   func ,g         * 
  _hw_usb_set_mbw
                                  ffe0acc6        5f   func ,g         * 
  _hw_usb_set_curpipe
                                  ffe0ad25        67   func ,g         * 
  _hw_usb_get_fifoctr_adr
                                  ffe0ad8c        3f   func ,l         * 
  _hw_usb_read_fifoctr
                                  ffe0adcb        18   func ,g         * 
  _hw_usb_set_bval
                                  ffe0ade3        19   func ,g         * 
  _hw_usb_set_bclr
                                  ffe0adfc        17   func ,g         * 
  _hw_usb_write_intenb
                                  ffe0ae13        18   func ,g         * 
  _hw_usb_set_intenb
                                  ffe0ae2b        1c   func ,g         * 
  _hw_usb_clear_enb_vbse
                                  ffe0ae47        10   func ,g         * 
  _hw_usb_clear_enb_sofe
                                  ffe0ae57        11   func ,g         * 
  _hw_usb_write_brdyenb
                                  ffe0ae68         e   func ,g         * 
  _hw_usb_set_brdyenb
                                  ffe0ae76        21   func ,g         * 
  _hw_usb_clear_brdyenb
                                  ffe0ae97        22   func ,g         * 
  _hw_usb_write_nrdyenb
                                  ffe0aeb9         e   func ,g         * 
  _hw_usb_set_nrdyenb
                                  ffe0aec7        21   func ,g         * 
  _hw_usb_clear_nrdyenb
                                  ffe0aee8        22   func ,g         * 
  _hw_usb_write_bempenb
                                  ffe0af0a         e   func ,g         * 
  _hw_usb_set_bempenb
                                  ffe0af18        37   func ,g         * 
  _hw_usb_clear_bempenb
                                  ffe0af4f        22   func ,g         * 
  _hw_usb_set_sofcfg
                                  ffe0af71         8   func ,g         * 
  _hw_usb_write_intsts
                                  ffe0af79        18   func ,g         * 
  _hw_usb_clear_sts_sofr
                                  ffe0af91         d   func ,g         * 
  _hw_usb_read_brdysts
                                  ffe0af9e         e   func ,g         * 
  _hw_usb_write_brdysts
                                  ffe0afac         f   func ,g         * 
  _hw_usb_clear_sts_brdy
                                  ffe0afbb        20   func ,g         * 
  _hw_usb_write_nrdy_sts
                                  ffe0afdb         f   func ,g         * 
  _hw_usb_clear_status_nrdy
                                  ffe0afea        20   func ,g         * 
  _hw_usb_write_bempsts
                                  ffe0b00a         f   func ,g         * 
  _hw_usb_clear_status_bemp
                                  ffe0b019        20   func ,g         * 
  _hw_usb_read_frmnum
                                  ffe0b039        19   func ,g         * 
  _hw_usb_read_dcpcfg
                                  ffe0b052        19   func ,g         * 
  _hw_usb_write_dcpcfg
                                  ffe0b06b        18   func ,g         * 
  _hw_usb_read_dcpmaxp
                                  ffe0b083        19   func ,g         * 
  _hw_usb_write_dcpmxps
                                  ffe0b09c        18   func ,g         * 
  _hw_usb_write_pipesel
                                  ffe0b0b4        18   func ,g         * 
  _hw_usb_read_pipecfg
                                  ffe0b0cc        19   func ,g         * 
  _hw_usb_write_pipecfg
                                  ffe0b0e5        18   func ,g         * 
  _hw_usb_read_pipemaxp
                                  ffe0b0fd        19   func ,g         * 
  _hw_usb_write_pipemaxp
                                  ffe0b116        18   func ,g         * 
  _hw_usb_write_pipeperi
                                  ffe0b12e        18   func ,g         * 
  _hw_usb_read_pipectr
                                  ffe0b146        30   func ,g         * 
  _hw_usb_write_pipectr
                                  ffe0b176        2b   func ,g         * 
  _hw_usb_set_csclr
                                  ffe0b1a1        25   func ,g         * 
  _hw_usb_set_aclrm
                                  ffe0b1c6        25   func ,g         * 
  _hw_usb_clear_aclrm
                                  ffe0b1eb        28   func ,g         * 
  _hw_usb_set_sqclr
                                  ffe0b213        47   func ,g         * 
  _hw_usb_set_sqset
                                  ffe0b25a        47   func ,g         * 
  _hw_usb_set_pid
                                  ffe0b2a1        3f   func ,g         * 
  _hw_usb_clear_pid
                                  ffe0b2e0        36   func ,g         * 
  _hw_usb_set_trenb
                                  ffe0b316        26   func ,g         * 
  _hw_usb_clear_trenb
                                  ffe0b33c        29   func ,g         * 
  _hw_usb_set_trclr
                                  ffe0b365        26   func ,g         * 
  _hw_usb_write_pipetrn
                                  ffe0b38b        26   func ,g         * 
FILE=.\src\smc_gen\r_usb_basic\src\hw\r_usb_hreg_abs.obj
                                  ffe0b3b1  ffe0bc56       8a6
  _usb_hstd_set_hub_port
                                  ffe0b3b1         c   func ,g         * 
  _usb_hstd_interrupt_handler
                                  ffe0b3bd       2b2   func ,g         * 
  _usb_hstd_chk_attach
                                  ffe0b66f        3a   func ,g         * 
  _usb_hstd_chk_clk
                                  ffe0b6a9        44   func ,g         * 
  _usb_hstd_detach_process
                                  ffe0b6ed        ea   func ,g         * 
  _usb_hstd_read_lnst
                                  ffe0b7d7        5d   func ,g         * 
  _usb_hstd_attach_process
                                  ffe0b834        5a   func ,g         * 
  _usb_hstd_chk_sof
                                  ffe0b88e         c   func ,g         * 
  _usb_hstd_bus_reset
                                  ffe0b89a        83   func ,g         * 
  _usb_hstd_resume_process
                                  ffe0b91d        3f   func ,g         * 
  _usb_hstd_support_speed_check
                                  ffe0b95c        3f   func ,g         * 
  _usb_hstd_write_fifo
                                  ffe0b99b        65   func ,g         * 
  _usb_hstd_read_fifo
                                  ffe0ba00        56   func ,g         * 
  _usb_hstd_forced_termination
                                  ffe0ba56       179   func ,g         * 
  _usb_hstd_get_usb_ip_adr
                                  ffe0bbcf        14   func ,g         * 
  _usb_hstd_nrdy_endprocess
                                  ffe0bbe3        74   func ,g         * 
FILE=.\src\smc_gen\r_usb_basic\src\hw\r_usb_hreg_access.obj
                                  ffe0bc57  ffe0c00c       3b6
  _hw_usb_hset_rwupe
                                  ffe0bc57         e   func ,g         * 
  _hw_usb_hclear_rwupe
                                  ffe0bc65        11   func ,g         * 
  _hw_usb_hset_resume
                                  ffe0bc76         e   func ,g         * 
  _hw_usb_hclear_resume
                                  ffe0bc84        11   func ,g         * 
  _hw_usb_hset_uact
                                  ffe0bc95         e   func ,g         * 
  _hw_usb_hclear_uact
                                  ffe0bca3        11   func ,g         * 
  _hw_usb_hwrite_intenb
                                  ffe0bcb4         e   func ,g         * 
  _hw_usb_hset_enb_ovrcre
                                  ffe0bcc2         e   func ,g         * 
  _hw_usb_hclear_enb_ovrcre
                                  ffe0bcd0        10   func ,g         * 
  _hw_usb_hset_enb_bchge
                                  ffe0bce0         e   func ,g         * 
  _hw_usb_hclear_enb_bchge
                                  ffe0bcee        11   func ,g         * 
  _hw_usb_hset_enb_dtche
                                  ffe0bcff         e   func ,g         * 
  _hw_usb_hclear_enb_dtche
                                  ffe0bd0d        11   func ,g         * 
  _hw_usb_hset_enb_attche
                                  ffe0bd1e         e   func ,g         * 
  _hw_usb_hclear_enb_attche
                                  ffe0bd2c        11   func ,g         * 
  _hw_usb_hset_enb_signe
                                  ffe0bd3d         e   func ,g         * 
  _hw_usb_hset_enb_sacke
                                  ffe0bd4b         e   func ,g         * 
  _hw_usb_hset_enb_pddetinte
                                  ffe0bd59         6   func ,g         * 
  _hw_usb_hwrite_intsts
                                  ffe0bd5f         f   func ,g         * 
  _hw_usb_hclear_sts_ovrcr
                                  ffe0bd6e         d   func ,g         * 
  _hw_usb_hclear_sts_bchg
                                  ffe0bd7b         d   func ,g         * 
  _hw_usb_hclear_sts_dtch
                                  ffe0bd88         d   func ,g         * 
  _hw_usb_hclear_sts_attch
                                  ffe0bd95         d   func ,g         * 
  _hw_usb_hclear_sts_sign
                                  ffe0bda2         d   func ,g         * 
  _hw_usb_hclear_sts_sack
                                  ffe0bdaf         d   func ,g         * 
  _hw_usb_hclear_sts_pddetint
                                  ffe0bdbc         6   func ,g         * 
  _hw_usb_hwrite_usbreq
                                  ffe0bdc2         f   func ,g         * 
  _hw_usb_hset_usbval
                                  ffe0bdd1         f   func ,g         * 
  _hw_usb_hset_usbindx
                                  ffe0bde0         f   func ,g         * 
  _hw_usb_hset_usbleng
                                  ffe0bdef         f   func ,g         * 
  _hw_usb_hwrite_dcpctr
                                  ffe0bdfe         f   func ,g         * 
  _hw_usb_hset_sureq
                                  ffe0be0d        2e   func ,g         * 
  _hw_usb_hread_devadd
                                  ffe0be3b        3c   func ,g         * 
  _hw_usb_hrmw_devadd
                                  ffe0be77        44   func ,g         * 
  _hw_usb_hset_usbspd
                                  ffe0bebb        35   func ,g         * 
  _hw_usb_hset_dcpmode
                                  ffe0bef0         6   func ,g         * 
  _hw_usb_hmodule_init
                                  ffe0bef6       109   func ,g         * 
  _hw_usb_hset_trnensel
                                  ffe0bfff         e   func ,g         * 
FILE=.\src\smc_gen\r_usb_basic\src\hw\r_usb_rx_mcu.obj
                                  ffe0c00d  ffe0c2cb       2bf
  _usb_module_start
                                  ffe0c00d        56   func ,g         * 
  _usb_module_stop
                                  ffe0c063       176   func ,g         * 
  _usb_cpu_usbint_init
                                  ffe0c1d9        44   func ,g         * 
  _usb_cpu_delay_1us
                                  ffe0c21d        11   func ,g         * 
  _usb_cpu_delay_xms
                                  ffe0c22e        10   func ,g         * 
  _usb_cpu_int_enable
                                  ffe0c23e         8   func ,g         * 
  _usb_cpu_int_disable
                                  ffe0c246         8   func ,g         * 
  _usb_chattaring
                                  ffe0c24e        4f   func ,g         * 
  _usbfs_usbi_isr
                                  ffe0c29d        20   func ,l         * 
  _usb_check_use_usba_module
                                  ffe0c2bd         f   func ,g         * 
FILE=.\src\smc_gen\r_usb_hcdc\src\r_usb_hcdc_driver.obj
                                  ffe0c2cc  ffe0c97d       6b2
  _usb_hcdc_enumeration
                                  ffe0c2cc       1d6   func ,g         * 
  _usb_hcdc_check_result
                                  ffe0c4a2        5c   func ,l         * 
  _usb_hcdc_task
                                  ffe0c4fe        43   func ,g         * 
  _usb_hcdc_pipe_info
                                  ffe0c541        d8   func ,g         * 
  _usb_hcdc_configured
                                  ffe0c619        26   func ,g         * 
  _usb_hcdc_detach
                                  ffe0c63f        26   func ,g         * 
  _usb_hcdc_read_complete
                                  ffe0c665        72   func ,g         * 
  _usb_hcdc_write_complete
                                  ffe0c6d7        3b   func ,g         * 
  _usb_hcdc_registration
                                  ffe0c712        4a   func ,g         * 
  _usb_hcdc_init
                                  ffe0c75c        8a   func ,l         * 
  _usb_hcdc_class_check
                                  ffe0c7e6        aa   func ,g         * 
  _usb_hcdc_set_pipe_registration
                                  ffe0c890        71   func ,g         * 
  _usb_hcdc_driver_start
                                  ffe0c901        7d   func ,g         * 
FILE=freopen
                                  ffe0c97e  ffe0c9aa        2d
  _freopen
                                  ffe0c97e        2d   func ,g         * 
FILE=fclose
                                  ffe0c9ab  ffe0c9fe        54
  _fclose
                                  ffe0c9ab        54   func ,g         * 
FILE=printf
                                  ffe0c9ff  ffe0ca38        3a
  _prout
                                  ffe0c9ff        1d   func ,l         * 
  _printf
                                  ffe0ca1c        1d   func ,g         * 
FILE=__COM_DIV64u
                                  ffe0ca39  ffe0cad1        99
  __COM_DIV64u
                                  ffe0ca39         0   none ,g         * 
  _Loop_Init
                                  ffe0ca43         0   none ,l         * 
  _Loop
                                  ffe0ca4b         0   none ,l         * 
  _DivStart
                                  ffe0ca57         0   none ,l         * 
  _Success
                                  ffe0ca65         0   none ,l         * 
  _DivEnd
                                  ffe0ca71         0   none ,l         * 
  IXI6DIV
                                  ffe0ca76         0   none ,l         * 
  IXI4DIV
                                  ffe0ca88         0   none ,l         * 
  IXI2DIV
                                  ffe0ca98         0   none ,l         * 
  I8I2DIV
                                  ffe0caa0         0   none ,l         * 
  I4I2DIV
                                  ffe0cace         0   none ,l         * 
  _i8divU_End
                                  ffe0cad1         0   none ,l         * 
FILE=__initsct
                                  ffe0cad2  ffe0cb1b        4a
  __INITSCT
                                  ffe0cad2         0   none ,g         * 
  loop1
                                  ffe0cae4         0   none ,l         * 
  next_loop1
                                  ffe0caf2         0   none ,l         * 
  loop3
                                  ffe0cb04         0   none ,l         * 
  next_loop3
                                  ffe0cb15         0   none ,l         * 
FILE=fwrite
                                  ffe0cb1c  ffe0cbf1        d6
  _fwrite
                                  ffe0cb1c        d6   func ,g         * 
FILE=fflush
                                  ffe0cbf2  ffe0cc73        82
  _fflush
                                  ffe0cbf2        82   func ,g         * 
FILE=xfoprep
                                  ffe0cc74  ffe0cd45        d2
  __Foprep
                                  ffe0cc74        d2   func ,g         * 
FILE=xfofind
                                  ffe0cd46  ffe0cdd2        8d
  __Fofind
                                  ffe0cd46        44   func ,g         * 
  __Fofree
                                  ffe0cd8a        49   func ,g         * 
FILE=xprintf
                                  ffe0cdd3  ffe0d022       250
  __Printf
                                  ffe0cdd3       250   func ,g         * 
FILE=free
                                  ffe0d023  ffe0d0a4        82
  _free
                                  ffe0d023        82   func ,g         * 
FILE=xfwprep
                                  ffe0d0a5  ffe0d13c        98
  __Fwprep
                                  ffe0d0a5        98   func ,g         * 
FILE=xputfld
                                  ffe0d13d  ffe0d59e       462
  __Putfld
                                  ffe0d13d       462   func ,g         * 
FILE=xfopen
                                  ffe0d59f  ffe0d5ce        30
  __Fopen
                                  ffe0d59f        30   func ,g         * 
FILE=xvacopy
                                  ffe0d5cf  ffe0d5d1         3
  __Vacopy
                                  ffe0d5cf         3   func ,g         * 
FILE=xputtxt
                                  ffe0d5d2  ffe0d829       258
  __Puttxt
                                  ffe0d5d2       258   func ,g         * 
FILE=strchr
                                  ffe0d82a  ffe0d83c        13
  _strchr
                                  ffe0d82a        13   func ,g         * 
FILE=xctype
                                  ffe0d83d  ffe0d852        16
  __Getpctype
                                  ffe0d83d        16   func ,g         * 
FILE=malloc
                                  ffe0d853  ffe0d92d        db
  _findmem
                                  ffe0d853        79   func ,l         * 
  _malloc
                                  ffe0d8cc        62   func ,g         * 
FILE=xldtob
                                  ffe0d92e  ffe0dd04       3d7
  __Ldtob
                                  ffe0d92e       3d7   func ,g         * 
FILE=xputstr
                                  ffe0dd05  ffe0dde0        dc
  __Putstr
                                  ffe0dd05        dc   func ,g         * 
FILE=xlitob
                                  ffe0dde1  ffe0deeb       10b
  __Litob
                                  ffe0dde1       10b   func ,g         * 
FILE=xgetmem
                                  ffe0deec  ffe0df06        1b
  __Getmem
                                  ffe0deec        1b   func ,g         * 
FILE=xgenld
                                  ffe0df07  ffe0e18f       289
  __Genld
                                  ffe0df07       289   func ,g         * 
FILE=xwctomb
                                  ffe0e190  ffe0e2d6       147
  __Wctombx
                                  ffe0e190       103   func ,g         * 
  __Wctomb
                                  ffe0e293        44   func ,g         * 
FILE=xstate
                                  ffe0e2d7  ffe0e308        32
  __Getmbcurmax
                                  ffe0e2d7        16   func ,g         * 
  __Getpmbstate
                                  ffe0e2ed        1c   func ,g         * 
FILE=xldscale
                                  ffe0e309  ffe0e30c         4
  __LDscale
                                  ffe0e309         4   func ,g         * 
FILE=xldunsca
                                  ffe0e30d  ffe0e310         4
  __LDunscale
                                  ffe0e30d         4   func ,g         * 
FILE=__COM_MOD64u
                                  ffe0e311  ffe0e397        87
  __COM_MOD64u
                                  ffe0e311         0   none ,g         * 
  _Loop_Init
                                  ffe0e31b         0   none ,l         * 
  _Loop
                                  ffe0e31f         0   none ,l         * 
  _DivStart
                                  ffe0e32b         0   none ,l         * 
  _Success
                                  ffe0e339         0   none ,l         * 
  _DivEnd
                                  ffe0e341         0   none ,l         * 
  IXI6DIV
                                  ffe0e342         0   none ,l         * 
  IXI4DIV
                                  ffe0e354         0   none ,l         * 
  IXI2DIV
                                  ffe0e364         0   none ,l         * 
  I8I2DIV
                                  ffe0e36c         0   none ,l         * 
  I4I2DIV
                                  ffe0e38c         0   none ,l         * 
FILE=_div
                                  ffe0e398  ffe0e3a3         c
  _ldiv
                                  ffe0e398         0   none ,g         * 
  _div
                                  ffe0e398         0   none ,g         * 
FILE=localeco
                                  ffe0e3a4  ffe0e3aa         7
  _localeconv
                                  ffe0e3a4         7   func ,g         * 
FILE=xwcstate
                                  ffe0e3ab  ffe0e3c6        1c
  __Getpwcstate
                                  ffe0e3ab        1c   func ,g         * 
FILE=xfdscale
                                  ffe0e3c7  ffe0e4d3       10d
  __FDscale
                                  ffe0e3c7       10d   func ,g         * 
FILE=xfdunsca
                                  ffe0e4d4  ffe0e528        55
  __FDunscale
                                  ffe0e4d4        55   func ,g         * 
FILE=xfdnorm
                                  ffe0e529  ffe0e591        69
  __FDnorm
                                  ffe0e529        69   func ,g         * 

SECTION=EXCEPTVECT
FILE=.\src\smc_gen\r_bsp\mcu\rx65n\vecttbl.obj
                                  ffffff80  fffffffb        7c
  _Except_Vectors
                                  ffffff80        7c   data ,g         * 

SECTION=RESETVECT
FILE=.\src\smc_gen\r_bsp\mcu\rx65n\vecttbl.obj
                                  fffffffc  ffffffff         4
  _Reset_Vector
                                  fffffffc         4   data ,g         * 

*** Unfilled Areas ***

AREA                                START    END

*** Delete Symbols ***

SYMBOL                                SIZE    INFO
